BL51 BANKED LINKER/LOCATER V6.22                                                        07/26/2018  17:42:19  PAGE 1


BL51 BANKED LINKER/LOCATER V6.22, INVOKED BY:
E:\KEIL_V5\C51\BIN\BL51.EXE .\Output\STARTUP.obj, .\Output\uart.obj, .\Output\config.obj, .\Output\ds1302.obj, .\Output\
>> delay.obj, .\Output\FD612Drv_double.obj, .\Output\FD612Drv_demo.obj, .\Output\FD616.obj, .\Output\main.obj, .\Output\
>> usr.obj TO .\Output\pro PRINT (.\list\pro.m51) RAMSIZE (256)


MEMORY MODEL: LARGE WITH FLOATING POINT ARITHMETIC


INPUT MODULES INCLUDED:
  .\Output\STARTUP.obj (?C_STARTUP)
  .\Output\uart.obj (UART)
  .\Output\config.obj (CONFIG)
  .\Output\ds1302.obj (DS1302)
  .\Output\delay.obj (DELAY)
  .\Output\FD612Drv_double.obj (FD612DRV_DOUBLE)
  .\Output\FD612Drv_demo.obj (FD612DRV_DEMO)
  .\Output\FD616.obj (FD616)
  .\Output\main.obj (MAIN)
  .\Output\usr.obj (USR)
  E:\KEIL_V5\C51\LIB\C51FPL.LIB (?C?FPADD)
  E:\KEIL_V5\C51\LIB\C51FPL.LIB (?C?FPMUL)
  E:\KEIL_V5\C51\LIB\C51FPL.LIB (?C?FPDIV)
  E:\KEIL_V5\C51\LIB\C51FPL.LIB (?C?FCAST)
  E:\KEIL_V5\C51\LIB\C51FPL.LIB (?C?CASTF)
  E:\KEIL_V5\C51\LIB\C51FPL.LIB (LOG)
  E:\KEIL_V5\C51\LIB\C51FPL.LIB (VSPRINTF)
  E:\KEIL_V5\C51\LIB\C51FPL.LIB (?C?FPGETOPN)
  E:\KEIL_V5\C51\LIB\C51FPL.LIB (PRINTF)
  E:\KEIL_V5\C51\LIB\C51FPL.LIB (?C?FPSERIES)
  E:\KEIL_V5\C51\LIB\C51FPL.LIB (?C?FPROUND)
  E:\KEIL_V5\C51\LIB\C51FPL.LIB (?C?FPCONVERT)
  E:\KEIL_V5\C51\LIB\C51FPL.LIB (?C?FTNPWR)
  E:\KEIL_V5\C51\LIB\C51L.LIB (?C_INIT)
  E:\KEIL_V5\C51\LIB\C51L.LIB (?C?CLDPTR)
  E:\KEIL_V5\C51\LIB\C51L.LIB (?C?CLDOPTR)
  E:\KEIL_V5\C51\LIB\C51L.LIB (?C?CILDPTR)
  E:\KEIL_V5\C51\LIB\C51L.LIB (?C?CILDOPTR)
  E:\KEIL_V5\C51\LIB\C51L.LIB (?C?CSTPTR)
  E:\KEIL_V5\C51\LIB\C51L.LIB (?C?CSTOPTR)
  E:\KEIL_V5\C51\LIB\C51L.LIB (?C?UIDIV)
  E:\KEIL_V5\C51\LIB\C51L.LIB (?C?ILDIX)
  E:\KEIL_V5\C51\LIB\C51L.LIB (?C?LMUL)
  E:\KEIL_V5\C51\LIB\C51L.LIB (?C?ULDIV)
  E:\KEIL_V5\C51\LIB\C51L.LIB (?C?LNEG)
  E:\KEIL_V5\C51\LIB\C51L.LIB (?C?ULCMP)
  E:\KEIL_V5\C51\LIB\C51L.LIB (?C?LLDCODE)
  E:\KEIL_V5\C51\LIB\C51L.LIB (?C?LLDXDATA0)
  E:\KEIL_V5\C51\LIB\C51L.LIB (?C?LLDCODE0)
  E:\KEIL_V5\C51\LIB\C51L.LIB (?C?LSTXDATA)
  E:\KEIL_V5\C51\LIB\C51L.LIB (?C?LSTKXDATA)
  E:\KEIL_V5\C51\LIB\C51L.LIB (?C?OFFXADD)
  E:\KEIL_V5\C51\LIB\C51L.LIB (?C?PLDIXDATA)
  E:\KEIL_V5\C51\LIB\C51L.LIB (?C?PSTXDATA)
  E:\KEIL_V5\C51\LIB\C51L.LIB (?C?PLDPTR)
  E:\KEIL_V5\C51\LIB\C51L.LIB (?C?PLDOPTR)
  E:\KEIL_V5\C51\LIB\C51L.LIB (?C?CCASE)
  E:\KEIL_V5\C51\LIB\C51L.LIB (?C?ICALL)
BL51 BANKED LINKER/LOCATER V6.22                                                      07/26/2018  17:42:19  PAGE 2


  E:\KEIL_V5\C51\LIB\C51L.LIB (PUTCHAR)
  E:\KEIL_V5\C51\LIB\C51L.LIB (?C?PLDIDATA)
  E:\KEIL_V5\C51\LIB\C51L.LIB (?C?PLDXDATA)
  E:\KEIL_V5\C51\LIB\C51L.LIB (?C?PLDPDATA)
  E:\KEIL_V5\C51\LIB\C51L.LIB (?C?PLDCODE)


LINK MAP OF MODULE:  .\Output\pro (?C_STARTUP)


            TYPE    BASE      LENGTH    RELOCATION   SEGMENT NAME
            -----------------------------------------------------

            * * * * * * *   D A T A   M E M O R Y   * * * * * * *
            REG     0000H     0008H     ABSOLUTE     "REG BANK 0"
            DATA    0008H     0005H     UNIT         _DATA_GROUP_
                    000DH     0013H                  *** GAP ***
            BIT     0020H.0   0001H.6   UNIT         ?BI?USR
            BIT     0021H.6   0001H.1   UNIT         _BIT_GROUP_
            BIT     0022H.7   0000H.1   UNIT         ?BI?UART
            IDATA   0023H     0001H     UNIT         ?STACK

            * * * * * * *  X D A T A   M E M O R Y  * * * * * * *
            XDATA   0000H     0164H     UNIT         _XDATA_GROUP_
            XDATA   0164H     00D0H     UNIT         ?XD?FD612DRV_DOUBLE
            XDATA   0234H     007CH     UNIT         ?XD?UART
            XDATA   02B0H     0054H     UNIT         ?XD?USR
            XDATA   0304H     004CH     UNIT         ?XD?FD612DRV_DEMO
            XDATA   0350H     0012H     UNIT         ?XD?FD616
                    0362H     7C9EH                  *** GAP ***
            XDATA   8000H     0001H     ABSOLUTE     
            XDATA   8001H     0001H     ABSOLUTE     
            XDATA   8002H     0001H     ABSOLUTE     
            XDATA   8003H     0001H     ABSOLUTE     
            XDATA   8004H     0001H     ABSOLUTE     
            XDATA   8005H     0001H     ABSOLUTE     
            XDATA   8006H     0001H     ABSOLUTE     
            XDATA   8007H     0001H     ABSOLUTE     
            XDATA   8008H     0001H     ABSOLUTE     
            XDATA   8009H     0001H     ABSOLUTE     
            XDATA   800AH     0001H     ABSOLUTE     
            XDATA   800BH     0001H     ABSOLUTE     
            XDATA   800CH     0001H     ABSOLUTE     
            XDATA   800DH     0001H     ABSOLUTE     
            XDATA   800EH     0001H     ABSOLUTE     
            XDATA   800FH     0001H     ABSOLUTE     
            XDATA   8010H     0001H     ABSOLUTE     
            XDATA   8011H     0001H     ABSOLUTE     
                    8012H     0006H                  *** GAP ***
            XDATA   8018H     0001H     ABSOLUTE     
            XDATA   8019H     0001H     ABSOLUTE     
            XDATA   801AH     0001H     ABSOLUTE     
            XDATA   801BH     0001H     ABSOLUTE     
            XDATA   801CH     0001H     ABSOLUTE     
            XDATA   801DH     0001H     ABSOLUTE     
            XDATA   801EH     0001H     ABSOLUTE     
            XDATA   801FH     0001H     ABSOLUTE     
BL51 BANKED LINKER/LOCATER V6.22                                                      07/26/2018  17:42:19  PAGE 3


            XDATA   8020H     0001H     ABSOLUTE     
            XDATA   8021H     0001H     ABSOLUTE     
                    8022H     00DEH                  *** GAP ***
            XDATA   8100H     0001H     ABSOLUTE     
            XDATA   8101H     0001H     ABSOLUTE     
                    8102H     7AFEH                  *** GAP ***
            XDATA   FC00H     0001H     ABSOLUTE     
            XDATA   FC01H     0001H     ABSOLUTE     
            XDATA   FC02H     0001H     ABSOLUTE     
            XDATA   FC03H     0001H     ABSOLUTE     
            XDATA   FC04H     0001H     ABSOLUTE     
            XDATA   FC05H     0001H     ABSOLUTE     
            XDATA   FC06H     0001H     ABSOLUTE     

            * * * * * * *   C O D E   M E M O R Y   * * * * * * *
            CODE    0000H     0003H     ABSOLUTE     
            CODE    0003H     0007H     UNIT         ?PR?RESETDS1302?DS1302
                    000AH     0001H                  *** GAP ***
            CODE    000BH     0003H     ABSOLUTE     
            CODE    000EH     0015H     UNIT         ?PR?_WRITE_ADDR_BYTE_DS1302?DS1302
            CODE    0023H     0003H     ABSOLUTE     
            CODE    0026H     0042H     UNIT         ?PR?GPIO_INIT?CONFIG
            CODE    0068H     0003H     UNIT         ?PR?FD612_BASE_SCL_SET?FD612DRV_DEMO
            CODE    006BH     0003H     ABSOLUTE     
            CODE    006EH     090AH     UNIT         ?C?LIB_CODE
            CODE    0978H     048AH     UNIT         ?PR?KEY_STATUE?USR
            CODE    0E02H     0483H     UNIT         ?PR?PRINTF?PRINTF
            CODE    1285H     03B4H     UNIT         ?PR?DE_WEEK?USR
            CODE    1639H     0328H     UNIT         ?PR?DISPLAY?USR
            CODE    1961H     0299H     UNIT         ?PR?DISPLAY_ALL?USR
            CODE    1BFAH     024BH     UNIT         ?PR?DISPLAY_INIT?USR
            CODE    1E45H     018AH     UNIT         ?C_INITSEG
            CODE    1FCFH     017DH     UNIT         ?PR?_ALARM_HOUR_UP_DOWN?USR
            CODE    214CH     014CH     UNIT         ?PR?_ALARM_SLEEP_JUDGE?USR
            CODE    2298H     0131H     UNIT         ?PR?SD_MODE?USR
            CODE    23C9H     012DH     UNIT         ?PR?ADC_CONVERT?USR
            CODE    24F6H     0129H     UNIT         ?PR?LOG?LOG
            CODE    261FH     0118H     UNIT         ?PR?_ALARM_ON_OFF_SET?USR
            CODE    2737H     0106H     UNIT         ?PR?_ALARM_MIN_UP_DOWN?USR
            CODE    283DH     0103H     UNIT         ?PR?_SET_TIME_MON_BLINK?USR
            CODE    2940H     0103H     UNIT         ?PR?MDAY_OVER_JUDGE?USR
            CODE    2A43H     00FDH     UNIT         ?PR?BRIGHT_CONTRL?USR
            CODE    2B40H     00F8H     UNIT         ?PR?_ALARM_HOUR_BLINK?USR
            CODE    2C38H     00F3H     UNIT         ?PR?_ALARM_MIN_BLINK?USR
            CODE    2D2BH     00F0H     UNIT         ?PR?_SET_TIME_DAY_BLINK?USR
            CODE    2E1BH     00EDH     UNIT         ?PR?_FD612_WRBYTE?FD612DRV_DOUBLE
            CODE    2F08H     00EAH     UNIT         ?PR?_FD612_POTIVETNAGE?FD612DRV_DOUBLE
            CODE    2FF2H     00E8H     UNIT         ?PR?_HOUR_LONG_UP_DOWN?USR
            CODE    30DAH     00CBH     UNIT         ?PR?_WEEK_DISPLAY?USR
            CODE    31A5H     00CAH     UNIT         ?PR?_YEAR_LONG_UP_DOWN?USR
            CODE    326FH     00CAH     UNIT         ?PR?INITDS1302?USR
            CODE    3339H     00CAH     UNIT         ?PR?_HOUR_CHAGE_INPUT?USR
            CODE    3403H     00C9H     UNIT         ?PR?_MON_LONG_UP_DOWN?USR
            CODE    34CCH     00C4H     UNIT         ?PR?_SET_TIME_HOUR_BLINK?USR
            CODE    3590H     00C4H     UNIT         ?PR?_SET_TIME_MINUTE_BLINK?USR
            CODE    3654H     00BFH     UNIT         ?PR?_SET_TIME_YEAR_BLINK?USR
            CODE    3713H     00B5H     UNIT         ?PR?VOICE_CONTROL?USR
BL51 BANKED LINKER/LOCATER V6.22                                                      07/26/2018  17:42:19  PAGE 4


            CODE    37C8H     00B2H     UNIT         ?PR?HOUR_MIN_DISPLAY?USR
            CODE    387AH     00B1H     UNIT         ?PR?FD612_APP_INIT?FD612DRV_DEMO
            CODE    392BH     00ABH     UNIT         ?PR?_MIN_LONG_UP_DOWN?USR
            CODE    39D6H     00A9H     UNIT         ?PR?_MDAY_LONG_UP_DOWN?USR
            CODE    3A7FH     00A8H     UNIT         ?PR?_HOUR_OVER_JUDGE?USR
            CODE    3B27H     00A4H     UNIT         ?PR?KEY_DISPLAY_UP_DOWN?USR
            CODE    3BCBH     008CH     UNIT         ?C_C51STARTUP
            CODE    3C57H     008CH     UNIT         ?PR?RTC_ISR?USR
            CODE    3CE3H     0085H     UNIT         ?PR?FROM_DS1302_READ_TIME_DATA?USR
            CODE    3D68H     0082H     UNIT         ?PR?_FD612_START?FD612DRV_DOUBLE
            CODE    3DEAH     007EH     UNIT         ?PR?_FD612_DISPDATAREFRESH?FD612DRV_DOUBLE
            CODE    3E68H     0078H     UNIT         ?PR?_DISPLAY_12_24_BLINK?USR
            CODE    3EE0H     006FH     UNIT         ?PR?_ANODE_DISPLAY?FD616
            CODE    3F4FH     006EH     UNIT         ?PR?_FD612_BASE_REFRESH?FD612DRV_DOUBLE
            CODE    3FBDH     006CH     UNIT         ?PR?DS1302_INIT?CONFIG
            CODE    4029H     006CH     UNIT         ?PR?_FD612_STOP?FD612DRV_DOUBLE
            CODE    4095H     006AH     UNIT         ?PR?UART0_ISR?UART
            CODE    40FFH     006AH     UNIT         ?PR?_FD612_INIT?FD612DRV_DOUBLE
            CODE    4169H     0069H     UNIT         ?PR?_UART0_PUTCHAR?UART
            CODE    41D2H     0065H     UNIT         ?PR?_UART0_INITIAL?UART
            CODE    4237H     0064H     UNIT         ?PR?MON_OVER_JUDGE?USR
            CODE    429BH     005DH     UNIT         ?PR?_ALARM_HOUR_SET?USR
            CODE    42F8H     005CH     UNIT         ?PR?_ALARM_MIN_SET?USR
            CODE    4354H     0056H     UNIT         ?PR?MAIN?MAIN
            CODE    43AAH     0055H     UNIT         ?PR?_UART_PRINTF?UART
            CODE    43FFH     004AH     UNIT         ?PR?_VSPRINTF?VSPRINTF
            CODE    4449H     0041H     UNIT         ?PR?AFTER_ARRIVE_WRITE_1302?USR
            CODE    448AH     0041H     UNIT         ?PR?POWER_DETECT?USR
            CODE    44CBH     003DH     UNIT         ?PR?_MIN_OVER_JUDGE?USR
            CODE    4508H     003AH     UNIT         ?PR?_FD616_WRITEBYTE?FD616
            CODE    4542H     0034H     UNIT         ?PR?_ALARM_24SWITCH12?USR
            CODE    4576H     0033H     UNIT         ?PR?_UARTPUTSTR?UART
            CODE    45A9H     0032H     UNIT         ?PR?_FD612_COMMAND?FD612DRV_DOUBLE
            CODE    45DBH     0030H     UNIT         ?PR?READBYTEDS1302?DS1302
            CODE    460BH     002EH     UNIT         ?PR?ALARM_DISPLAY?USR
            CODE    4639H     002AH     UNIT         ?PR?ALARM_TIME_INIT?USR
            CODE    4663H     0029H     UNIT         ?PR?FD616_DISPDATAREFRESH?FD616
            CODE    468CH     0028H     UNIT         ?PR?_LEEP_YEAR?USR
            CODE    46B4H     0027H     UNIT         ?PR?DISPLAY_INIT_FIRST?CONFIG
            CODE    46DBH     0027H     UNIT         ?PR?PUTCHAR?PUTCHAR
            CODE    4702H     0026H     UNIT         ?PR?_ALARM_12SWITCH24?USR
            CODE    4728H     0023H     UNIT         ?PR?_WRITEBYTEDS1302?DS1302
            CODE    474BH     0023H     UNIT         ?PR?_BCD_DECIMAL?USR
            CODE    476EH     0020H     UNIT         ?PR?_KEY_OFF_ALARM_CLOCK?USR
            CODE    478EH     001DH     UNIT         ?PR?FD628_DELAY10US?FD612DRV_DOUBLE
            CODE    47ABH     001DH     UNIT         ?PR?KEY_INTO_INIT?USR
            CODE    47C8H     001CH     UNIT         ?PR?FD616_INIT?FD616
            CODE    47E4H     0019H     UNIT         ?PR?FD616_START?FD616
            CODE    47FDH     0019H     UNIT         ?PR?FD616_STOP?FD616
            CODE    4816H     0018H     UNIT         ?PR?ADC_INIT?CONFIG
            CODE    482EH     0018H     UNIT         ?PR?_FD616_COMMAND?FD616
            CODE    4846H     0016H     UNIT         ?PR?_DELAY_50US?DELAY
            CODE    485CH     0012H     UNIT         ?PR?_DELAY_MS?DELAY
            CODE    486EH     0011H     UNIT         ?PR?TIMER0_INIT?CONFIG
            CODE    487FH     0011H     UNIT         ?PR?_DECIMAL_BCD?USR
            CODE    4890H     000FH     UNIT         ?PR?RTC_INIT?CONFIG
            CODE    489FH     000DH     UNIT         ?PR?DS1302_W_ON?DS1302
BL51 BANKED LINKER/LOCATER V6.22                                                      07/26/2018  17:42:19  PAGE 5


            CODE    48ACH     000DH     UNIT         ?PR?DS1302_W_OFF?DS1302
            CODE    48B9H     000BH     UNIT         ?PR?FD616_REFRESH?FD616
            CODE    48C4H     000AH     UNIT         ?PR?_READ_ADDR_BYTE_DS1302?DS1302
            CODE    48CEH     0009H     UNIT         ?PR?TIMER0_ISR?USR
            CODE    48D7H     0007H     UNIT         ?PR?FD612_BASE_SCL_D_OUT?FD612DRV_DEMO
            CODE    48DEH     0007H     UNIT         ?PR?FD612_BASE_SDA_D_OUT?FD612DRV_DEMO
            CODE    48E5H     0007H     UNIT         ?PR?FD612_BASE_SDA_D_IN?FD612DRV_DEMO
            CODE    48ECH     0007H     UNIT         ?PR?FD612_BASE_SDA_IN?FD612DRV_DEMO
            CODE    48F3H     0007H     UNIT         ?CO?MAIN
            CODE    48FAH     0006H     UNIT         ?PR?DELAY10US?FD616
            CODE    4900H     0004H     UNIT         ?PR?CFGFSYS?CONFIG
            CODE    4904H     0003H     UNIT         ?PR?FD612_BASE_SCL_CLR?FD612DRV_DEMO
            CODE    4907H     0003H     UNIT         ?PR?FD612_BASE_SDA_SET?FD612DRV_DEMO
            CODE    490AH     0003H     UNIT         ?PR?FD612_BASE_SDA_CLR?FD612DRV_DEMO



OVERLAY MAP OF MODULE:   .\Output\pro (?C_STARTUP)


SEGMENT                                             BIT_GROUP          DATA_GROUP          XDATA_GROUP
  +--> CALLED SEGMENT                            START    LENGTH     START    LENGTH     START    LENGTH
--------------------------------------------------------------------------------------------------------
?C_C51STARTUP                                    -----    -----      -----    -----      -----    -----
  +--> ?PR?MAIN?MAIN
  +--> ?C_INITSEG

?PR?MAIN?MAIN                                    -----    -----      -----    -----      -----    -----
  +--> ?PR?_UART0_INITIAL?UART
  +--> ?CO?MAIN
  +--> ?PR?_UART_PRINTF?UART
  +--> ?PR?CFGFSYS?CONFIG
  +--> ?PR?RTC_INIT?CONFIG
  +--> ?PR?GPIO_INIT?CONFIG
  +--> ?PR?ADC_INIT?CONFIG
  +--> ?PR?ALARM_TIME_INIT?USR
  +--> ?PR?TIMER0_INIT?CONFIG
  +--> ?PR?DS1302_INIT?CONFIG
  +--> ?PR?FD616_INIT?FD616
  +--> ?PR?FD612_APP_INIT?FD612DRV_DEMO
  +--> ?PR?DISPLAY_INIT_FIRST?CONFIG
  +--> ?PR?BRIGHT_CONTRL?USR
  +--> ?PR?KEY_STATUE?USR
  +--> ?PR?DISPLAY?USR
  +--> ?PR?ALARM_DISPLAY?USR
  +--> ?PR?SD_MODE?USR
  +--> ?PR?VOICE_CONTROL?USR
  +--> ?PR?POWER_DETECT?USR

?PR?_UART0_INITIAL?UART                          -----    -----      -----    -----      0000H    0004H

?PR?_UART_PRINTF?UART                            -----    -----      -----    -----      0000H    012EH
  +--> ?PR?_VSPRINTF?VSPRINTF
  +--> ?PR?_UARTPUTSTR?UART

?PR?_VSPRINTF?VSPRINTF                           -----    -----      -----    -----      012EH    0006H
  +--> ?PR?PRINTF?PRINTF
BL51 BANKED LINKER/LOCATER V6.22                                                      07/26/2018  17:42:19  PAGE 6



?PR?PRINTF?PRINTF                                0021H.6  0001H.1    0008H    0005H      0134H    0030H
  +--> ?PR?PUTCHAR?PUTCHAR

?PR?_UARTPUTSTR?UART                             -----    -----      -----    -----      012EH    0003H
  +--> ?PR?_UART0_PUTCHAR?UART

?PR?DS1302_INIT?CONFIG                           -----    -----      -----    -----      0000H    0001H
  +--> ?PR?DS1302_W_ON?DS1302
  +--> ?PR?RESETDS1302?DS1302
  +--> ?PR?_WRITEBYTEDS1302?DS1302
  +--> ?PR?DS1302_W_OFF?DS1302
  +--> ?PR?READBYTEDS1302?DS1302
  +--> ?PR?INITDS1302?USR

?PR?DS1302_W_ON?DS1302                           -----    -----      -----    -----      -----    -----
  +--> ?PR?RESETDS1302?DS1302
  +--> ?PR?_WRITEBYTEDS1302?DS1302

?PR?DS1302_W_OFF?DS1302                          -----    -----      -----    -----      -----    -----
  +--> ?PR?RESETDS1302?DS1302
  +--> ?PR?_WRITEBYTEDS1302?DS1302

?PR?INITDS1302?USR                               -----    -----      -----    -----      0001H    0007H
  +--> ?PR?_DECIMAL_BCD?USR
  +--> ?PR?DS1302_W_ON?DS1302
  +--> ?PR?RESETDS1302?DS1302
  +--> ?PR?_WRITEBYTEDS1302?DS1302
  +--> ?PR?DS1302_W_OFF?DS1302

?PR?FD616_INIT?FD616                             -----    -----      -----    -----      -----    -----
  +--> ?PR?FD616_REFRESH?FD616

?PR?FD616_REFRESH?FD616                          -----    -----      -----    -----      -----    -----
  +--> ?PR?FD616_DISPDATAREFRESH?FD616
  +--> ?PR?_FD616_COMMAND?FD616

?PR?FD616_DISPDATAREFRESH?FD616                  -----    -----      -----    -----      -----    -----
  +--> ?PR?FD616_START?FD616
  +--> ?PR?_FD616_WRITEBYTE?FD616
  +--> ?PR?FD616_STOP?FD616
  +--> ?PR?_FD616_COMMAND?FD616

?PR?FD616_START?FD616                            -----    -----      -----    -----      -----    -----
  +--> ?PR?DELAY10US?FD616

?PR?_FD616_WRITEBYTE?FD616                       -----    -----      -----    -----      -----    -----
  +--> ?PR?DELAY10US?FD616

?PR?FD616_STOP?FD616                             -----    -----      -----    -----      -----    -----
  +--> ?PR?DELAY10US?FD616

?PR?_FD616_COMMAND?FD616                         -----    -----      -----    -----      -----    -----
  +--> ?PR?FD616_START?FD616
  +--> ?PR?_FD616_WRITEBYTE?FD616
  +--> ?PR?FD616_STOP?FD616

BL51 BANKED LINKER/LOCATER V6.22                                                      07/26/2018  17:42:19  PAGE 7


?PR?FD612_APP_INIT?FD612DRV_DEMO                 -----    -----      -----    -----      -----    -----
  +--> ?PR?FD612_BASE_SCL_CLR?FD612DRV_DEMO
  +--> ?PR?FD612_BASE_SCL_D_OUT?FD612DRV_DEMO
  +--> ?PR?FD612_BASE_SCL_SET?FD612DRV_DEMO
  +--> ?PR?FD612_BASE_SDA_CLR?FD612DRV_DEMO
  +--> ?PR?FD612_BASE_SDA_D_IN?FD612DRV_DEMO
  +--> ?PR?FD612_BASE_SDA_D_OUT?FD612DRV_DEMO
  +--> ?PR?FD612_BASE_SDA_IN?FD612DRV_DEMO
  +--> ?PR?FD612_BASE_SDA_SET?FD612DRV_DEMO
  +--> ?PR?_FD612_INIT?FD612DRV_DOUBLE
  +--> ?PR?_FD612_BASE_REFRESH?FD612DRV_DOUBLE

?PR?_FD612_INIT?FD612DRV_DOUBLE                  -----    -----      -----    -----      0000H    0006H
  +--> ?PR?_FD612_COMMAND?FD612DRV_DOUBLE

?PR?_FD612_COMMAND?FD612DRV_DOUBLE               -----    -----      -----    -----      000EH    0004H
  +--> ?PR?_FD612_START?FD612DRV_DOUBLE
  +--> ?PR?_FD612_WRBYTE?FD612DRV_DOUBLE
  +--> ?PR?_FD612_STOP?FD612DRV_DOUBLE

?PR?_FD612_START?FD612DRV_DOUBLE                 -----    -----      -----    -----      0012H    0003H
  +--> ?PR?FD628_DELAY10US?FD612DRV_DOUBLE

?PR?_FD612_WRBYTE?FD612DRV_DOUBLE                -----    -----      -----    -----      0012H    0007H
  +--> ?PR?FD628_DELAY10US?FD612DRV_DOUBLE

?PR?_FD612_STOP?FD612DRV_DOUBLE                  -----    -----      -----    -----      0012H    0003H
  +--> ?PR?FD628_DELAY10US?FD612DRV_DOUBLE

?PR?_FD612_BASE_REFRESH?FD612DRV_DOUBLE          -----    -----      -----    -----      0001H    0006H
  +--> ?PR?_FD612_COMMAND?FD612DRV_DOUBLE
  +--> ?PR?_FD612_DISPDATAREFRESH?FD612DRV_D...

?PR?_FD612_DISPDATAREFRESH?FD612DRV_D...         -----    -----      -----    -----      0007H    0007H
  +--> ?PR?_FD612_COMMAND?FD612DRV_DOUBLE
  +--> ?PR?_FD612_START?FD612DRV_DOUBLE
  +--> ?PR?_FD612_WRBYTE?FD612DRV_DOUBLE
  +--> ?PR?_FD612_STOP?FD612DRV_DOUBLE

?PR?DISPLAY_INIT_FIRST?CONFIG                    -----    -----      -----    -----      -----    -----
  +--> ?PR?RESETDS1302?DS1302
  +--> ?PR?_WRITEBYTEDS1302?DS1302
  +--> ?PR?READBYTEDS1302?DS1302
  +--> ?PR?DISPLAY_INIT?USR
  +--> ?PR?DS1302_W_ON?DS1302
  +--> ?PR?DS1302_W_OFF?DS1302

?PR?DISPLAY_INIT?USR                             -----    -----      -----    -----      0000H    0001H
  +--> ?PR?_DELAY_MS?DELAY
  +--> ?PR?_FD612_POTIVETNAGE?FD612DRV_DOUBLE
  +--> ?PR?_ANODE_DISPLAY?FD616
  +--> ?PR?FD616_REFRESH?FD616
  +--> ?PR?_FD612_BASE_REFRESH?FD612DRV_DOUBLE
  +--> ?PR?_WEEK_DISPLAY?USR

?PR?_DELAY_MS?DELAY                              -----    -----      -----    -----      -----    -----
  +--> ?PR?_DELAY_50US?DELAY
BL51 BANKED LINKER/LOCATER V6.22                                                      07/26/2018  17:42:19  PAGE 8



?PR?_FD612_POTIVETNAGE?FD612DRV_DOUBLE           -----    -----      -----    -----      0001H    0007H

?PR?_ANODE_DISPLAY?FD616                         -----    -----      -----    -----      0013H    0003H

?PR?_WEEK_DISPLAY?USR                            -----    -----      -----    -----      -----    -----
  +--> ?PR?_ANODE_DISPLAY?FD616

?PR?BRIGHT_CONTRL?USR                            -----    -----      -----    -----      0001H    0001H
  +--> ?PR?RESETDS1302?DS1302
  +--> ?PR?_WRITEBYTEDS1302?DS1302
  +--> ?PR?READBYTEDS1302?DS1302
  +--> ?PR?_BCD_DECIMAL?USR
  +--> ?PR?_FD616_COMMAND?FD616
  +--> ?PR?_FD612_COMMAND?FD612DRV_DOUBLE

?PR?KEY_STATUE?USR                               -----    -----      -----    -----      -----    -----
  +--> ?PR?FROM_DS1302_READ_TIME_DATA?USR
  +--> ?PR?KEY_INTO_INIT?USR
  +--> ?PR?FD616_REFRESH?FD616
  +--> ?PR?KEY_DISPLAY_UP_DOWN?USR
  +--> ?PR?_SET_TIME_YEAR_BLINK?USR
  +--> ?PR?DISPLAY_ALL?USR
  +--> ?PR?_YEAR_LONG_UP_DOWN?USR
  +--> ?PR?_MON_LONG_UP_DOWN?USR
  +--> ?PR?_MDAY_LONG_UP_DOWN?USR
  +--> ?PR?_HOUR_LONG_UP_DOWN?USR
  +--> ?PR?_MIN_LONG_UP_DOWN?USR
  +--> ?PR?_ALARM_HOUR_UP_DOWN?USR
  +--> ?PR?_ALARM_MIN_UP_DOWN?USR
  +--> ?PR?_FD612_POTIVETNAGE?FD612DRV_DOUBLE
  +--> ?PR?_FD612_BASE_REFRESH?FD612DRV_DOUBLE
  +--> ?PR?_DELAY_MS?DELAY
  +--> ?PR?INITDS1302?USR
  +--> ?PR?_FD616_COMMAND?FD616
  +--> ?PR?_FD612_COMMAND?FD612DRV_DOUBLE
  +--> ?PR?_KEY_OFF_ALARM_CLOCK?USR

?PR?FROM_DS1302_READ_TIME_DATA?USR               -----    -----      -----    -----      -----    -----
  +--> ?PR?RESETDS1302?DS1302
  +--> ?PR?_WRITEBYTEDS1302?DS1302
  +--> ?PR?READBYTEDS1302?DS1302
  +--> ?PR?_BCD_DECIMAL?USR

?PR?KEY_INTO_INIT?USR                            -----    -----      -----    -----      -----    -----
  +--> ?PR?_DELAY_MS?DELAY

?PR?KEY_DISPLAY_UP_DOWN?USR                      -----    -----      -----    -----      -----    -----
  +--> ?PR?_SET_TIME_YEAR_BLINK?USR
  +--> ?PR?_SET_TIME_MON_BLINK?USR
  +--> ?PR?_SET_TIME_DAY_BLINK?USR
  +--> ?PR?_SET_TIME_HOUR_BLINK?USR
  +--> ?PR?_SET_TIME_MINUTE_BLINK?USR
  +--> ?PR?_ALARM_HOUR_BLINK?USR
  +--> ?PR?_ALARM_MIN_BLINK?USR

?PR?_SET_TIME_YEAR_BLINK?USR                     -----    -----      -----    -----      0000H    0001H
BL51 BANKED LINKER/LOCATER V6.22                                                      07/26/2018  17:42:19  PAGE 9


  +--> ?PR?_FD612_POTIVETNAGE?FD612DRV_DOUBLE
  +--> ?PR?_FD612_BASE_REFRESH?FD612DRV_DOUBLE

?PR?_SET_TIME_MON_BLINK?USR                      -----    -----      -----    -----      0000H    0001H
  +--> ?PR?_FD612_POTIVETNAGE?FD612DRV_DOUBLE
  +--> ?PR?_FD612_BASE_REFRESH?FD612DRV_DOUBLE

?PR?_SET_TIME_DAY_BLINK?USR                      -----    -----      -----    -----      0000H    0001H
  +--> ?PR?_FD612_POTIVETNAGE?FD612DRV_DOUBLE
  +--> ?PR?_FD612_BASE_REFRESH?FD612DRV_DOUBLE

?PR?_SET_TIME_HOUR_BLINK?USR                     -----    -----      -----    -----      0000H    0001H
  +--> ?PR?_ANODE_DISPLAY?FD616
  +--> ?PR?FD616_REFRESH?FD616

?PR?_SET_TIME_MINUTE_BLINK?USR                   -----    -----      -----    -----      0000H    0001H
  +--> ?PR?_ANODE_DISPLAY?FD616
  +--> ?PR?FD616_REFRESH?FD616

?PR?_ALARM_HOUR_BLINK?USR                        -----    -----      -----    -----      0003H    0004H
  +--> ?PR?_ANODE_DISPLAY?FD616
  +--> ?PR?FD616_REFRESH?FD616

?PR?_ALARM_MIN_BLINK?USR                         -----    -----      -----    -----      0003H    0004H
  +--> ?PR?_ANODE_DISPLAY?FD616
  +--> ?PR?FD616_REFRESH?FD616

?PR?DISPLAY_ALL?USR                              -----    -----      -----    -----      -----    -----
  +--> ?PR?HOUR_MIN_DISPLAY?USR
  +--> ?PR?_FD612_POTIVETNAGE?FD612DRV_DOUBLE
  +--> ?PR?_FD612_BASE_REFRESH?FD612DRV_DOUBLE
  +--> ?PR?ADC_CONVERT?USR
  +--> ?PR?DE_WEEK?USR

?PR?HOUR_MIN_DISPLAY?USR                         -----    -----      -----    -----      -----    -----
  +--> ?PR?_ANODE_DISPLAY?FD616
  +--> ?PR?FD616_REFRESH?FD616

?PR?ADC_CONVERT?USR                              -----    -----      -----    -----      0000H    000AH
  +--> ?PR?LOG?LOG

?PR?LOG?LOG                                      0021H.6  0000H.1    -----    -----      000AH    0004H

?PR?DE_WEEK?USR                                  -----    -----      -----    -----      0000H    0013H
  +--> ?PR?RESETDS1302?DS1302
  +--> ?PR?_WRITEBYTEDS1302?DS1302
  +--> ?PR?READBYTEDS1302?DS1302
  +--> ?PR?_BCD_DECIMAL?USR
  +--> ?PR?_LEEP_YEAR?USR
  +--> ?PR?DS1302_W_ON?DS1302
  +--> ?PR?DS1302_W_OFF?DS1302
  +--> ?PR?_WEEK_DISPLAY?USR

?PR?_YEAR_LONG_UP_DOWN?USR                       -----    -----      -----    -----      0000H    0001H
  +--> ?PR?_READ_ADDR_BYTE_DS1302?DS1302
  +--> ?PR?_BCD_DECIMAL?USR
  +--> ?PR?_FD612_POTIVETNAGE?FD612DRV_DOUBLE
BL51 BANKED LINKER/LOCATER V6.22                                                      07/26/2018  17:42:19  PAGE 10


  +--> ?PR?_FD612_BASE_REFRESH?FD612DRV_DOUBLE
  +--> ?PR?_DECIMAL_BCD?USR
  +--> ?PR?_WRITE_ADDR_BYTE_DS1302?DS1302
  +--> ?PR?_DELAY_MS?DELAY

?PR?_READ_ADDR_BYTE_DS1302?DS1302                -----    -----      -----    -----      -----    -----
  +--> ?PR?RESETDS1302?DS1302
  +--> ?PR?_WRITEBYTEDS1302?DS1302
  +--> ?PR?READBYTEDS1302?DS1302

?PR?_WRITE_ADDR_BYTE_DS1302?DS1302               -----    -----      -----    -----      -----    -----
  +--> ?PR?DS1302_W_ON?DS1302
  +--> ?PR?RESETDS1302?DS1302
  +--> ?PR?_WRITEBYTEDS1302?DS1302
  +--> ?PR?DS1302_W_OFF?DS1302

?PR?_MON_LONG_UP_DOWN?USR                        -----    -----      -----    -----      0000H    0001H
  +--> ?PR?_READ_ADDR_BYTE_DS1302?DS1302
  +--> ?PR?_BCD_DECIMAL?USR
  +--> ?PR?MON_OVER_JUDGE?USR
  +--> ?PR?_FD612_POTIVETNAGE?FD612DRV_DOUBLE
  +--> ?PR?_FD612_BASE_REFRESH?FD612DRV_DOUBLE
  +--> ?PR?_DECIMAL_BCD?USR
  +--> ?PR?_WRITE_ADDR_BYTE_DS1302?DS1302
  +--> ?PR?_DELAY_MS?DELAY

?PR?MON_OVER_JUDGE?USR                           -----    -----      -----    -----      -----    -----
  +--> ?PR?_DECIMAL_BCD?USR
  +--> ?PR?_WRITE_ADDR_BYTE_DS1302?DS1302

?PR?_MDAY_LONG_UP_DOWN?USR                       -----    -----      -----    -----      0000H    0001H
  +--> ?PR?_READ_ADDR_BYTE_DS1302?DS1302
  +--> ?PR?_BCD_DECIMAL?USR
  +--> ?PR?MDAY_OVER_JUDGE?USR
  +--> ?PR?_FD612_POTIVETNAGE?FD612DRV_DOUBLE
  +--> ?PR?_FD612_BASE_REFRESH?FD612DRV_DOUBLE
  +--> ?PR?_DECIMAL_BCD?USR
  +--> ?PR?_WRITE_ADDR_BYTE_DS1302?DS1302
  +--> ?PR?_DELAY_MS?DELAY

?PR?MDAY_OVER_JUDGE?USR                          -----    -----      -----    -----      -----    -----
  +--> ?PR?_LEEP_YEAR?USR

?PR?_HOUR_LONG_UP_DOWN?USR                       -----    -----      -----    -----      0000H    0001H
  +--> ?PR?_READ_ADDR_BYTE_DS1302?DS1302
  +--> ?PR?_BCD_DECIMAL?USR
  +--> ?PR?_HOUR_OVER_JUDGE?USR
  +--> ?PR?_ANODE_DISPLAY?FD616
  +--> ?PR?FD616_REFRESH?FD616
  +--> ?PR?BRIGHT_CONTRL?USR
  +--> ?PR?_DELAY_MS?DELAY

?PR?_HOUR_OVER_JUDGE?USR                         -----    -----      -----    -----      0001H    0001H
  +--> ?PR?AFTER_ARRIVE_WRITE_1302?USR
  +--> ?PR?_DECIMAL_BCD?USR
  +--> ?PR?_WRITE_ADDR_BYTE_DS1302?DS1302

BL51 BANKED LINKER/LOCATER V6.22                                                      07/26/2018  17:42:19  PAGE 11


?PR?AFTER_ARRIVE_WRITE_1302?USR                  -----    -----      -----    -----      -----    -----
  +--> ?PR?RESETDS1302?DS1302
  +--> ?PR?_WRITEBYTEDS1302?DS1302
  +--> ?PR?READBYTEDS1302?DS1302
  +--> ?PR?DS1302_W_ON?DS1302
  +--> ?PR?DS1302_W_OFF?DS1302

?PR?_MIN_LONG_UP_DOWN?USR                        -----    -----      -----    -----      0000H    0001H
  +--> ?PR?_READ_ADDR_BYTE_DS1302?DS1302
  +--> ?PR?_BCD_DECIMAL?USR
  +--> ?PR?_MIN_OVER_JUDGE?USR
  +--> ?PR?_ANODE_DISPLAY?FD616
  +--> ?PR?FD616_REFRESH?FD616
  +--> ?PR?_DELAY_MS?DELAY

?PR?_MIN_OVER_JUDGE?USR                          -----    -----      -----    -----      -----    -----
  +--> ?PR?_WRITE_ADDR_BYTE_DS1302?DS1302
  +--> ?PR?_DECIMAL_BCD?USR

?PR?_ALARM_HOUR_UP_DOWN?USR                      -----    -----      -----    -----      0003H    0003H
  +--> ?PR?_ANODE_DISPLAY?FD616
  +--> ?PR?FD616_REFRESH?FD616
  +--> ?PR?_DELAY_MS?DELAY

?PR?_ALARM_MIN_UP_DOWN?USR                       -----    -----      -----    -----      0003H    0003H
  +--> ?PR?_ANODE_DISPLAY?FD616
  +--> ?PR?FD616_REFRESH?FD616
  +--> ?PR?_DELAY_MS?DELAY

?PR?DISPLAY?USR                                  -----    -----      -----    -----      -----    -----
  +--> ?PR?FROM_DS1302_READ_TIME_DATA?USR
  +--> ?PR?DISPLAY_ALL?USR
  +--> ?PR?_SET_TIME_YEAR_BLINK?USR
  +--> ?PR?_DECIMAL_BCD?USR
  +--> ?PR?_SET_TIME_MON_BLINK?USR
  +--> ?PR?MON_OVER_JUDGE?USR
  +--> ?PR?_SET_TIME_DAY_BLINK?USR
  +--> ?PR?MDAY_OVER_JUDGE?USR
  +--> ?PR?_WRITE_ADDR_BYTE_DS1302?DS1302
  +--> ?PR?_READ_ADDR_BYTE_DS1302?DS1302
  +--> ?PR?_BCD_DECIMAL?USR
  +--> ?PR?_DISPLAY_12_24_BLINK?USR
  +--> ?PR?_HOUR_CHAGE_INPUT?USR
  +--> ?PR?_ALARM_12SWITCH24?USR
  +--> ?PR?_ALARM_24SWITCH12?USR
  +--> ?PR?_SET_TIME_HOUR_BLINK?USR
  +--> ?PR?_HOUR_OVER_JUDGE?USR
  +--> ?PR?_SET_TIME_MINUTE_BLINK?USR
  +--> ?PR?_MIN_OVER_JUDGE?USR
  +--> ?PR?_ALARM_ON_OFF_SET?USR
  +--> ?PR?_ALARM_HOUR_SET?USR
  +--> ?PR?_ALARM_MIN_SET?USR

?PR?_DISPLAY_12_24_BLINK?USR                     -----    -----      -----    -----      0000H    0001H
  +--> ?PR?_ANODE_DISPLAY?FD616
  +--> ?PR?FD616_REFRESH?FD616

BL51 BANKED LINKER/LOCATER V6.22                                                      07/26/2018  17:42:19  PAGE 12


?PR?_HOUR_CHAGE_INPUT?USR                        -----    -----      -----    -----      0000H    0002H
  +--> ?PR?RESETDS1302?DS1302
  +--> ?PR?_WRITEBYTEDS1302?DS1302
  +--> ?PR?READBYTEDS1302?DS1302
  +--> ?PR?_BCD_DECIMAL?USR
  +--> ?PR?_DECIMAL_BCD?USR
  +--> ?PR?DS1302_W_ON?DS1302
  +--> ?PR?DS1302_W_OFF?DS1302

?PR?_ALARM_ON_OFF_SET?USR                        -----    -----      -----    -----      0000H    0004H
  +--> ?PR?_ANODE_DISPLAY?FD616
  +--> ?PR?FD616_REFRESH?FD616

?PR?_ALARM_HOUR_SET?USR                          -----    -----      -----    -----      0000H    0003H
  +--> ?PR?_ALARM_HOUR_BLINK?USR
  +--> ?PR?_ALARM_HOUR_UP_DOWN?USR

?PR?_ALARM_MIN_SET?USR                           -----    -----      -----    -----      0000H    0003H
  +--> ?PR?_ALARM_MIN_BLINK?USR
  +--> ?PR?_ALARM_MIN_UP_DOWN?USR

?PR?ALARM_DISPLAY?USR                            -----    -----      -----    -----      -----    -----
  +--> ?PR?_ALARM_SLEEP_JUDGE?USR

?PR?_ALARM_SLEEP_JUDGE?USR                       -----    -----      -----    -----      0000H    0003H

?PR?SD_MODE?USR                                  -----    -----      -----    -----      -----    -----
  +--> ?PR?_FD612_POTIVETNAGE?FD612DRV_DOUBLE
  +--> ?PR?_FD612_BASE_REFRESH?FD612DRV_DOUBLE
  +--> ?PR?VOICE_CONTROL?USR

?PR?VOICE_CONTROL?USR                            -----    -----      -----    -----      -----    -----
  +--> ?PR?BRIGHT_CONTRL?USR
  +--> ?PR?_FD616_COMMAND?FD616
  +--> ?PR?_FD612_COMMAND?FD612DRV_DOUBLE
  +--> ?PR?_DELAY_MS?DELAY



SYMBOL TABLE OF MODULE:  .\Output\pro (?C_STARTUP)

  VALUE           TYPE          NAME
  ----------------------------------

  -------         MODULE        ?C_STARTUP
  C:3BCBH         SEGMENT       ?C_C51STARTUP
  I:0023H         SEGMENT       ?STACK
  C:0000H         PUBLIC        ?C_STARTUP
  D:00E0H         SYMBOL        ACC
  D:00F0H         SYMBOL        B
  D:0083H         SYMBOL        DPH
  D:0082H         SYMBOL        DPL
  N:0000H         SYMBOL        IBPSTACK
  N:0100H         SYMBOL        IBPSTACKTOP
  N:0080H         SYMBOL        IDATALEN
  C:3BCEH         SYMBOL        IDATALOOP
  N:0000H         SYMBOL        PBPSTACK
BL51 BANKED LINKER/LOCATER V6.22                                                      07/26/2018  17:42:19  PAGE 13


  N:0100H         SYMBOL        PBPSTACKTOP
  N:0000H         SYMBOL        PDATALEN
  N:0000H         SYMBOL        PDATASTART
  N:0000H         SYMBOL        PPAGE
  N:0000H         SYMBOL        PPAGEENABLE
  D:00A0H         SYMBOL        PPAGE_SFR
  D:0081H         SYMBOL        SP
  C:3BCBH         SYMBOL        STARTUP1
  N:0000H         SYMBOL        XBPSTACK
  N:0000H         SYMBOL        XBPSTACKTOP
  N:0000H         SYMBOL        XDATALEN
  N:0000H         SYMBOL        XDATASTART
  C:0000H         LINE#         126
  C:3BCBH         LINE#         133
  C:3BCDH         LINE#         134
  C:3BCEH         LINE#         135
  C:3BCFH         LINE#         136
  C:3BD1H         LINE#         185
  C:3BD4H         LINE#         196
  -------         ENDMOD        ?C_STARTUP

  -------         MODULE        UART
  C:0000H         SYMBOL        _ICE_DUMMY_
  D:0080H         PUBLIC        P0
  D:0090H         PUBLIC        P1
  D:00A0H         PUBLIC        P2
  D:00B0H         PUBLIC        P3
  D:00CBH         PUBLIC        T2CH
  C:4576H         PUBLIC        _UartPutStr
  D:00CAH         PUBLIC        T2CL
  X:0234H         PUBLIC        uart0_rev
  C:43AAH         PUBLIC        _uart_printf
  B:0022H.7       PUBLIC        uart0_tx_flag
  C:4095H         PUBLIC        UART0_ISR
  B:00A8H.4       PUBLIC        ES0
  B:0098H.0       PUBLIC        RI0
  B:0098H.1       PUBLIC        TI0
  D:00CDH         PUBLIC        TH2
  D:00CCH         PUBLIC        TL2
  B:00C8H.6       PUBLIC        TR2
  X:0236H         PUBLIC        uart0_rx_buf
  X:029AH         PUBLIC        uart0_tx_buf
  D:0099H         PUBLIC        S0BUF
  D:0098H         PUBLIC        S0CON
  D:00C8H         PUBLIC        T2CON
  C:4169H         PUBLIC        _Uart0_PutChar
  X:02AEH         PUBLIC        uart0_send
  C:41D2H         PUBLIC        _Uart0_Initial
  -------         PROC          _UART0_INITIAL
  X:0000H         SYMBOL        baudrate
  -------         DO            
  D:0004H         SYMBOL        value_temp
  -------         ENDDO         
  C:41D2H         LINE#         24
  C:41D8H         LINE#         25
  C:41D8H         LINE#         28
  C:41DEH         LINE#         29
BL51 BANKED LINKER/LOCATER V6.22                                                      07/26/2018  17:42:19  PAGE 14


  C:41E2H         LINE#         31
  C:41E7H         LINE#         32
  C:41E9H         LINE#         33
  C:41EDH         LINE#         34
  C:41EFH         LINE#         35
  C:41F1H         LINE#         39
  C:4222H         LINE#         40
  C:4225H         LINE#         41
  C:4227H         LINE#         42
  C:422BH         LINE#         43
  C:422DH         LINE#         44
  C:422FH         LINE#         45
  C:4231H         LINE#         61
  C:4234H         LINE#         62
  C:4236H         LINE#         63
  -------         ENDPROC       _UART0_INITIAL
  -------         PROC          _UART0_PUTCHAR
  D:0007H         SYMBOL        bdat
  -------         DO            
  D:0006H         SYMBOL        free_space
  D:0005H         SYMBOL        tail_tmp
  -------         ENDDO         
  C:4169H         LINE#         64
  C:4169H         LINE#         65
  C:4169H         LINE#         68
  C:4169H         LINE#         69
  C:4169H         LINE#         70
  C:416EH         LINE#         71
  C:4177H         LINE#         72
  C:4177H         LINE#         73
  C:417BH         LINE#         74
  C:417DH         LINE#         76
  C:417DH         LINE#         77
  C:418AH         LINE#         78
  C:418AH         LINE#         79
  C:4190H         LINE#         80
  C:4190H         LINE#         81
  C:4192H         LINE#         82
  C:4198H         LINE#         83
  C:41A0H         LINE#         84
  C:41ACH         LINE#         85
  C:41AFH         LINE#         86
  C:41AFH         LINE#         87
  C:41B1H         LINE#         88
  C:41B7H         LINE#         89
  C:41BFH         LINE#         90
  C:41CCH         LINE#         91
  C:41CEH         LINE#         92
  C:41CFH         LINE#         94
  C:41CFH         LINE#         95
  C:41D1H         LINE#         96
  C:41D1H         LINE#         97
  C:41D1H         LINE#         98
  C:41D1H         LINE#         99
  C:41D1H         LINE#         100
  -------         ENDPROC       _UART0_PUTCHAR
  -------         PROC          UART0_ISR
BL51 BANKED LINKER/LOCATER V6.22                                                      07/26/2018  17:42:19  PAGE 15


  C:4095H         LINE#         101
  C:40A4H         LINE#         103
  C:40A7H         LINE#         104
  C:40A7H         LINE#         105
  C:40A9H         LINE#         106
  C:40AFH         LINE#         107
  C:40B7H         LINE#         108
  C:40C4H         LINE#         109
  C:40C4H         LINE#         110
  C:40C7H         LINE#         111
  C:40C7H         LINE#         112
  C:40C9H         LINE#         113
  C:40D5H         LINE#         114
  C:40D5H         LINE#         115
  C:40D9H         LINE#         116
  C:40E1H         LINE#         117
  C:40EEH         LINE#         118
  C:40F0H         LINE#         120
  C:40F0H         LINE#         121
  C:40F2H         LINE#         122
  C:40F2H         LINE#         123
  C:40F2H         LINE#         124
  -------         ENDPROC       UART0_ISR
  -------         PROC          _UARTPUTSTR
  X:012EH         SYMBOL        str
  C:4576H         LINE#         307
  C:4581H         LINE#         308
  C:4581H         LINE#         309
  C:4591H         LINE#         310
  C:4591H         LINE#         311
  C:45A6H         LINE#         312
  C:45A8H         LINE#         313
  -------         ENDPROC       _UARTPUTSTR
  -------         PROC          _UART_PRINTF
  X:0000H         SYMBOL        fmt
  -------         DO            
  X:0003H         SYMBOL        ellipsis_40
  X:002BH         SYMBOL        ap
  X:002EH         SYMBOL        string
  -------         ENDDO         
  C:43AAH         LINE#         314
  C:43B5H         LINE#         315
  C:43B5H         LINE#         318
  C:43C3H         LINE#         319
  C:43F6H         LINE#         320
  -------         ENDPROC       _UART_PRINTF
  -------         ENDMOD        UART

  -------         MODULE        CONFIG
  C:0000H         SYMBOL        _ICE_DUMMY_
  D:0080H         PUBLIC        P0
  C:4890H         PUBLIC        RTC_init
  D:0090H         PUBLIC        P1
  D:00A0H         PUBLIC        P2
  D:00B0H         PUBLIC        P3
  B:00A8H.7       PUBLIC        EA
  D:00F1H         PUBLIC        RTCON
BL51 BANKED LINKER/LOCATER V6.22                                                      07/26/2018  17:42:19  PAGE 16


  C:46B4H         PUBLIC        display_init_first
  D:00BAH         PUBLIC        ADCFGL
  B:0090H.6       PUBLIC        buzzer
  D:00E8H         PUBLIC        EXIE
  D:0089H         PUBLIC        TMOD
  C:4900H         PUBLIC        CfgFsys
  C:4816H         PUBLIC        adc_init
  C:0026H         PUBLIC        gpio_init
  B:00A8H.1       PUBLIC        ET0
  C:486EH         PUBLIC        Timer0_init
  D:008CH         PUBLIC        TH0
  D:008AH         PUBLIC        TL0
  D:00B9H         PUBLIC        ADCON
  D:00A2H         PUBLIC        CKSEL
  C:3FBDH         PUBLIC        DS1302_INIT
  -------         PROC          GPIO_INIT
  C:0026H         LINE#         5
  C:0026H         LINE#         6
  C:0026H         LINE#         7
  C:002CH         LINE#         8
  C:0030H         LINE#         9
  C:0034H         LINE#         10
  C:0038H         LINE#         12
  C:003EH         LINE#         14
  C:0042H         LINE#         16
  C:0048H         LINE#         17
  C:004CH         LINE#         18
  C:0050H         LINE#         19
  C:0054H         LINE#         21
  C:005AH         LINE#         23
  C:0060H         LINE#         25
  C:0065H         LINE#         26
  C:0067H         LINE#         28
  -------         ENDPROC       GPIO_INIT
  -------         PROC          CFGFSYS
  C:4900H         LINE#         31
  C:4900H         LINE#         32
  C:4900H         LINE#         35
  C:4903H         LINE#         37
  -------         ENDPROC       CFGFSYS
  -------         PROC          RTC_INIT
  C:4890H         LINE#         48
  C:4890H         LINE#         49
  C:4890H         LINE#         51
  C:4893H         LINE#         52
  C:4896H         LINE#         53
  C:4899H         LINE#         55
  C:489CH         LINE#         56
  C:489EH         LINE#         57
  -------         ENDPROC       RTC_INIT
  -------         PROC          ADC_INIT
  C:4816H         LINE#         59
  C:4816H         LINE#         60
  C:4816H         LINE#         61
  C:481CH         LINE#         62
  C:481FH         LINE#         63
  C:4822H         LINE#         64
BL51 BANKED LINKER/LOCATER V6.22                                                      07/26/2018  17:42:19  PAGE 17


  C:482AH         LINE#         65
  C:482DH         LINE#         68
  -------         ENDPROC       ADC_INIT
  -------         PROC          DS1302_INIT
  -------         DO            
  X:0000H         SYMBOL        ds1320_state
  D:0007H         SYMBOL        rom_value
  -------         ENDDO         
  C:3FBDH         LINE#         71
  C:3FBDH         LINE#         72
  C:3FBDH         LINE#         73
  C:3FC2H         LINE#         74
  C:3FC5H         LINE#         75
  C:3FC8H         LINE#         76
  C:3FCDH         LINE#         77
  C:3FD2H         LINE#         78
  C:3FD5H         LINE#         79
  C:3FD8H         LINE#         80
  C:3FDDH         LINE#         81
  C:3FE0H         LINE#         82
  C:3FE5H         LINE#         83
  C:3FE5H         LINE#         84
  C:3FE8H         LINE#         85
  C:3FEBH         LINE#         86
  C:3FEEH         LINE#         87
  C:3FF3H         LINE#         88
  C:3FF8H         LINE#         89
  C:3FFBH         LINE#         91
  C:3FFBH         LINE#         94
  C:3FFEH         LINE#         95
  C:4003H         LINE#         96
  C:400BH         LINE#         97
  C:400EH         LINE#         98
  C:400EH         LINE#         99
  C:4014H         LINE#         100
  C:4014H         LINE#         101
  C:401BH         LINE#         102
  C:401BH         LINE#         103
  C:4022H         LINE#         104
  C:4028H         LINE#         105
  C:4028H         LINE#         110
  -------         ENDPROC       DS1302_INIT
  -------         PROC          DISPLAY_INIT_FIRST
  -------         DO            
  D:0007H         SYMBOL        rom2_value
  -------         ENDDO         
  C:46B4H         LINE#         111
  C:46B4H         LINE#         112
  C:46B4H         LINE#         114
  C:46B7H         LINE#         115
  C:46BCH         LINE#         116
  C:46BFH         LINE#         117
  C:46C4H         LINE#         118
  C:46C4H         LINE#         119
  C:46C7H         LINE#         120
  C:46CAH         LINE#         121
  C:46CDH         LINE#         122
BL51 BANKED LINKER/LOCATER V6.22                                                      07/26/2018  17:42:19  PAGE 18


  C:46D2H         LINE#         123
  C:46D7H         LINE#         124
  C:46DAH         LINE#         126
  C:46DAH         LINE#         127
  -------         ENDPROC       DISPLAY_INIT_FIRST
  -------         PROC          TIMER0_INIT
  C:486EH         LINE#         129
  C:486EH         LINE#         130
  C:486EH         LINE#         131
  C:4876H         LINE#         132
  C:4879H         LINE#         133
  C:487CH         LINE#         135
  C:487EH         LINE#         136
  -------         ENDPROC       TIMER0_INIT
  -------         ENDMOD        CONFIG

  -------         MODULE        DS1302
  C:0000H         SYMBOL        _ICE_DUMMY_
  D:0080H         PUBLIC        P0
  D:0090H         PUBLIC        P1
  D:00A0H         PUBLIC        P2
  D:00B0H         PUBLIC        P3
  C:4728H         PUBLIC        _WriteByteDS1302
  C:48C4H         PUBLIC        _Read_addr_byte_ds1302
  C:48ACH         PUBLIC        ds1302_w_off
  C:000EH         PUBLIC        _Write_addr_byte_ds1302
  B:00B0H.7       PUBLIC        SCLK
  C:489FH         PUBLIC        ds1302_w_on
  B:00B0H.5       PUBLIC        RSTB
  C:0003H         PUBLIC        ResetDS1302
  C:45DBH         PUBLIC        ReadByteDS1302
  B:00B0H.6       PUBLIC        I_O
  -------         PROC          RESETDS1302
  C:0003H         LINE#         5
  C:0003H         LINE#         6
  C:0003H         LINE#         7
  C:0005H         LINE#         8
  C:0007H         LINE#         9
  C:0009H         LINE#         10
  -------         ENDPROC       RESETDS1302
  -------         PROC          READBYTEDS1302
  -------         DO            
  D:0006H         SYMBOL        i
  D:0007H         SYMBOL        RByte
  D:0005H         SYMBOL        TempByte
  -------         ENDDO         
  C:45DBH         LINE#         26
  C:45DBH         LINE#         27
  C:45DBH         LINE#         31
  C:45E0H         LINE#         32
  C:45E1H         LINE#         33
  C:45E3H         LINE#         34
  C:45E9H         LINE#         35
  C:45EBH         LINE#         36
  C:45EBH         LINE#         37
  C:45EDH         LINE#         41
  C:45EFH         LINE#         42
BL51 BANKED LINKER/LOCATER V6.22                                                      07/26/2018  17:42:19  PAGE 19


  C:45F5H         LINE#         43
  C:45F9H         LINE#         44
  C:4600H         LINE#         45
  C:4603H         LINE#         46
  C:4605H         LINE#         47
  C:460AH         LINE#         48
  C:460AH         LINE#         49
  -------         ENDPROC       READBYTEDS1302
  -------         PROC          _WRITEBYTEDS1302
  D:0007H         SYMBOL        W_Byte
  -------         DO            
  D:0006H         SYMBOL        i
  -------         ENDDO         
  C:4728H         LINE#         51
  C:4728H         LINE#         52
  C:4728H         LINE#         54
  C:472DH         LINE#         55
  C:4733H         LINE#         56
  C:4735H         LINE#         57
  C:4737H         LINE#         58
  C:4739H         LINE#         59
  C:473FH         LINE#         60
  C:4741H         LINE#         61
  C:4745H         LINE#         66
  C:474AH         LINE#         67
  -------         ENDPROC       _WRITEBYTEDS1302
  -------         PROC          DS1302_W_ON
  C:489FH         LINE#         70
  C:489FH         LINE#         71
  C:489FH         LINE#         72
  C:48A2H         LINE#         73
  C:48A7H         LINE#         74
  -------         ENDPROC       DS1302_W_ON
  -------         PROC          DS1302_W_OFF
  C:48ACH         LINE#         77
  C:48ACH         LINE#         78
  C:48ACH         LINE#         79
  C:48AFH         LINE#         80
  C:48B4H         LINE#         81
  -------         ENDPROC       DS1302_W_OFF
  -------         PROC          _READ_ADDR_BYTE_DS1302
  D:0007H         SYMBOL        addr
  C:48C4H         LINE#         84
  C:48C4H         LINE#         85
  C:48C4H         LINE#         86
  C:48C7H         LINE#         87
  C:48CAH         LINE#         88
  C:48CDH         LINE#         89
  -------         ENDPROC       _READ_ADDR_BYTE_DS1302
  -------         PROC          _WRITE_ADDR_BYTE_DS1302
  D:0004H         SYMBOL        addr
  D:0005H         SYMBOL        DATA
  C:000EH         LINE#         91
  C:0010H         LINE#         92
  C:0010H         LINE#         93
  C:0013H         LINE#         94
  C:0016H         LINE#         95
BL51 BANKED LINKER/LOCATER V6.22                                                      07/26/2018  17:42:19  PAGE 20


  C:001BH         LINE#         96
  C:0020H         LINE#         97
  -------         ENDPROC       _WRITE_ADDR_BYTE_DS1302
  -------         ENDMOD        DS1302

  -------         MODULE        DELAY
  C:0000H         SYMBOL        _ICE_DUMMY_
  C:4846H         PUBLIC        _Delay_50us
  C:485CH         PUBLIC        _Delay_ms
  -------         PROC          _DELAY_50US
  D:0006H         SYMBOL        n
  -------         DO            
  D:0005H         SYMBOL        i
  -------         ENDDO         
  C:4846H         LINE#         5
  C:4846H         LINE#         6
  C:4846H         LINE#         12
  C:4850H         LINE#         13
  C:4850H         LINE#         14
  C:485BH         LINE#         15
  C:485BH         LINE#         16
  -------         ENDPROC       _DELAY_50US
  -------         PROC          _DELAY_MS
  D:0004H         SYMBOL        n
  C:485CH         LINE#         17
  C:485EH         LINE#         18
  C:485EH         LINE#         19
  C:4864H         LINE#         20
  C:4864H         LINE#         21
  C:486BH         LINE#         22
  C:486DH         LINE#         23
  -------         ENDPROC       _DELAY_MS
  -------         ENDMOD        DELAY

  -------         MODULE        FD612DRV_DOUBLE
  C:0000H         SYMBOL        _ICE_DUMMY_
  D:0080H         PUBLIC        P0
  D:0090H         PUBLIC        P1
  D:00A0H         PUBLIC        P2
  D:00B0H         PUBLIC        P3
  X:0164H         PUBLIC        FD612_PotiveTNage_Bitmap
  C:3D68H         SYMBOL        _FD612_Start
  C:40FFH         PUBLIC        _FD612_Init
  C:4029H         SYMBOL        _FD612_Stop
  C:3F4FH         PUBLIC        _FD612_Base_Refresh
  C:45A9H         PUBLIC        _FD612_Command
  C:47A5H         SYMBOL        FD628_Delay10us
  C:2F08H         PUBLIC        _FD612_PotiveTNage
  C:2E1BH         PUBLIC        _FD612_WrByte
  C:3DEAH         PUBLIC        _FD612_DispDataRefresh
  X:0224H         PUBLIC        DISP_TAB
  C:479EH         SYMBOL        L?0041
  C:479FH         SYMBOL        L?0042
  -------         PROC          L?0040
  -------         ENDPROC       L?0040
  C:479EH         SYMBOL        L?0041
  C:479FH         SYMBOL        L?0042
BL51 BANKED LINKER/LOCATER V6.22                                                      07/26/2018  17:42:19  PAGE 21


  -------         PROC          FD628_DELAY10US
  -------         DO            
  D:0007H         SYMBOL        i
  -------         ENDDO         
  C:47A5H         LINE#         18
  C:47A5H         LINE#         19
  C:47A5H         LINE#         22
  C:47A6H         LINE#         23
  C:47A8H         LINE#         24
  C:47AAH         LINE#         25
  -------         ENDPROC       FD628_DELAY10US
  -------         PROC          _FD612_START
  X:0012H         SYMBOL        ops
  C:3D68H         LINE#         52
  C:3D73H         LINE#         53
  C:3D73H         LINE#         54
  C:3D87H         LINE#         55
  C:3D9BH         LINE#         56
  C:3DAFH         LINE#         57
  C:3DC0H         LINE#         58
  C:3DC3H         LINE#         59
  C:3DD0H         LINE#         60
  C:3DD3H         LINE#         61
  C:3DE7H         LINE#         62
  -------         ENDPROC       _FD612_START
  -------         PROC          _FD612_STOP
  X:0012H         SYMBOL        ops
  C:4029H         LINE#         71
  C:4034H         LINE#         72
  C:4034H         LINE#         73
  C:4048H         LINE#         74
  C:405CH         LINE#         75
  C:406AH         LINE#         76
  C:406DH         LINE#         77
  C:4081H         LINE#         78
  -------         ENDPROC       _FD612_STOP
  -------         PROC          _FD612_WRBYTE
  X:0012H         SYMBOL        ops
  X:0015H         SYMBOL        dat
  -------         DO            
  X:0016H         SYMBOL        i
  X:0017H         SYMBOL        ACKTemp
  -------         ENDDO         
  C:2E1BH         LINE#         88
  C:2E29H         LINE#         89
  C:2E29H         LINE#         91
  C:2E30H         LINE#         92
  C:2E44H         LINE#         93
  C:2E49H         LINE#         94
  C:2E49H         LINE#         95
  C:2E53H         LINE#         96
  C:2E53H         LINE#         97
  C:2E5EH         LINE#         98
  C:2E60H         LINE#         100
  C:2E60H         LINE#         101
  C:2E71H         LINE#         102
  C:2E71H         LINE#         103
BL51 BANKED LINKER/LOCATER V6.22                                                      07/26/2018  17:42:19  PAGE 22


  C:2E85H         LINE#         104
  C:2E8DH         LINE#         105
  C:2E8DH         LINE#         106
  C:2E8DH         LINE#         107
  C:2E90H         LINE#         108
  C:2E9BH         LINE#         110
  C:2EAFH         LINE#         111
  C:2EC3H         LINE#         112
  C:2ED7H         LINE#         113
  C:2EF7H         LINE#         114
  C:2EFCH         LINE#         115
  C:2EFCH         LINE#         116
  C:2EFCH         LINE#         117
  C:2EFFH         LINE#         118
  C:2F07H         LINE#         119
  -------         ENDPROC       _FD612_WRBYTE
  -------         PROC          _FD612_COMMAND
  X:000EH         SYMBOL        ops
  X:0011H         SYMBOL        CMD
  C:45A9H         LINE#         143
  C:45B9H         LINE#         144
  C:45B9H         LINE#         145
  C:45BCH         LINE#         146
  C:45CDH         LINE#         147
  -------         ENDPROC       _FD612_COMMAND
  -------         PROC          _FD612_DISPDATAREFRESH
  X:0007H         SYMBOL        FD612_DispBuff
  X:000AH         SYMBOL        ops
  -------         DO            
  X:000DH         SYMBOL        i
  -------         ENDDO         
  C:3DEAH         LINE#         155
  C:3DF5H         LINE#         156
  C:3DF5H         LINE#         158
  C:3E03H         LINE#         159
  C:3E11H         LINE#         160
  C:3E21H         LINE#         165
  C:3E30H         LINE#         166
  C:3E5AH         LINE#         168
  -------         ENDPROC       _FD612_DISPDATAREFRESH
  -------         PROC          _FD612_BASE_REFRESH
  X:0001H         SYMBOL        FD612_DispBuff
  X:0004H         SYMBOL        ops
  C:3F4FH         LINE#         177
  C:3F5AH         LINE#         178
  C:3F5AH         LINE#         179
  C:3F7AH         LINE#         180
  C:3F9DH         LINE#         181
  -------         ENDPROC       _FD612_BASE_REFRESH
  -------         PROC          _FD612_POTIVETNAGE
  X:0001H         SYMBOL        Addr
  X:0002H         SYMBOL        Dat
  X:0003H         SYMBOL        FD612_DispBuff
  -------         DO            
  X:0006H         SYMBOL        i
  X:0007H         SYMBOL        j
  -------         ENDDO         
BL51 BANKED LINKER/LOCATER V6.22                                                      07/26/2018  17:42:19  PAGE 23


  C:2F08H         LINE#         289
  C:2F19H         LINE#         291
  C:2F29H         LINE#         292
  C:2F46H         LINE#         293
  C:2F46H         LINE#         294
  C:2F6DH         LINE#         295
  C:2F96H         LINE#         296
  C:2F98H         LINE#         298
  C:2FE8H         LINE#         299
  C:2FF1H         LINE#         300
  -------         ENDPROC       _FD612_POTIVETNAGE
  -------         PROC          _FD612_INIT
  X:0000H         SYMBOL        ops
  X:0003H         SYMBOL        FD612_DispBuff
  -------         DO            
  D:0007H         SYMBOL        i
  -------         ENDDO         
  C:40FFH         LINE#         370
  C:410AH         LINE#         371
  C:410AH         LINE#         373
  C:412AH         LINE#         374
  C:412CH         LINE#         375
  C:4141H         LINE#         376
  C:4146H         LINE#         378
  -------         ENDPROC       _FD612_INIT
  -------         ENDMOD        FD612DRV_DOUBLE

  -------         MODULE        FD612DRV_DEMO
  C:0000H         SYMBOL        _ICE_DUMMY_
  D:0080H         PUBLIC        P0
  D:0090H         PUBLIC        P1
  B:0090H.5       PUBLIC        FD612_CLK_B
  D:00A0H         PUBLIC        P2
  D:00B0H         PUBLIC        P3
  B:0090H.4       PUBLIC        FD612_DIO_B
  X:0304H         PUBLIC        fd612_base_ops
  X:031CH         PUBLIC        FD612_base_DispBuff
  C:490AH         PUBLIC        FD612_BASE_SDA_CLR
  C:4904H         PUBLIC        FD612_BASE_SCL_CLR
  C:4907H         PUBLIC        FD612_BASE_SDA_SET
  C:0068H         PUBLIC        FD612_BASE_SCL_SET
  X:032AH         PUBLIC        fd612_top_ops
  X:0342H         PUBLIC        FD612_top_DispBuff
  C:48ECH         PUBLIC        FD612_BASE_SDA_IN
  C:48DEH         PUBLIC        FD612_BASE_SDA_D_OUT
  C:387AH         PUBLIC        FD612_app_init
  C:48D7H         PUBLIC        FD612_BASE_SCL_D_OUT
  C:48E5H         PUBLIC        FD612_BASE_SDA_D_IN
  -------         PROC          FD612_BASE_SCL_D_OUT
  C:48D7H         LINE#         51
  C:48D7H         LINE#         52
  C:48D7H         LINE#         53
  C:48DDH         LINE#         54
  -------         ENDPROC       FD612_BASE_SCL_D_OUT
  -------         PROC          FD612_BASE_SDA_D_OUT
  C:48DEH         LINE#         55
  C:48DEH         LINE#         56
BL51 BANKED LINKER/LOCATER V6.22                                                      07/26/2018  17:42:19  PAGE 24


  C:48DEH         LINE#         57
  C:48E4H         LINE#         58
  -------         ENDPROC       FD612_BASE_SDA_D_OUT
  -------         PROC          FD612_BASE_SDA_D_IN
  C:48E5H         LINE#         59
  C:48E5H         LINE#         60
  C:48E5H         LINE#         61
  C:48EBH         LINE#         62
  -------         ENDPROC       FD612_BASE_SDA_D_IN
  -------         PROC          FD612_BASE_SDA_IN
  C:48ECH         LINE#         64
  C:48ECH         LINE#         65
  C:48ECH         LINE#         66
  C:48F2H         LINE#         67
  -------         ENDPROC       FD612_BASE_SDA_IN
  -------         PROC          FD612_BASE_SCL_SET
  C:0068H         LINE#         69
  C:0068H         LINE#         70
  C:0068H         LINE#         71
  C:006AH         LINE#         72
  -------         ENDPROC       FD612_BASE_SCL_SET
  -------         PROC          FD612_BASE_SCL_CLR
  C:4904H         LINE#         74
  C:4904H         LINE#         75
  C:4904H         LINE#         76
  C:4906H         LINE#         77
  -------         ENDPROC       FD612_BASE_SCL_CLR
  -------         PROC          FD612_BASE_SDA_SET
  C:4907H         LINE#         79
  C:4907H         LINE#         80
  C:4907H         LINE#         81
  C:4909H         LINE#         82
  -------         ENDPROC       FD612_BASE_SDA_SET
  -------         PROC          FD612_BASE_SDA_CLR
  C:490AH         LINE#         84
  C:490AH         LINE#         85
  C:490AH         LINE#         86
  C:490CH         LINE#         87
  -------         ENDPROC       FD612_BASE_SDA_CLR
  -------         PROC          FD612_APP_INIT
  -------         DO            
  D:0007H         SYMBOL        loop
  -------         ENDDO         
  C:387AH         LINE#         90
  C:387AH         LINE#         91
  C:387AH         LINE#         103
  C:3888H         LINE#         104
  C:3896H         LINE#         105
  C:38A4H         LINE#         106
  C:38B2H         LINE#         107
  C:38C0H         LINE#         108
  C:38CEH         LINE#         109
  C:38DCH         LINE#         110
  C:38EAH         LINE#         112
  C:3901H         LINE#         122
  C:3903H         LINE#         123
  C:390FH         LINE#         124
BL51 BANKED LINKER/LOCATER V6.22                                                      07/26/2018  17:42:19  PAGE 25


  C:3914H         LINE#         127
  -------         ENDPROC       FD612_APP_INIT
  -------         ENDMOD        FD612DRV_DEMO

  -------         MODULE        FD616
  C:0000H         SYMBOL        _ICE_DUMMY_
  D:0080H         PUBLIC        P0
  D:0090H         PUBLIC        P1
  D:00A0H         PUBLIC        P2
  D:00B0H         PUBLIC        P3
  C:47E4H         SYMBOL        FD616_Start
  C:47C8H         PUBLIC        FD616_Init
  X:0350H         PUBLIC        FD616_DispBuff
  C:4508H         SYMBOL        _FD616_WriteByte
  C:47FDH         SYMBOL        FD616_Stop
  C:48FAH         PUBLIC        DELAY10us
  C:482EH         PUBLIC        _FD616_Command
  C:48B9H         PUBLIC        FD616_Refresh
  B:0090H.2       PUBLIC        FD616_SDA
  C:3EE0H         PUBLIC        _anode_display
  B:0090H.3       PUBLIC        FD616_SCL
  C:4663H         PUBLIC        FD616_DispDataRefresh
  -------         PROC          DELAY10US
  -------         DO            
  D:0007H         SYMBOL        i
  -------         ENDDO         
  C:48FAH         LINE#         18
  C:48FAH         LINE#         19
  C:48FAH         LINE#         27
  C:48FBH         LINE#         28
  C:48FDH         LINE#         29
  C:48FFH         LINE#         45
  -------         ENDPROC       DELAY10US
  -------         PROC          FD616_START
  C:47E4H         LINE#         54
  C:47E4H         LINE#         55
  C:47E4H         LINE#         56
  C:47EAH         LINE#         57
  C:47EEH         LINE#         58
  C:47F0H         LINE#         59
  C:47F2H         LINE#         60
  C:47F5H         LINE#         61
  C:47F7H         LINE#         62
  C:47FAH         LINE#         63
  C:47FCH         LINE#         64
  -------         ENDPROC       FD616_START
  -------         PROC          FD616_STOP
  C:47FDH         LINE#         74
  C:47FDH         LINE#         75
  C:47FDH         LINE#         76
  C:4803H         LINE#         77
  C:4807H         LINE#         78
  C:4809H         LINE#         79
  C:480CH         LINE#         80
  C:480EH         LINE#         81
  C:4811H         LINE#         82
  C:4813H         LINE#         83
BL51 BANKED LINKER/LOCATER V6.22                                                      07/26/2018  17:42:19  PAGE 26


  -------         ENDPROC       FD616_STOP
  -------         PROC          _FD616_WRITEBYTE
  D:0006H         SYMBOL        dat
  -------         DO            
  D:0005H         SYMBOL        i
  -------         ENDDO         
  C:4508H         LINE#         93
  C:450AH         LINE#         94
  C:450AH         LINE#         96
  C:4510H         LINE#         97
  C:4512H         LINE#         98
  C:4512H         LINE#         99
  C:4516H         LINE#         100
  C:4516H         LINE#         101
  C:4518H         LINE#         102
  C:451AH         LINE#         104
  C:451AH         LINE#         105
  C:451CH         LINE#         106
  C:451CH         LINE#         107
  C:451FH         LINE#         108
  C:4521H         LINE#         109
  C:4525H         LINE#         110
  C:4528H         LINE#         111
  C:452AH         LINE#         112
  C:452FH         LINE#         114
  C:4531H         LINE#         115
  C:4537H         LINE#         116
  C:453AH         LINE#         117
  C:453CH         LINE#         118
  C:453FH         LINE#         119
  C:4541H         LINE#         120
  -------         ENDPROC       _FD616_WRITEBYTE
  -------         PROC          _FD616_COMMAND
  D:0007H         SYMBOL        dispstatetemp
  C:482EH         LINE#         139
  C:482EH         LINE#         140
  C:482EH         LINE#         141
  C:4833H         LINE#         142
  C:4836H         LINE#         143
  C:483BH         LINE#         144
  C:4843H         LINE#         145
  -------         ENDPROC       _FD616_COMMAND
  -------         PROC          FD616_INIT
  -------         DO            
  D:0007H         SYMBOL        i
  -------         ENDDO         
  C:47C8H         LINE#         386
  C:47C8H         LINE#         387
  C:47C8H         LINE#         389
  C:47CEH         LINE#         392
  C:47D0H         LINE#         393
  C:47D0H         LINE#         394
  C:47DCH         LINE#         395
  C:47E1H         LINE#         396
  -------         ENDPROC       FD616_INIT
  -------         PROC          FD616_REFRESH
  C:48B9H         LINE#         404
BL51 BANKED LINKER/LOCATER V6.22                                                      07/26/2018  17:42:19  PAGE 27


  C:48B9H         LINE#         405
  C:48B9H         LINE#         407
  C:48BCH         LINE#         408
  -------         ENDPROC       FD616_REFRESH
  -------         PROC          FD616_DISPDATAREFRESH
  -------         DO            
  D:0004H         SYMBOL        i
  -------         ENDDO         
  C:4663H         LINE#         412
  C:4663H         LINE#         413
  C:4663H         LINE#         415
  C:4666H         LINE#         416
  C:466BH         LINE#         417
  C:466DH         LINE#         418
  C:4681H         LINE#         419
  C:4684H         LINE#         420
  -------         ENDPROC       FD616_DISPDATAREFRESH
  -------         PROC          _ANODE_DISPLAY
  X:0013H         SYMBOL        addr
  X:0014H         SYMBOL        Data
  -------         DO            
  D:0005H         SYMBOL        i
  -------         ENDDO         
  C:3EE0H         LINE#         423
  C:3EEBH         LINE#         424
  C:3EEBH         LINE#         426
  C:3EEDH         LINE#         427
  C:3EEDH         LINE#         428
  C:3EF4H         LINE#         429
  C:3EF4H         LINE#         430
  C:3F15H         LINE#         431
  C:3F17H         LINE#         433
  C:3F17H         LINE#         434
  C:3F3EH         LINE#         435
  C:3F3EH         LINE#         436
  C:3F49H         LINE#         437
  C:3F4EH         LINE#         438
  -------         ENDPROC       _ANODE_DISPLAY
  -------         ENDMOD        FD616

  -------         MODULE        MAIN
  C:0000H         SYMBOL        _ICE_DUMMY_
  X:801DH         PUBLIC        P35F
  X:800FH         PUBLIC        P17F
  X:801EH         PUBLIC        P36F
  D:0080H         PUBLIC        P0
  X:801FH         PUBLIC        P37F
  D:0090H         PUBLIC        P1
  D:00A0H         PUBLIC        P2
  D:00B0H         PUBLIC        P3
  B:00A8H.7       PUBLIC        EA
  X:8100H         PUBLIC        SPMAX
  X:8021H         PUBLIC        ADCALH
  X:8020H         PUBLIC        ADCALL
  C:4354H         PUBLIC        main
  X:FC03H         PUBLIC        LOCK
  X:8101H         PUBLIC        I2CIOS
BL51 BANKED LINKER/LOCATER V6.22                                                      07/26/2018  17:42:19  PAGE 28


  X:FC06H         PUBLIC        PTSH
  X:FC05H         PUBLIC        PTSL
  X:FC04H         PUBLIC        PADRD
  X:FC01H         PUBLIC        FSCMD
  X:FC02H         PUBLIC        FSDAT
  X:FC00H         PUBLIC        MECON
  X:8000H         PUBLIC        P00F
  X:8008H         PUBLIC        P10F
  X:8001H         PUBLIC        P01F
  X:8010H         PUBLIC        P20F
  X:8009H         PUBLIC        P11F
  X:8002H         PUBLIC        P02F
  X:8018H         PUBLIC        P30F
  X:8011H         PUBLIC        P21F
  X:800AH         PUBLIC        P12F
  X:8003H         PUBLIC        P03F
  X:8019H         PUBLIC        P31F
  X:800BH         PUBLIC        P13F
  X:8004H         PUBLIC        P04F
  X:801AH         PUBLIC        P32F
  X:800CH         PUBLIC        P14F
  X:8005H         PUBLIC        P05F
  X:801BH         PUBLIC        P33F
  X:800DH         PUBLIC        P15F
  X:8006H         PUBLIC        P06F
  X:801CH         PUBLIC        P34F
  X:800EH         PUBLIC        P16F
  X:8007H         PUBLIC        P07F
  -------         PROC          MAIN
  C:4354H         LINE#         23
  C:4354H         LINE#         24
  C:4354H         LINE#         26
  C:435FH         LINE#         36
  C:4368H         LINE#         39
  C:436AH         LINE#         41
  C:436DH         LINE#         42
  C:4370H         LINE#         43
  C:4373H         LINE#         44
  C:4376H         LINE#         45
  C:4379H         LINE#         46
  C:437CH         LINE#         47
  C:437FH         LINE#         48
  C:4382H         LINE#         49
  C:4385H         LINE#         50
  C:4388H         LINE#         51
  C:438BH         LINE#         52
  C:438EH         LINE#         55
  C:438EH         LINE#         56
  C:438EH         LINE#         59
  C:4391H         LINE#         60
  C:4394H         LINE#         61
  C:4397H         LINE#         62
  C:439AH         LINE#         64
  C:439DH         LINE#         65
  C:439DH         LINE#         66
  C:43A0H         LINE#         67
  C:43A2H         LINE#         69
BL51 BANKED LINKER/LOCATER V6.22                                                      07/26/2018  17:42:19  PAGE 29


  C:43A2H         LINE#         70
  C:43A5H         LINE#         71
  C:43A8H         LINE#         72
  C:43A8H         LINE#         73
  -------         ENDPROC       MAIN
  -------         ENDMOD        MAIN

  -------         MODULE        USR
  C:0000H         SYMBOL        _ICE_DUMMY_
  C:47ABH         PUBLIC        key_into_init
  C:214CH         PUBLIC        _alarm_sleep_judge
  C:3713H         PUBLIC        voice_control
  C:283DH         PUBLIC        _set_time_mon_blink
  D:0080H         PUBLIC        P0
  X:02B0H         PUBLIC        back_TIME_Flag
  D:0090H         PUBLIC        P1
  D:00A0H         PUBLIC        P2
  C:48CEH         PUBLIC        TIMER0_ISR
  D:00B0H         PUBLIC        P3
  X:02B1H         PUBLIC        ADC_Display
  B:0020H.0       PUBLIC        display_flag_week
  B:0020H.1       PUBLIC        alarm_voice_flag
  C:3B27H         PUBLIC        key_display_up_down
  X:02B2H         PUBLIC        DOWN_Long_Flag
  X:02B3H         PUBLIC        SET_Short_Flag_mon_day
  X:02B4H         PUBLIC        DOWN_Short_Flag
  X:02B5H         PUBLIC        display_flag_year
  X:02B6H         PUBLIC        ADC_ONE
  X:02B7H         PUBLIC        TEM_F
  C:448AH         PUBLIC        power_detect
  C:23C9H         PUBLIC        ADC_Convert
  B:0020H.2       PUBLIC        blink_flag
  C:1BFAH         PUBLIC        display_init
  C:1FCFH         PUBLIC        _alarm_hour_up_down
  X:02BBH         PUBLIC        SET_Short_Flag_hur_min
  X:02BCH         PUBLIC        voice_flag
  C:1961H         PUBLIC        display_all
  B:0020H.3       PUBLIC        HalfSecFlag
  C:2737H         PUBLIC        _alarm_min_up_down
  X:02BDH         PUBLIC        SET_Short_Flag_display
  C:261FH         PUBLIC        _alarm_on_off_set
  X:02BEH         PUBLIC        key_time_2count
  B:0020H.4       PUBLIC        back_first
  X:02BFH         PUBLIC        hour_chage_state
  C:39D6H         PUBLIC        _mday_long_up_down
  X:02C0H         PUBLIC        voice_fisrt
  C:2B40H         PUBLIC        _alarm_hour_blink
  B:0080H.6       PUBLIC        UP
  B:0090H.6       PUBLIC        buzzer
  C:31A5H         PUBLIC        _year_long_up_down
  C:2C38H         PUBLIC        _alarm_min_blink
  B:0020H.5       PUBLIC        long_flag
  C:3339H         PUBLIC        _hour_chage_input
  X:02C1H         PUBLIC        time
  X:02C8H         PUBLIC        power_delay_time
  B:0020H.6       PUBLIC        adc_first
  X:02C9H         PUBLIC        flag_year_leap
BL51 BANKED LINKER/LOCATER V6.22                                                      07/26/2018  17:42:19  PAGE 30


  X:02CDH         PUBLIC        ADC_Display1
  C:2FF2H         PUBLIC        _hour_long_up_down
  X:02CEH         PUBLIC        ADC_TIME_Flag
  B:0080H.7       PUBLIC        RESET1
  C:3C57H         PUBLIC        RTC_ISR
  C:4449H         PUBLIC        after_arrive_write_1302
  C:4639H         PUBLIC        alarm_time_init
  B:0080H.5       PUBLIC        DOWN
  B:0020H.7       PUBLIC        long_add_flag
  C:392BH         PUBLIC        _min_long_up_down
  X:02CFH         PUBLIC        power_first
  X:02D0H         PUBLIC        SET_Long_Flag
  C:468CH         PUBLIC        _leep_year
  X:02D1H         PUBLIC        SET_Short_Flag
  C:2946H         PUBLIC        mday_over_judge
  C:3403H         PUBLIC        _mon_long_up_down
  X:02D2H         PUBLIC        dis
  X:02DCH         PUBLIC        alarm1
  B:0021H.0       PUBLIC        blink2_flag
  X:02E1H         PUBLIC        alarm2
  C:37C8H         PUBLIC        hour_min_display
  B:0021H.1       PUBLIC        blink3_flag
  B:0021H.2       PUBLIC        time1_second
  X:02E6H         PUBLIC        alarm3
  X:02EBH         PUBLIC        display_flag_mon_day
  C:3CE3H         PUBLIC        from_ds1302_read_time_data
  B:0080H.3       PUBLIC        voice_key
  C:0978H         PUBLIC        key_statue
  X:02ECH         PUBLIC        hour_12_24_flag
  X:02EDH         PUBLIC        dc
  X:02EEH         PUBLIC        sd_select_first
  C:476EH         PUBLIC        _key_off_alarm_clock
  C:3590H         PUBLIC        _set_time_minute_blink
  C:460BH         PUBLIC        Alarm_display
  D:008CH         PUBLIC        TH0
  X:02EFH         PUBLIC        display_flag_hur_min
  D:008AH         PUBLIC        TL0
  C:4542H         PUBLIC        _alarm_24switch12
  C:4702H         PUBLIC        _alarm_12switch24
  C:3A87H         PUBLIC        _hour_over_judge
  X:02F0H         PUBLIC        set_status_flag
  X:02F1H         PUBLIC        sd_flag
  D:00BDH         PUBLIC        ADCDH
  B:0021H.3       PUBLIC        key_first
  X:02F2H         PUBLIC        delaytime_1second
  B:0088H.4       PUBLIC        TR0
  C:44D3H         PUBLIC        _min_over_judge
  C:1285H         PUBLIC        de_week
  X:02F3H         PUBLIC        dc_1second
  X:02F4H         PUBLIC        ADC_AVG_NUM
  D:00BCH         PUBLIC        ADCDL
  B:0080H.1       PUBLIC        power_key
  B:0021H.4       PUBLIC        sd_mode_flag
  C:423DH         PUBLIC        mon_over_judge
  C:4884H         PUBLIC        _decimal_bcd
  C:4760H         PUBLIC        _bcd_decimal
  C:429BH         PUBLIC        _alarm_hour_set
BL51 BANKED LINKER/LOCATER V6.22                                                      07/26/2018  17:42:19  PAGE 31


  C:2298H         PUBLIC        sd_mode
  X:02F7H         PUBLIC        dc_over_flag
  C:42F8H         PUBLIC        _alarm_min_set
  X:02F8H         PUBLIC        TEM
  D:00B9H         PUBLIC        ADCON
  C:3654H         PUBLIC        _set_time_year_blink
  X:02FCH         PUBLIC        back_voice_Flag
  C:30DAH         PUBLIC        _Week_display
  B:00B0H.4       PUBLIC        SET
  X:02FDH         PUBLIC        key_delaytime
  X:02FEH         PUBLIC        key_time_2second
  C:2D2BH         PUBLIC        _set_time_day_blink
  X:02FFH         PUBLIC        UP_Long_Flag
  C:34CCH         PUBLIC        _set_time_hour_blink
  X:0300H         PUBLIC        UP_Short_Flag
  C:326FH         PUBLIC        InitDS1302
  X:0301H         PUBLIC        flag_display
  C:3E68H         PUBLIC        _display_12_24_blink
  D:00EEH         PUBLIC        RTCIF
  C:2A43H         PUBLIC        bright_contrl
  C:1639H         PUBLIC        display
  X:0302H         PUBLIC        hour_pm_flag
  X:0303H         PUBLIC        alarm_clock_flag
  B:0021H.5       PUBLIC        up_down_flag
  -------         PROC          TIMER0_ISR
  C:48CEH         LINE#         47
  C:48CEH         LINE#         49
  C:48D1H         LINE#         50
  C:48D4H         LINE#         51
  C:48D6H         LINE#         53
  -------         ENDPROC       TIMER0_ISR
  -------         PROC          RTC_ISR
  C:3C57H         LINE#         55
  C:3C64H         LINE#         57
  C:3C69H         LINE#         58
  C:3C69H         LINE#         59
  C:3C6CH         LINE#         60
  C:3C6CH         LINE#         61
  C:3C71H         LINE#         62
  C:3C71H         LINE#         63
  C:3C74H         LINE#         65
  C:3C7AH         LINE#         66
  C:3C86H         LINE#         67
  C:3C86H         LINE#         68
  C:3C88H         LINE#         69
  C:3C8AH         LINE#         70
  C:3C90H         LINE#         71
  C:3C95H         LINE#         72
  C:3C95H         LINE#         73
  C:3C9BH         LINE#         74
  C:3CA7H         LINE#         75
  C:3CA7H         LINE#         76
  C:3CA9H         LINE#         77
  C:3CAEH         LINE#         81
  C:3CAEH         LINE#         82
  C:3CB4H         LINE#         83
  C:3CBEH         LINE#         84
BL51 BANKED LINKER/LOCATER V6.22                                                      07/26/2018  17:42:19  PAGE 32


  C:3CBEH         LINE#         85
  C:3CC0H         LINE#         86
  C:3CC6H         LINE#         87
  C:3CCCH         LINE#         88
  C:3CD2H         LINE#         89
  C:3CD8H         LINE#         90
  C:3CD8H         LINE#         91
  C:3CD8H         LINE#         93
[...]
  -------         PROC          _ALARM_12SWITCH24
  D:0001H         SYMBOL        alarm
  C:4702H         LINE#         3339
  C:4702H         LINE#         3340
  C:4702H         LINE#         3341
  C:470AH         LINE#         3342
  C:470AH         LINE#         3343
  C:4716H         LINE#         3344
  C:471DH         LINE#         3345
  C:471DH         LINE#         3346
  C:4727H         LINE#         3347
  -------         ENDPROC       _ALARM_12SWITCH24
  -------         PROC          _ALARM_24SWITCH12
  D:0001H         SYMBOL        alarm
  C:4542H         LINE#         3349
  C:4542H         LINE#         3350
  C:4542H         LINE#         3351
  C:454AH         LINE#         3352
  C:454AH         LINE#         3353
  C:454FH         LINE#         3354
  C:4557H         LINE#         3355
  C:4557H         LINE#         3356
  C:4566H         LINE#         3357
  C:4575H         LINE#         3358
  -------         ENDPROC       _ALARM_24SWITCH12
  -------         PROC          L?0575
  -------         ENDPROC       L?0575
  -------         PROC          _HOUR_OVER_JUDGE
  X:0001H         SYMBOL        add_redue_flag
  C:3A87H         LINE#         3360
  C:3A8CH         LINE#         3361
  C:3A8CH         LINE#         3362
  C:3A92H         LINE#         3363
  C:3A92H         LINE#         3365
  C:3A9CH         LINE#         3366
  C:3A9CH         LINE#         3367
  C:3A9CH         LINE#         3368
  C:3A9CH         LINE#         3369
  C:3AA6H         LINE#         3370
BL51 BANKED LINKER/LOCATER V6.22                                                      07/26/2018  17:42:19  PAGE 65


  C:3AB2H         LINE#         3371
  C:3AB4H         LINE#         3372
  C:3AB4H         LINE#         3373
  C:3AB4H         LINE#         3374
  C:3AB4H         LINE#         3375
  C:3ABEH         LINE#         3376
  C:3AC7H         LINE#         3377
  C:3AC9H         LINE#         3378
  C:3AC9H         LINE#         3379
  C:3AC9H         LINE#         3380
  C:3AC9H         LINE#         3382
  C:3AC9H         LINE#         3383
  C:3AD3H         LINE#         3384
  C:3AD3H         LINE#         3385
  C:3AD3H         LINE#         3386
  C:3AD3H         LINE#         3387
  C:3ADEH         LINE#         3388
  C:3AE0H         LINE#         3389
  C:3AE0H         LINE#         3390
  C:3AE0H         LINE#         3391
  C:3AE0H         LINE#         3392
  C:3AEAH         LINE#         3393
  C:3AEAH         LINE#         3394
  C:3AEAH         LINE#         3395
  C:3AEAH         LINE#         3397
  C:3AEAH         LINE#         3399
  C:3AF4H         LINE#         3400
  C:3AFAH         LINE#         3401
  C:3AFAH         LINE#         3402
  C:3B01H         LINE#         3403
  C:3B10H         LINE#         3404
  C:3B14H         LINE#         3405
  C:3B16H         LINE#         3406
  C:3B1DH         LINE#         3407
  -------         ENDPROC       _HOUR_OVER_JUDGE
  -------         PROC          L?0576
  -------         ENDPROC       L?0576
  -------         PROC          _MIN_OVER_JUDGE
  D:0007H         SYMBOL        add_redue_flag
  C:44D3H         LINE#         3411
  C:44D3H         LINE#         3412
  C:44D3H         LINE#         3413
  C:44DAH         LINE#         3414
  C:44DAH         LINE#         3415
  C:44DAH         LINE#         3416
  C:44DAH         LINE#         3417
  C:44E5H         LINE#         3418
  C:44E7H         LINE#         3419
  C:44E7H         LINE#         3420
  C:44E7H         LINE#         3421
  C:44E7H         LINE#         3422
  C:44F1H         LINE#         3423
  C:44F1H         LINE#         3424
  C:44F1H         LINE#         3425
  C:44F1H         LINE#         3426
  C:44F8H         LINE#         3427
  C:4503H         LINE#         3428
BL51 BANKED LINKER/LOCATER V6.22                                                      07/26/2018  17:42:19  PAGE 66


  -------         ENDPROC       _MIN_OVER_JUDGE
  -------         PROC          _ALARM_ON_OFF_SET
  X:0000H         SYMBOL        alarm_num
  X:0001H         SYMBOL        alarm
  C:261FH         LINE#         3431
  C:262DH         LINE#         3432
  C:262DH         LINE#         3433
  C:2636H         LINE#         3434
  C:263FH         LINE#         3435
  C:2652H         LINE#         3436
  C:266AH         LINE#         3437
  C:2670H         LINE#         3438
  C:2670H         LINE#         3439
  C:2673H         LINE#         3440
  C:2673H         LINE#         3441
  C:2686H         LINE#         3442
  C:2686H         LINE#         3445
  C:268DH         LINE#         3446
  C:2696H         LINE#         3447
  C:269FH         LINE#         3448
  C:26A3H         LINE#         3450
  C:26A5H         LINE#         3452
  C:26A5H         LINE#         3453
  C:26ADH         LINE#         3454
  C:26B6H         LINE#         3455
  C:26BFH         LINE#         3456
  C:26C7H         LINE#         3457
  C:26C7H         LINE#         3459
  C:26C9H         LINE#         3463
  C:26CBH         LINE#         3465
  C:26CBH         LINE#         3466
  C:26D3H         LINE#         3467
  C:26DBH         LINE#         3468
  C:26E3H         LINE#         3469
  C:26EBH         LINE#         3470
  C:26EDH         LINE#         3472
  C:26EDH         LINE#         3474
  C:26EFH         LINE#         3475
  C:26EFH         LINE#         3476
  C:2709H         LINE#         3477
  C:270CH         LINE#         3478
  C:2713H         LINE#         3479
  C:2713H         LINE#         3480
  C:272CH         LINE#         3481
  C:2731H         LINE#         3482
  C:2736H         LINE#         3483
  C:2736H         LINE#         3485
  -------         ENDPROC       _ALARM_ON_OFF_SET
  -------         PROC          _ALARM_HOUR_BLINK
  X:0003H         SYMBOL        blink_enable
  X:0004H         SYMBOL        alarm
  C:2B40H         LINE#         3487
  C:2B4EH         LINE#         3488
  C:2B4EH         LINE#         3489
  C:2B6AH         LINE#         3490
  C:2B93H         LINE#         3491
  C:2B99H         LINE#         3492
BL51 BANKED LINKER/LOCATER V6.22                                                      07/26/2018  17:42:19  PAGE 67


  C:2B99H         LINE#         3493
  C:2B9CH         LINE#         3494
  C:2B9CH         LINE#         3495
  C:2BC0H         LINE#         3496
  C:2BE6H         LINE#         3497
  C:2BEEH         LINE#         3500
  C:2BF0H         LINE#         3502
  C:2BF0H         LINE#         3503
  C:2BF2H         LINE#         3504
  C:2BFAH         LINE#         3505
  C:2C02H         LINE#         3506
  C:2C02H         LINE#         3507
  C:2C1CH         LINE#         3508
  C:2C2BH         LINE#         3509
  C:2C32H         LINE#         3510
  C:2C35H         LINE#         3511
  C:2C37H         LINE#         3512
  C:2C37H         LINE#         3513
  -------         ENDPROC       _ALARM_HOUR_BLINK
  -------         PROC          _ALARM_HOUR_SET
  X:0000H         SYMBOL        alarm
  C:429BH         LINE#         3514
  C:42A6H         LINE#         3515
  C:42A6H         LINE#         3516
  C:42ABH         LINE#         3517
  C:42B2H         LINE#         3518
  C:42B2H         LINE#         3519
  C:42C2H         LINE#         3520
  C:42CDH         LINE#         3522
  C:42D2H         LINE#         3523
  C:42D2H         LINE#         3524
  C:42D9H         LINE#         3525
  C:42D9H         LINE#         3526
  C:42DBH         LINE#         3527
  C:42EBH         LINE#         3528
  C:42F7H         LINE#         3529
  C:42F7H         LINE#         3531
  -------         ENDPROC       _ALARM_HOUR_SET
  -------         PROC          _ALARM_HOUR_UP_DOWN
  D:0007H         SYMBOL        long_key_enble
  D:0005H         SYMBOL        up_down_seclect
  X:0003H         SYMBOL        alarm
  C:1FCFH         LINE#         3533
  C:1FDAH         LINE#         3534
  C:1FDAH         LINE#         3535
  C:1FDDH         LINE#         3536
  C:1FDDH         LINE#         3537
  C:1FF0H         LINE#         3538
  C:1FF6H         LINE#         3539
  C:1FF6H         LINE#         3540
  C:200EH         LINE#         3541
  C:2020H         LINE#         3542
  C:2020H         LINE#         3543
  C:202EH         LINE#         3544
  C:2033H         LINE#         3545
  C:2033H         LINE#         3546
  C:2035H         LINE#         3548
BL51 BANKED LINKER/LOCATER V6.22                                                      07/26/2018  17:42:19  PAGE 68


  C:2035H         LINE#         3549
  C:204CH         LINE#         3550
  C:204CH         LINE#         3551
  C:204CH         LINE#         3552
  C:2051H         LINE#         3553
  C:2051H         LINE#         3554
  C:2064H         LINE#         3555
  C:206AH         LINE#         3556
  C:206AH         LINE#         3557
  C:207FH         LINE#         3558
  C:2091H         LINE#         3559
  C:2091H         LINE#         3560
  C:209FH         LINE#         3561
  C:20A4H         LINE#         3562
  C:20A4H         LINE#         3563
  C:20A6H         LINE#         3565
  C:20A6H         LINE#         3566
  C:20BEH         LINE#         3567
  C:20BEH         LINE#         3568
  C:20BEH         LINE#         3571
  C:20C4H         LINE#         3572
  C:20C4H         LINE#         3573
  C:20E8H         LINE#         3574
  C:210EH         LINE#         3575
  C:2128H         LINE#         3576
  C:2137H         LINE#         3577
  C:213EH         LINE#         3578
  C:2141H         LINE#         3579
  C:2146H         LINE#         3580
  C:214BH         LINE#         3581
  C:214BH         LINE#         3582
  -------         ENDPROC       _ALARM_HOUR_UP_DOWN
  -------         PROC          _ALARM_MIN_BLINK
  X:0003H         SYMBOL        blink_enable
  X:0004H         SYMBOL        alarm
  C:2C38H         LINE#         3585
  C:2C46H         LINE#         3586
  C:2C46H         LINE#         3587
  C:2C5FH         LINE#         3588
  C:2C85H         LINE#         3589
  C:2C8BH         LINE#         3590
  C:2C8BH         LINE#         3591
  C:2C8EH         LINE#         3592
  C:2C8EH         LINE#         3593
  C:2C96H         LINE#         3594
  C:2CBDH         LINE#         3595
  C:2CE1H         LINE#         3596
  C:2CE3H         LINE#         3598
  C:2CE3H         LINE#         3599
  C:2CE5H         LINE#         3600
  C:2CEDH         LINE#         3601
  C:2CF5H         LINE#         3603
  C:2CF5H         LINE#         3605
  C:2D0FH         LINE#         3606
  C:2D1EH         LINE#         3607
  C:2D25H         LINE#         3608
  C:2D28H         LINE#         3609
BL51 BANKED LINKER/LOCATER V6.22                                                      07/26/2018  17:42:19  PAGE 69


  C:2D2AH         LINE#         3611
  C:2D2AH         LINE#         3612
  -------         ENDPROC       _ALARM_MIN_BLINK
  -------         PROC          _ALARM_MIN_SET
  X:0000H         SYMBOL        alarm
  C:42F8H         LINE#         3613
  C:4303H         LINE#         3614
  C:4303H         LINE#         3615
  C:4308H         LINE#         3616
  C:430FH         LINE#         3617
  C:430FH         LINE#         3618
  C:4322H         LINE#         3619
  C:4328H         LINE#         3620
  C:432DH         LINE#         3621
  C:432DH         LINE#         3622
  C:4334H         LINE#         3623
  C:4334H         LINE#         3624
  C:4347H         LINE#         3625
  C:434EH         LINE#         3626
  C:4353H         LINE#         3627
  C:4353H         LINE#         3628
  -------         ENDPROC       _ALARM_MIN_SET
  -------         PROC          _ALARM_MIN_UP_DOWN
  D:0007H         SYMBOL        long_key_enble
  D:0005H         SYMBOL        up_down_seclect
  X:0003H         SYMBOL        alarm
  C:2737H         LINE#         3629
  C:2742H         LINE#         3630
  C:2742H         LINE#         3631
  C:2745H         LINE#         3632
  C:2745H         LINE#         3633
  C:275BH         LINE#         3634
  C:2775H         LINE#         3635
  C:2777H         LINE#         3637
  C:2777H         LINE#         3638
  C:278DH         LINE#         3639
  C:27A9H         LINE#         3640
  C:27A9H         LINE#         3643
  C:27AFH         LINE#         3644
  C:27AFH         LINE#         3645
  C:27D6H         LINE#         3646
  C:27FFH         LINE#         3647
  C:2819H         LINE#         3648
  C:2828H         LINE#         3649
  C:282FH         LINE#         3650
  C:2832H         LINE#         3651
  C:2837H         LINE#         3652
  C:283CH         LINE#         3653
  C:283CH         LINE#         3654
  -------         ENDPROC       _ALARM_MIN_UP_DOWN
  -------         PROC          _KEY_OFF_ALARM_CLOCK
  D:0001H         SYMBOL        alarm
  C:476EH         LINE#         3657
  C:476EH         LINE#         3658
  C:476EH         LINE#         3659
  C:4777H         LINE#         3660
  C:4777H         LINE#         3661
BL51 BANKED LINKER/LOCATER V6.22                                                      07/26/2018  17:42:19  PAGE 70


  C:4780H         LINE#         3662
  C:4780H         LINE#         3663
  C:4787H         LINE#         3664
  C:4789H         LINE#         3665
  C:478BH         LINE#         3666
  C:478DH         LINE#         3667
  C:478DH         LINE#         3668
  C:478DH         LINE#         3669
  -------         ENDPROC       _KEY_OFF_ALARM_CLOCK
  -------         ENDMOD        USR

  -------         MODULE        ?C?FPADD
  C:0075H         PUBLIC        ?C?FPADD
  C:0071H         PUBLIC        ?C?FPSUB
  -------         ENDMOD        ?C?FPADD

  -------         MODULE        ?C?FPMUL
  C:0166H         PUBLIC        ?C?FPMUL
  -------         ENDMOD        ?C?FPMUL

  -------         MODULE        ?C?FPDIV
  C:026FH         PUBLIC        ?C?FPDIV
  -------         ENDMOD        ?C?FPDIV

  -------         MODULE        ?C?FCAST
  C:0316H         PUBLIC        ?C?FCASTC
  C:0311H         PUBLIC        ?C?FCASTI
  C:030CH         PUBLIC        ?C?FCASTL
  -------         ENDMOD        ?C?FCAST

  -------         MODULE        ?C?CASTF
  C:034AH         PUBLIC        ?C?CASTF
  -------         ENDMOD        ?C?CASTF

  -------         MODULE        LOG
  C:252AH         PUBLIC        _LOG
  C:2526H         PUBLIC        _LOG10
  -------         ENDMOD        LOG

  -------         MODULE        VSPRINTF
  X:012BH         PUBLIC        ?_VSPRINTF?BYTE
  C:43FFH         PUBLIC        _VSPRINTF
  -------         ENDMOD        VSPRINTF

  -------         MODULE        PRINTF
  X:0134H         PUBLIC        ?_PRINTF?BYTE
  X:0134H         PUBLIC        ?_SPRINTF?BYTE
  C:0E6DH         PUBLIC        _PRINTF
  C:0E67H         PUBLIC        _SPRINTF
  -------         ENDMOD        PRINTF

  -------         MODULE        ?C?FPROUND
  C:0418H         PUBLIC        ?C?FPROUND
  -------         ENDMOD        ?C?FPROUND

  -------         MODULE        ?C?FPCONVERT
  C:0455H         PUBLIC        ?C?FPCONVERT
BL51 BANKED LINKER/LOCATER V6.22                                                      07/26/2018  17:42:19  PAGE 71


  -------         ENDMOD        ?C?FPCONVERT

  -------         MODULE        ?C?FTNPWR
  C:058AH         PUBLIC        ?C?FTNPWR
  -------         ENDMOD        ?C?FTNPWR

  -------         MODULE        ?C?CLDPTR
  C:05CAH         PUBLIC        ?C?CLDPTR
  -------         ENDMOD        ?C?CLDPTR

  -------         MODULE        ?C?CLDOPTR
  C:05E3H         PUBLIC        ?C?CLDOPTR
  -------         ENDMOD        ?C?CLDOPTR

  -------         MODULE        ?C?CILDPTR
  C:0610H         PUBLIC        ?C?CILDPTR
  -------         ENDMOD        ?C?CILDPTR

  -------         MODULE        ?C?CILDOPTR
  C:0632H         PUBLIC        ?C?CILDOPTR
  -------         ENDMOD        ?C?CILDOPTR

  -------         MODULE        ?C?CSTPTR
  C:0665H         PUBLIC        ?C?CSTPTR
  -------         ENDMOD        ?C?CSTPTR

  -------         MODULE        ?C?CSTOPTR
  C:0677H         PUBLIC        ?C?CSTOPTR
  -------         ENDMOD        ?C?CSTOPTR

  -------         MODULE        ?C?UIDIV
  C:0699H         PUBLIC        ?C?UIDIV
  -------         ENDMOD        ?C?UIDIV

  -------         MODULE        ?C?ILDIX
  C:06EEH         PUBLIC        ?C?ILDIX
  -------         ENDMOD        ?C?ILDIX

  -------         MODULE        ?C?LMUL
  C:0704H         PUBLIC        ?C?LMUL
  -------         ENDMOD        ?C?LMUL

  -------         MODULE        ?C?ULDIV
  C:078FH         PUBLIC        ?C?ULDIV
  -------         ENDMOD        ?C?ULDIV

  -------         MODULE        ?C?LNEG
  C:0821H         PUBLIC        ?C?LNEG
  -------         ENDMOD        ?C?LNEG

  -------         MODULE        ?C?ULCMP
  C:082FH         PUBLIC        ?C?ULCMP
  -------         ENDMOD        ?C?ULCMP

  -------         MODULE        ?C?LLDCODE
  C:0840H         PUBLIC        ?C?LLDCODE
  -------         ENDMOD        ?C?LLDCODE
BL51 BANKED LINKER/LOCATER V6.22                                                      07/26/2018  17:42:19  PAGE 72



  -------         MODULE        ?C?LLDXDATA0
  C:0850H         PUBLIC        ?C?LLDXDATA0
  -------         ENDMOD        ?C?LLDXDATA0

  -------         MODULE        ?C?LLDCODE0
  C:085CH         PUBLIC        ?C?LLDCODE0
  -------         ENDMOD        ?C?LLDCODE0

  -------         MODULE        ?C?LSTXDATA
  C:086CH         PUBLIC        ?C?LSTXDATA
  -------         ENDMOD        ?C?LSTXDATA

  -------         MODULE        ?C?LSTKXDATA
  C:0878H         PUBLIC        ?C?LSTKXDATA
  -------         ENDMOD        ?C?LSTKXDATA

  -------         MODULE        ?C?OFFXADD
  C:08A9H         PUBLIC        ?C?OFFXADD
  -------         ENDMOD        ?C?OFFXADD

  -------         MODULE        ?C?PLDIXDATA
  C:08B5H         PUBLIC        ?C?PLDIXDATA
  -------         ENDMOD        ?C?PLDIXDATA

  -------         MODULE        ?C?PSTXDATA
  C:08CCH         PUBLIC        ?C?PSTXDATA
  -------         ENDMOD        ?C?PSTXDATA

  -------         MODULE        ?C?PLDPTR
  C:08D5H         PUBLIC        ?C?PLDPTR
  -------         ENDMOD        ?C?PLDPTR

  -------         MODULE        ?C?PLDOPTR
  C:08F5H         PUBLIC        ?C?PLDOPTR
  -------         ENDMOD        ?C?PLDOPTR

  -------         MODULE        ?C?CCASE
  C:0925H         PUBLIC        ?C?CCASE
  -------         ENDMOD        ?C?CCASE

  -------         MODULE        ?C?ICALL
  C:094BH         PUBLIC        ?C?ICALL
  C:094FH         PUBLIC        ?C?ICALL2
  -------         ENDMOD        ?C?ICALL

  -------         MODULE        PUTCHAR
  C:46DBH         PUBLIC        _PUTCHAR
  -------         ENDMOD        PUTCHAR

  -------         MODULE        ?C?PLDIDATA
  C:0951H         PUBLIC        ?C?PLDIDATA
  -------         ENDMOD        ?C?PLDIDATA

  -------         MODULE        ?C?PLDXDATA
  C:095AH         PUBLIC        ?C?PLDXDATA
  -------         ENDMOD        ?C?PLDXDATA
BL51 BANKED LINKER/LOCATER V6.22                                                      07/26/2018  17:42:19  PAGE 73



  -------         MODULE        ?C?PLDPDATA
  C:0963H         PUBLIC        ?C?PLDPDATA
  -------         ENDMOD        ?C?PLDPDATA

  -------         MODULE        ?C?PLDCODE
  C:096CH         PUBLIC        ?C?PLDCODE
  -------         ENDMOD        ?C?PLDCODE

Program Size: data=17.0 xdata=903 code=18700
LINK/LOCATE RUN COMPLETE.  0 WARNING(S),  0 ERROR(S)
