BL51 BANKED LINKER/LOCATER V6.22                                                        01/31/2018  17:38:08  PAGE 1


BL51 BANKED LINKER/LOCATER V6.22, INVOKED BY:
E:\KEIL_V5\C51\BIN\BL51.EXE .\Output\STARTUP.obj, .\Output\FD612Drv.obj, .\Output\Debug.obj, .\Output\config.obj, .\Outp
>> ut\ds1302.obj, .\Output\Main.obj, .\Output\usr.obj TO .\Output\pro PRINT (.\List\pro.m51) RAMSIZE (256)


MEMORY MODEL: LARGE WITH FLOATING POINT ARITHMETIC


INPUT MODULES INCLUDED:
  .\Output\STARTUP.obj (?C_STARTUP)
  .\Output\FD612Drv.obj (FD612DRV)
  .\Output\Debug.obj (DEBUG)
  .\Output\config.obj (CONFIG)
  .\Output\ds1302.obj (DS1302)
  .\Output\Main.obj (MAIN)
  .\Output\usr.obj (USR)
  E:\KEIL_V5\C51\LIB\C51FPL.LIB (?C?FPADD)
  E:\KEIL_V5\C51\LIB\C51FPL.LIB (?C?FPMUL)
  E:\KEIL_V5\C51\LIB\C51FPL.LIB (?C?FPDIV)
  E:\KEIL_V5\C51\LIB\C51FPL.LIB (?C?FCAST)
  E:\KEIL_V5\C51\LIB\C51FPL.LIB (?C?CASTF)
  E:\KEIL_V5\C51\LIB\C51FPL.LIB (LOG)
  E:\KEIL_V5\C51\LIB\C51FPL.LIB (?C?FPGETOPN)
  E:\KEIL_V5\C51\LIB\C51FPL.LIB (?C?FPSERIES)
  E:\KEIL_V5\C51\LIB\C51L.LIB (?C_INIT)
  E:\KEIL_V5\C51\LIB\C51L.LIB (?C?COPY)
  E:\KEIL_V5\C51\LIB\C51L.LIB (?C?LNEG)
  E:\KEIL_V5\C51\LIB\C51L.LIB (?C?LLDCODE)
  E:\KEIL_V5\C51\LIB\C51L.LIB (?C?LLDXDATA0)
  E:\KEIL_V5\C51\LIB\C51L.LIB (?C?LLDCODE0)
  E:\KEIL_V5\C51\LIB\C51L.LIB (?C?LSTXDATA)
  E:\KEIL_V5\C51\LIB\C51L.LIB (?C?LSTKXDATA)
  E:\KEIL_V5\C51\LIB\C51L.LIB (?C?OFFXADD)


LINK MAP OF MODULE:  .\Output\pro (?C_STARTUP)


            TYPE    BASE      LENGTH    RELOCATION   SEGMENT NAME
            -----------------------------------------------------

            * * * * * * *   D A T A   M E M O R Y   * * * * * * *
            REG     0000H     0008H     ABSOLUTE     "REG BANK 0"
                    0008H     0008H                  *** GAP ***
            REG     0010H     0008H     ABSOLUTE     "REG BANK 2"
                    0018H     0008H                  *** GAP ***
            BIT     0020H.0   0000H.1   UNIT         _BIT_GROUP_
                    0020H.1   0000H.7                *** GAP ***
            IDATA   0021H     0001H     UNIT         ?STACK

            * * * * * * *  X D A T A   M E M O R Y  * * * * * * *
            XDATA   0000H     00DEH     UNIT         ?XD?FD612DRV
            XDATA   00DEH     0088H     UNIT         ?XD?USR
            XDATA   0166H     000EH     UNIT         _XDATA_GROUP_

            * * * * * * *   C O D E   M E M O R Y   * * * * * * *
            CODE    0000H     0003H     ABSOLUTE     
            CODE    0003H     0007H     UNIT         ?PR?RESETDS1302?DS1302
BL51 BANKED LINKER/LOCATER V6.22                                                      01/31/2018  17:38:08  PAGE 2


                    000AH     0001H                  *** GAP ***
            CODE    000BH     0003H     ABSOLUTE     
            CODE    000EH     000DH     UNIT         ?PR?_FD612_COMMAND?FD612DRV
            CODE    001BH     0003H     ABSOLUTE     
            CODE    001EH     078CH     UNIT         ?PR?DISPLAY?USR
            CODE    07AAH     0638H     UNIT         ?PR?KEY_STATUE?USR
            CODE    0DE2H     056BH     UNIT         ?PR?_ALARM_SET_DISPLAY?USR
            CODE    134DH     0523H     UNIT         ?C?LIB_CODE
            CODE    1870H     01FDH     UNIT         ?C_INITSEG
            CODE    1A6DH     01E5H     UNIT         ?PR?_ALARM_HOUR_LONG_UP_DOWN?USR
            CODE    1C52H     0129H     UNIT         ?PR?_HOUR_LONG_UP_DOWN?USR
            CODE    1D7BH     0129H     UNIT         ?PR?LOG?LOG
            CODE    1EA4H     0121H     UNIT         ?PR?PM_12_24_ALARM_DISPLAY?USR
            CODE    1FC5H     011EH     UNIT         ?PR?ALARM2_SLEEP?USR
            CODE    20E3H     011BH     UNIT         ?PR?ALARM1_SLEEP?USR
            CODE    21FEH     011BH     UNIT         ?PR?ALARM3_SLEEP?USR
            CODE    2319H     011AH     UNIT         ?PR?MTIMER1INTERRUPT?USR
            CODE    2433H     0113H     UNIT         ?PR?ADC_CONVERT?USR
            CODE    2546H     0111H     UNIT         ?PR?KEY_DISLPAY_UP_DOWN?USR
            CODE    2657H     0109H     UNIT         ?PR?ADC_SWITCH?USR
            CODE    2760H     00DDH     UNIT         ?PR?_FD612_POTIVETNAGE?FD612DRV
            CODE    283DH     00D4H     UNIT         ?PR?SD_MODE?USR
            CODE    2911H     00D2H     UNIT         ?PR?_ALARM_MIN_LONG_UP_DOWN?USR
            CODE    29E3H     00BCH     UNIT         ?PR?FD612_LOOP?FD612DRV
            CODE    2A9FH     00A4H     UNIT         ?PR?POINT_BLINK?USR
            CODE    2B43H     009CH     UNIT         ?PR?DISPLAY_MODE_SELECT?USR
            CODE    2BDFH     009CH     UNIT         ?PR?INITDS1302?USR
            CODE    2C7BH     0090H     UNIT         ?PR?_MIN_LONG_UP_DOWN?USR
            CODE    2D0BH     008FH     UNIT         ?PR?_MDAY_LONG_UP_DOWN?USR
            CODE    2D9AH     008CH     UNIT         ?C_C51STARTUP
            CODE    2E26H     0088H     UNIT         ?PR?_HOUR_CHAGE_INPUT?USR
            CODE    2EAEH     0085H     UNIT         ?PR?FROM_DS1302_READ_TIME_DATA?USR
            CODE    2F33H     0077H     UNIT         ?PR?ALARM_LONG_BLINK?USR
            CODE    2FAAH     006DH     UNIT         ?PR?VOICE_CONTROL?USR
            CODE    3017H     006AH     UNIT         ?PR?_MON_LONG_UP_DOWN?USR
            CODE    3081H     006AH     UNIT         ?PR?_FD612_DISPLAY_2DIG_INPUT?USR
            CODE    30EBH     0066H     UNIT         ?PR?_FD612_DISPLAY_4DIG_INPUT?USR
            CODE    3151H     0066H     UNIT         ?PR?_YEAR_BLINK?USR
            CODE    31B7H     0058H     UNIT         ?PR?_YEAR_LONG_UP_DOWN?USR
            CODE    320FH     0055H     UNIT         ?PR?_PORT1CFG?CONFIG
            CODE    3264H     0055H     UNIT         ?PR?_PORT3CFG?CONFIG
            CODE    32B9H     004BH     UNIT         ?PR?GPIO_INIT?CONFIG
            CODE    3304H     004BH     UNIT         ?PR?DISPLAY_12_24_BLINK?USR
            CODE    334FH     004AH     UNIT         ?PR?MAIN?MAIN
            CODE    3399H     0048H     UNIT         ?PR?DS1302_INIT?CONFIG
            CODE    33E1H     0047H     UNIT         ?PR?TIME0_SETUP?USR
            CODE    3428H     0041H     UNIT         ?PR?MODE1_SELECT_DISLAY?USR
            CODE    3469H     0040H     UNIT         ?PR?_FD612_WRBYTE?FD612DRV
            CODE    34A9H     0039H     UNIT         ?PR?ALARM_HOUR_DISPLAY?USR
            CODE    34E2H     002FH     UNIT         ?PR?AFTER_ARRIVE_WRITE_1302?USR
            CODE    3511H     002BH     UNIT         ?PR?ALARM_MIN_DISPLAY?USR
            CODE    353CH     0029H     UNIT         ?PR?FD612_INIT?FD612DRV
            CODE    3565H     0026H     UNIT         ?PR?FD612_DISPDATAREFRESH?FD612DRV
            CODE    358BH     0023H     UNIT         ?PR?_BCD_DECIMAL?USR
            CODE    35AEH     0021H     UNIT         ?PR?DP_MODE_EXIT?USR
            CODE    35CFH     001FH     UNIT         ?PR?READBYTEDS1302?DS1302
            CODE    35EEH     001CH     UNIT         ?PR?TIME1_INIT?CONFIG
BL51 BANKED LINKER/LOCATER V6.22                                                      01/31/2018  17:38:08  PAGE 3


            CODE    360AH     001CH     UNIT         ?PR?ALARM_DISPLAY?USR
            CODE    3626H     001AH     UNIT         ?PR?TIME0_INIT?CONFIG
            CODE    3640H     0018H     UNIT         ?PR?DISPLAY_INIT_FIRST?CONFIG
            CODE    3658H     0018H     UNIT         ?PR?_WRITEBYTEDS1302?DS1302
            CODE    3670H     0017H     UNIT         ?PR?_MDELAYMS?DEBUG
            CODE    3687H     0015H     UNIT         ?PR?_WRITE_ADDR_BYTE_DS1302?DS1302
            CODE    369CH     0013H     UNIT         ?PR?FD612_REFRESH?FD612DRV
            CODE    36AFH     0012H     UNIT         ?PR?CFGFSYS?DEBUG
            CODE    36C1H     0012H     UNIT         ?PR?ALARM_TIME_INIT?USR
            CODE    36D3H     0012H     UNIT         ?PR?TEMPER_DISPLAY?USR
            CODE    36E5H     0011H     UNIT         ?PR?FD612_START?FD612DRV
            CODE    36F6H     0011H     UNIT         ?PR?_DECIMAL_BCD?USR
            CODE    3707H     000EH     UNIT         ?PR?_MDELAYUS?DEBUG
            CODE    3715H     000DH     UNIT         ?PR?DS1302_W_ON?DS1302
            CODE    3722H     000DH     UNIT         ?PR?DS1302_W_OFF?DS1302
            CODE    372FH     000AH     UNIT         ?PR?FD612_STOP?FD612DRV
            CODE    3739H     000AH     UNIT         ?PR?_READ_ADDR_BYTE_DS1302?DS1302
            CODE    3743H     0009H     UNIT         ?PR?_ADC0_INIT?CONFIG
            CODE    374CH     0009H     UNIT         ?PR?MTIMER0INTERRUPT?USR
            CODE    3755H     0006H     UNIT         ?PR?FD628_DELAY10US?FD612DRV



OVERLAY MAP OF MODULE:   .\Output\pro (?C_STARTUP)


SEGMENT                                       BIT_GROUP          XDATA_GROUP
  +--> CALLED SEGMENT                      START    LENGTH     START    LENGTH
------------------------------------------------------------------------------
?C_C51STARTUP                              -----    -----      -----    -----
  +--> ?PR?MAIN?MAIN
  +--> ?C_INITSEG

?PR?MAIN?MAIN                              -----    -----      -----    -----
  +--> ?PR?CFGFSYS?DEBUG
  +--> ?PR?_MDELAYMS?DEBUG
  +--> ?PR?GPIO_INIT?CONFIG
  +--> ?PR?TIME0_INIT?CONFIG
  +--> ?PR?TIME1_INIT?CONFIG
  +--> ?PR?ALARM_TIME_INIT?USR
  +--> ?PR?_ADC0_INIT?CONFIG
  +--> ?PR?DS1302_INIT?CONFIG
  +--> ?PR?ADC_CONVERT?USR
  +--> ?PR?FD612_INIT?FD612DRV
  +--> ?PR?DISPLAY_INIT_FIRST?CONFIG
  +--> ?PR?KEY_STATUE?USR
  +--> ?PR?DISPLAY?USR
  +--> ?PR?ALARM_DISPLAY?USR
  +--> ?PR?MODE1_SELECT_DISLAY?USR
  +--> ?PR?VOICE_CONTROL?USR
  +--> ?PR?SD_MODE?USR
  +--> ?PR?DISPLAY_MODE_SELECT?USR

?PR?_MDELAYMS?DEBUG                        -----    -----      -----    -----
  +--> ?PR?_MDELAYUS?DEBUG

?PR?GPIO_INIT?CONFIG                       -----    -----      -----    -----
BL51 BANKED LINKER/LOCATER V6.22                                                      01/31/2018  17:38:08  PAGE 4


  +--> ?PR?_PORT1CFG?CONFIG
  +--> ?PR?_PORT3CFG?CONFIG

?PR?DS1302_INIT?CONFIG                     -----    -----      0166H    0001H
  +--> ?PR?_WRITE_ADDR_BYTE_DS1302?DS1302
  +--> ?PR?_READ_ADDR_BYTE_DS1302?DS1302
  +--> ?PR?INITDS1302?USR

?PR?_WRITE_ADDR_BYTE_DS1302?DS1302         -----    -----      -----    -----
  +--> ?PR?DS1302_W_ON?DS1302
  +--> ?PR?RESETDS1302?DS1302
  +--> ?PR?_WRITEBYTEDS1302?DS1302
  +--> ?PR?DS1302_W_OFF?DS1302

?PR?DS1302_W_ON?DS1302                     -----    -----      -----    -----
  +--> ?PR?RESETDS1302?DS1302
  +--> ?PR?_WRITEBYTEDS1302?DS1302

?PR?DS1302_W_OFF?DS1302                    -----    -----      -----    -----
  +--> ?PR?RESETDS1302?DS1302
  +--> ?PR?_WRITEBYTEDS1302?DS1302

?PR?_READ_ADDR_BYTE_DS1302?DS1302          -----    -----      -----    -----
  +--> ?PR?RESETDS1302?DS1302
  +--> ?PR?_WRITEBYTEDS1302?DS1302
  +--> ?PR?READBYTEDS1302?DS1302

?PR?INITDS1302?USR                         -----    -----      0167H    0007H
  +--> ?PR?_DECIMAL_BCD?USR
  +--> ?PR?DS1302_W_ON?DS1302
  +--> ?PR?RESETDS1302?DS1302
  +--> ?PR?_WRITEBYTEDS1302?DS1302
  +--> ?PR?DS1302_W_OFF?DS1302

?PR?ADC_CONVERT?USR                        -----    -----      0166H    000AH
  +--> ?PR?LOG?LOG

?PR?LOG?LOG                                0020H.0  0000H.1    0170H    0004H

?PR?FD612_INIT?FD612DRV                    -----    -----      -----    -----
  +--> ?PR?_FD612_COMMAND?FD612DRV
  +--> ?PR?FD612_REFRESH?FD612DRV

?PR?_FD612_COMMAND?FD612DRV                -----    -----      -----    -----
  +--> ?PR?FD612_START?FD612DRV
  +--> ?PR?_FD612_WRBYTE?FD612DRV
  +--> ?PR?FD612_STOP?FD612DRV

?PR?FD612_START?FD612DRV                   -----    -----      -----    -----
  +--> ?PR?FD628_DELAY10US?FD612DRV

?PR?_FD612_WRBYTE?FD612DRV                 -----    -----      -----    -----
  +--> ?PR?FD628_DELAY10US?FD612DRV

?PR?FD612_STOP?FD612DRV                    -----    -----      -----    -----
  +--> ?PR?FD628_DELAY10US?FD612DRV

BL51 BANKED LINKER/LOCATER V6.22                                                      01/31/2018  17:38:08  PAGE 5


?PR?FD612_REFRESH?FD612DRV                 -----    -----      -----    -----
  +--> ?PR?_FD612_COMMAND?FD612DRV
  +--> ?PR?FD612_DISPDATAREFRESH?FD612DRV

?PR?FD612_DISPDATAREFRESH?FD612DRV         -----    -----      -----    -----
  +--> ?PR?_FD612_COMMAND?FD612DRV
  +--> ?PR?FD612_START?FD612DRV
  +--> ?PR?_FD612_WRBYTE?FD612DRV
  +--> ?PR?FD612_STOP?FD612DRV

?PR?DISPLAY_INIT_FIRST?CONFIG              -----    -----      -----    -----
  +--> ?PR?_READ_ADDR_BYTE_DS1302?DS1302
  +--> ?PR?FD612_LOOP?FD612DRV
  +--> ?PR?FD612_INIT?FD612DRV
  +--> ?PR?_WRITE_ADDR_BYTE_DS1302?DS1302

?PR?FD612_LOOP?FD612DRV                    -----    -----      0166H    0001H
  +--> ?PR?_FD612_POTIVETNAGE?FD612DRV
  +--> ?PR?FD612_REFRESH?FD612DRV
  +--> ?PR?_MDELAYMS?DEBUG

?PR?_FD612_POTIVETNAGE?FD612DRV            -----    -----      016DH    0004H

?PR?KEY_STATUE?USR                         -----    -----      -----    -----
  +--> ?PR?FROM_DS1302_READ_TIME_DATA?USR
  +--> ?PR?TIME0_SETUP?USR
  +--> ?PR?_READ_ADDR_BYTE_DS1302?DS1302
  +--> ?PR?_BCD_DECIMAL?USR
  +--> ?PR?_FD612_POTIVETNAGE?FD612DRV
  +--> ?PR?FD612_REFRESH?FD612DRV
  +--> ?PR?DISPLAY_12_24_BLINK?USR
  +--> ?PR?_YEAR_BLINK?USR
  +--> ?PR?ALARM_LONG_BLINK?USR
  +--> ?PR?KEY_DISLPAY_UP_DOWN?USR
  +--> ?PR?_HOUR_LONG_UP_DOWN?USR
  +--> ?PR?_MIN_LONG_UP_DOWN?USR
  +--> ?PR?_YEAR_LONG_UP_DOWN?USR
  +--> ?PR?_MON_LONG_UP_DOWN?USR
  +--> ?PR?_MDAY_LONG_UP_DOWN?USR
  +--> ?PR?_ALARM_HOUR_LONG_UP_DOWN?USR
  +--> ?PR?_ALARM_MIN_LONG_UP_DOWN?USR
  +--> ?PR?ADC_SWITCH?USR

?PR?FROM_DS1302_READ_TIME_DATA?USR         -----    -----      -----    -----
  +--> ?PR?RESETDS1302?DS1302
  +--> ?PR?_WRITEBYTEDS1302?DS1302
  +--> ?PR?READBYTEDS1302?DS1302
  +--> ?PR?_BCD_DECIMAL?USR

?PR?TIME0_SETUP?USR                        -----    -----      -----    -----
  +--> ?PR?_MDELAYMS?DEBUG

?PR?DISPLAY_12_24_BLINK?USR                -----    -----      -----    -----
  +--> ?PR?_FD612_DISPLAY_2DIG_INPUT?USR
  +--> ?PR?_FD612_DISPLAY_4DIG_INPUT?USR

?PR?_FD612_DISPLAY_2DIG_INPUT?USR          -----    -----      016AH    0003H
BL51 BANKED LINKER/LOCATER V6.22                                                      01/31/2018  17:38:08  PAGE 6


  +--> ?PR?_FD612_POTIVETNAGE?FD612DRV
  +--> ?PR?PM_12_24_ALARM_DISPLAY?USR

?PR?PM_12_24_ALARM_DISPLAY?USR             -----    -----      -----    -----
  +--> ?PR?FD612_REFRESH?FD612DRV

?PR?_FD612_DISPLAY_4DIG_INPUT?USR          -----    -----      0169H    0004H
  +--> ?PR?_FD612_POTIVETNAGE?FD612DRV
  +--> ?PR?PM_12_24_ALARM_DISPLAY?USR
  +--> ?PR?FD612_REFRESH?FD612DRV

?PR?_YEAR_BLINK?USR                        -----    -----      0166H    0001H
  +--> ?PR?_FD612_DISPLAY_4DIG_INPUT?USR

?PR?ALARM_LONG_BLINK?USR                   -----    -----      0166H    0002H
  +--> ?PR?_FD612_DISPLAY_2DIG_INPUT?USR

?PR?KEY_DISLPAY_UP_DOWN?USR                -----    -----      -----    -----
  +--> ?PR?_FD612_DISPLAY_2DIG_INPUT?USR
  +--> ?PR?_FD612_DISPLAY_4DIG_INPUT?USR
  +--> ?PR?ALARM_HOUR_DISPLAY?USR
  +--> ?PR?ALARM_MIN_DISPLAY?USR

?PR?ALARM_HOUR_DISPLAY?USR                 -----    -----      0166H    0002H
  +--> ?PR?_FD612_DISPLAY_2DIG_INPUT?USR

?PR?ALARM_MIN_DISPLAY?USR                  -----    -----      0166H    0002H
  +--> ?PR?_FD612_DISPLAY_2DIG_INPUT?USR

?PR?_HOUR_LONG_UP_DOWN?USR                 -----    -----      0166H    0001H
  +--> ?PR?_READ_ADDR_BYTE_DS1302?DS1302
  +--> ?PR?_BCD_DECIMAL?USR
  +--> ?PR?_FD612_DISPLAY_2DIG_INPUT?USR
  +--> ?PR?_DECIMAL_BCD?USR
  +--> ?PR?_WRITE_ADDR_BYTE_DS1302?DS1302
  +--> ?PR?_MDELAYMS?DEBUG

?PR?_MIN_LONG_UP_DOWN?USR                  -----    -----      0166H    0001H
  +--> ?PR?_READ_ADDR_BYTE_DS1302?DS1302
  +--> ?PR?_BCD_DECIMAL?USR
  +--> ?PR?_FD612_DISPLAY_2DIG_INPUT?USR
  +--> ?PR?_DECIMAL_BCD?USR
  +--> ?PR?_WRITE_ADDR_BYTE_DS1302?DS1302
  +--> ?PR?_MDELAYMS?DEBUG

?PR?_YEAR_LONG_UP_DOWN?USR                 -----    -----      0166H    0001H
  +--> ?PR?_READ_ADDR_BYTE_DS1302?DS1302
  +--> ?PR?_BCD_DECIMAL?USR
  +--> ?PR?_FD612_DISPLAY_4DIG_INPUT?USR
  +--> ?PR?_DECIMAL_BCD?USR
  +--> ?PR?_WRITE_ADDR_BYTE_DS1302?DS1302
  +--> ?PR?_MDELAYMS?DEBUG

?PR?_MON_LONG_UP_DOWN?USR                  -----    -----      0166H    0001H
  +--> ?PR?_READ_ADDR_BYTE_DS1302?DS1302
  +--> ?PR?_BCD_DECIMAL?USR
  +--> ?PR?_FD612_DISPLAY_2DIG_INPUT?USR
BL51 BANKED LINKER/LOCATER V6.22                                                      01/31/2018  17:38:08  PAGE 7


  +--> ?PR?_DECIMAL_BCD?USR
  +--> ?PR?_WRITE_ADDR_BYTE_DS1302?DS1302
  +--> ?PR?_MDELAYMS?DEBUG

?PR?_MDAY_LONG_UP_DOWN?USR                 -----    -----      0166H    0001H
  +--> ?PR?_READ_ADDR_BYTE_DS1302?DS1302
  +--> ?PR?_BCD_DECIMAL?USR
  +--> ?PR?_FD612_DISPLAY_2DIG_INPUT?USR
  +--> ?PR?_DECIMAL_BCD?USR
  +--> ?PR?_WRITE_ADDR_BYTE_DS1302?DS1302
  +--> ?PR?_MDELAYMS?DEBUG

?PR?_ALARM_HOUR_LONG_UP_DOWN?USR           -----    -----      0166H    0004H
  +--> ?PR?_FD612_DISPLAY_2DIG_INPUT?USR
  +--> ?PR?_MDELAYMS?DEBUG

?PR?_ALARM_MIN_LONG_UP_DOWN?USR            -----    -----      0166H    0004H
  +--> ?PR?_FD612_DISPLAY_2DIG_INPUT?USR
  +--> ?PR?_MDELAYMS?DEBUG

?PR?ADC_SWITCH?USR                         -----    -----      -----    -----
  +--> ?PR?_FD612_POTIVETNAGE?FD612DRV
  +--> ?PR?FD612_REFRESH?FD612DRV

?PR?DISPLAY?USR                            -----    -----      -----    -----
  +--> ?PR?FROM_DS1302_READ_TIME_DATA?USR
  +--> ?PR?_FD612_POTIVETNAGE?FD612DRV
  +--> ?PR?FD612_REFRESH?FD612DRV
  +--> ?PR?POINT_BLINK?USR
  +--> ?PR?DISPLAY_12_24_BLINK?USR
  +--> ?PR?_HOUR_CHAGE_INPUT?USR
  +--> ?PR?_FD612_DISPLAY_2DIG_INPUT?USR
  +--> ?PR?AFTER_ARRIVE_WRITE_1302?USR
  +--> ?PR?_DECIMAL_BCD?USR
  +--> ?PR?_WRITE_ADDR_BYTE_DS1302?DS1302
  +--> ?PR?PM_12_24_ALARM_DISPLAY?USR
  +--> ?PR?DP_MODE_EXIT?USR
  +--> ?PR?_YEAR_BLINK?USR
  +--> ?PR?_FD612_DISPLAY_4DIG_INPUT?USR
  +--> ?PR?_ALARM_SET_DISPLAY?USR
  +--> ?PR?ADC_CONVERT?USR
  +--> ?PR?TEMPER_DISPLAY?USR

?PR?POINT_BLINK?USR                        -----    -----      -----    -----
  +--> ?PR?_FD612_POTIVETNAGE?FD612DRV
  +--> ?PR?FD612_REFRESH?FD612DRV

?PR?_HOUR_CHAGE_INPUT?USR                  -----    -----      0166H    0001H
  +--> ?PR?_READ_ADDR_BYTE_DS1302?DS1302
  +--> ?PR?_BCD_DECIMAL?USR
  +--> ?PR?_DECIMAL_BCD?USR
  +--> ?PR?_WRITE_ADDR_BYTE_DS1302?DS1302

?PR?AFTER_ARRIVE_WRITE_1302?USR            -----    -----      -----    -----
  +--> ?PR?_READ_ADDR_BYTE_DS1302?DS1302
  +--> ?PR?_WRITE_ADDR_BYTE_DS1302?DS1302

BL51 BANKED LINKER/LOCATER V6.22                                                      01/31/2018  17:38:08  PAGE 8


?PR?_ALARM_SET_DISPLAY?USR                 -----    -----      0166H    0003H
  +--> ?PR?_FD612_DISPLAY_2DIG_INPUT?USR
  +--> ?PR?DP_MODE_EXIT?USR
  +--> ?PR?_FD612_DISPLAY_4DIG_INPUT?USR

?PR?TEMPER_DISPLAY?USR                     -----    -----      -----    -----
  +--> ?PR?ADC_CONVERT?USR
  +--> ?PR?ADC_SWITCH?USR

?PR?ALARM_DISPLAY?USR                      -----    -----      -----    -----
  +--> ?PR?ALARM1_SLEEP?USR
  +--> ?PR?ALARM2_SLEEP?USR
  +--> ?PR?ALARM3_SLEEP?USR

?PR?VOICE_CONTROL?USR                      -----    -----      -----    -----
  +--> ?PR?_FD612_COMMAND?FD612DRV
  +--> ?PR?FD612_REFRESH?FD612DRV
  +--> ?PR?_MDELAYUS?DEBUG

?PR?SD_MODE?USR                            -----    -----      -----    -----
  +--> ?PR?_FD612_DISPLAY_4DIG_INPUT?USR

?PR?DISPLAY_MODE_SELECT?USR                -----    -----      -----    -----
  +--> ?PR?_FD612_DISPLAY_4DIG_INPUT?USR



SYMBOL TABLE OF MODULE:  .\Output\pro (?C_STARTUP)

  VALUE           TYPE          NAME
  ----------------------------------

  -------         MODULE        ?C_STARTUP
  C:2D9AH         SEGMENT       ?C_C51STARTUP
  I:0021H         SEGMENT       ?STACK
  C:0000H         PUBLIC        ?C_STARTUP
  D:00E0H         SYMBOL        ACC
  D:00F0H         SYMBOL        B
  D:0083H         SYMBOL        DPH
  D:0082H         SYMBOL        DPL
  N:0000H         SYMBOL        IBPSTACK
  N:0100H         SYMBOL        IBPSTACKTOP
  N:0080H         SYMBOL        IDATALEN
  C:2D9DH         SYMBOL        IDATALOOP
  N:0000H         SYMBOL        PBPSTACK
  N:0100H         SYMBOL        PBPSTACKTOP
  N:0000H         SYMBOL        PDATALEN
  N:0000H         SYMBOL        PDATASTART
  N:0000H         SYMBOL        PPAGE
  N:0000H         SYMBOL        PPAGEENABLE
  D:00A0H         SYMBOL        PPAGE_SFR
  D:0081H         SYMBOL        SP
  C:2D9AH         SYMBOL        STARTUP1
  N:0000H         SYMBOL        XBPSTACK
  N:0000H         SYMBOL        XBPSTACKTOP
  N:0000H         SYMBOL        XDATALEN
  N:0000H         SYMBOL        XDATASTART
BL51 BANKED LINKER/LOCATER V6.22                                                      01/31/2018  17:38:08  PAGE 9


  C:0000H         LINE#         126
  C:2D9AH         LINE#         133
  C:2D9CH         LINE#         134
  C:2D9DH         LINE#         135
  C:2D9EH         LINE#         136
  C:2DA0H         LINE#         185
  C:2DA3H         LINE#         196
  -------         ENDMOD        ?C_STARTUP

  -------         MODULE        FD612DRV
  C:0000H         SYMBOL        _ICE_DUMMY_
  D:0090H         PUBLIC        P1
  D:00B0H         PUBLIC        P3
  D:00E8H         PUBLIC        IE_EX
  D:00A8H         PUBLIC        IE
  X:0000H         PUBLIC        FD612_PotiveTNage_Bitmap
  C:36E5H         SYMBOL        FD612_Start
  D:00B8H         PUBLIC        IP
  C:353CH         PUBLIC        FD612_Init
  X:00C0H         PUBLIC        FD612_DispBuff
  D:00D8H         PUBLIC        USB_INT_FG
  B:00B0H.4       PUBLIC        buzzer
  C:372FH         SYMBOL        FD612_Stop
  D:0098H         PUBLIC        SCON
  D:0088H         PUBLIC        TCON
  D:00F8H         PUBLIC        SPI0_STAT
  C:29E3H         PUBLIC        FD612_loop
  C:000EH         PUBLIC        _FD612_Command
  C:3755H         SYMBOL        FD628_Delay10us
  C:2760H         PUBLIC        _FD612_PotiveTNage
  B:0088H.4       PUBLIC        TR0
  C:369CH         PUBLIC        FD612_Refresh
  B:00B0H.1       PUBLIC        FD612_CLK
  D:0080H         PUBLIC        ADC_CTRL
  B:00B0H.0       PUBLIC        FD612_DIO
  C:3469H         PUBLIC        _FD612_WrByte
  D:00C0H         PUBLIC        SCON1
  D:00C8H         PUBLIC        T2CON
  C:3565H         PUBLIC        FD612_DispDataRefresh
  X:00CEH         PUBLIC        DISP_TAB
  D:00D0H         PUBLIC        PSW
  -------         PROC          FD628_DELAY10US
  -------         DO            
  D:0007H         SYMBOL        i
  -------         ENDDO         
  C:3755H         LINE#         20
  C:3755H         LINE#         21
  C:3755H         LINE#         24
  C:3756H         LINE#         25
  C:3758H         LINE#         26
  C:375AH         LINE#         27
  -------         ENDPROC       FD628_DELAY10US
  -------         PROC          FD612_START
  C:36E5H         LINE#         54
  C:36E5H         LINE#         55
  C:36E5H         LINE#         56
  C:36E7H         LINE#         57
BL51 BANKED LINKER/LOCATER V6.22                                                      01/31/2018  17:38:08  PAGE 10


  C:36E9H         LINE#         60
  C:36ECH         LINE#         61
  C:36EEH         LINE#         62
  C:36F1H         LINE#         63
  C:36F3H         LINE#         64
  -------         ENDPROC       FD612_START
  -------         PROC          FD612_STOP
  C:372FH         LINE#         73
  C:372FH         LINE#         74
  C:372FH         LINE#         75
  C:3731H         LINE#         76
  C:3733H         LINE#         78
  C:3736H         LINE#         79
  C:3738H         LINE#         81
  -------         ENDPROC       FD612_STOP
  -------         PROC          _FD612_WRBYTE
  D:0006H         SYMBOL        dat
  -------         DO            
  D:0003H         SYMBOL        i
  D:0004H         SYMBOL        ACKTemp
  -------         ENDDO         
  C:3469H         LINE#         90
  C:346BH         LINE#         91
  C:346BH         LINE#         93
  C:346EH         LINE#         95
  C:346FH         LINE#         96
  C:346FH         LINE#         97
  C:3473H         LINE#         98
  C:3473H         LINE#         99
  C:3475H         LINE#         100
  C:3477H         LINE#         102
  C:3477H         LINE#         103
  C:3479H         LINE#         104
  C:3479H         LINE#         105
  C:347BH         LINE#         106
  C:347FH         LINE#         107
  C:3482H         LINE#         108
  C:3484H         LINE#         109
  C:3487H         LINE#         110
  C:348CH         LINE#         112
  C:348EH         LINE#         114
  C:3490H         LINE#         115
  C:3498H         LINE#         116
  C:349CH         LINE#         117
  C:349FH         LINE#         118
  C:34A1H         LINE#         119
  C:34A4H         LINE#         120
  C:34A8H         LINE#         121
  -------         ENDPROC       _FD612_WRBYTE
  -------         PROC          _FD612_COMMAND
  D:0006H         SYMBOL        CMD
  C:000EH         LINE#         269
  C:0010H         LINE#         270
  C:0010H         LINE#         271
  C:0013H         LINE#         272
  C:0018H         LINE#         273
  -------         ENDPROC       _FD612_COMMAND
BL51 BANKED LINKER/LOCATER V6.22                                                      01/31/2018  17:38:08  PAGE 11


  -------         PROC          FD612_DISPDATAREFRESH
  -------         DO            
  D:0002H         SYMBOL        i
  -------         ENDDO         
  C:3565H         LINE#         281
  C:3565H         LINE#         282
  C:3565H         LINE#         284
  C:356AH         LINE#         285
  C:356DH         LINE#         286
  C:3572H         LINE#         287
  C:3574H         LINE#         288
  C:3588H         LINE#         289
  -------         ENDPROC       FD612_DISPDATAREFRESH
  -------         PROC          FD612_REFRESH
  C:369CH         LINE#         298
  C:369CH         LINE#         299
  C:369CH         LINE#         300
  C:36A4H         LINE#         301
  C:36A7H         LINE#         302
  -------         ENDPROC       FD612_REFRESH
  -------         PROC          _FD612_POTIVETNAGE
  X:016DH         SYMBOL        Addr
  X:016EH         SYMBOL        Dat
  -------         DO            
  X:016FH         SYMBOL        i
  X:0170H         SYMBOL        j
  -------         ENDDO         
  C:2760H         LINE#         401
  C:2768H         LINE#         403
  C:2778H         LINE#         404
  C:2795H         LINE#         405
  C:2795H         LINE#         406
  C:27BBH         LINE#         407
  C:27E2H         LINE#         408
  C:27E4H         LINE#         410
  C:2833H         LINE#         411
  C:283CH         LINE#         412
  -------         ENDPROC       _FD612_POTIVETNAGE
  -------         PROC          FD612_INIT
  -------         DO            
  D:0007H         SYMBOL        i
  -------         ENDDO         
  C:353CH         LINE#         531
  C:353CH         LINE#         532
  C:353CH         LINE#         534
  C:3545H         LINE#         535
  C:3547H         LINE#         536
  C:3553H         LINE#         537
  C:3558H         LINE#         539
  C:3562H         LINE#         540
  -------         ENDPROC       FD612_INIT
  -------         PROC          FD612_LOOP
  -------         DO            
  X:0166H         SYMBOL        i
  -------         ENDDO         
  C:29E3H         LINE#         566
  C:29E3H         LINE#         567
BL51 BANKED LINKER/LOCATER V6.22                                                      01/31/2018  17:38:08  PAGE 12


  C:29E3H         LINE#         569
  C:29F5H         LINE#         570
  C:29F5H         LINE#         571
  C:2A06H         LINE#         572
  C:2A1AH         LINE#         573
  C:2A2EH         LINE#         574
  C:2A42H         LINE#         575
  C:2A56H         LINE#         576
  C:2A6AH         LINE#         577
  C:2A7EH         LINE#         578
  C:2A81H         LINE#         579
  C:2A88H         LINE#         580
  C:2A91H         LINE#         581
  C:2A93H         LINE#         582
  C:2A9AH         LINE#         583
  C:2A9CH         LINE#         584
  C:2A9EH         LINE#         585
  -------         ENDPROC       FD612_LOOP
  -------         ENDMOD        FD612DRV

  -------         MODULE        DEBUG
  C:0000H         SYMBOL        _ICE_DUMMY_
  D:0090H         PUBLIC        P1
  D:00B0H         PUBLIC        P3
  D:00E8H         PUBLIC        IE_EX
  D:00A8H         PUBLIC        IE
  D:00B8H         PUBLIC        IP
  D:00B9H         PUBLIC        CLOCK_CFG
  C:3670H         PUBLIC        _mDelaymS
  D:00D8H         PUBLIC        USB_INT_FG
  C:3707H         PUBLIC        _mDelayuS
  D:0098H         PUBLIC        SCON
  D:0088H         PUBLIC        TCON
  C:36AFH         PUBLIC        CfgFsys
  D:00F8H         PUBLIC        SPI0_STAT
  D:0080H         PUBLIC        ADC_CTRL
  D:00A1H         PUBLIC        SAFE_MOD
  D:00C0H         PUBLIC        SCON1
  D:00C8H         PUBLIC        T2CON
  D:00D0H         PUBLIC        PSW
  -------         PROC          CFGFSYS
  C:36AFH         LINE#         25
  C:36AFH         LINE#         26
  C:36AFH         LINE#         31
  C:36B2H         LINE#         32
  C:36B5H         LINE#         36
  C:36BDH         LINE#         41
  C:36C0H         LINE#         42
  -------         ENDPROC       CFGFSYS
  -------         PROC          _MDELAYUS
  D:0006H         SYMBOL        n
  C:3707H         LINE#         51
  C:3707H         LINE#         52
  C:3707H         LINE#         64
  C:370BH         LINE#         65
  C:370DH         LINE#         98
  C:3712H         LINE#         99
BL51 BANKED LINKER/LOCATER V6.22                                                      01/31/2018  17:38:08  PAGE 13


  C:3714H         LINE#         100
  -------         ENDPROC       _MDELAYUS
  -------         PROC          _MDELAYMS
  D:0004H         SYMBOL        n
  C:3670H         LINE#         109
  C:3674H         LINE#         110
  C:3674H         LINE#         111
  C:3678H         LINE#         116
  C:367FH         LINE#         118
  C:3684H         LINE#         119
  C:3686H         LINE#         120
  -------         ENDPROC       _MDELAYMS
  -------         ENDMOD        DEBUG

  -------         MODULE        CONFIG
  C:0000H         SYMBOL        _ICE_DUMMY_
  D:0090H         PUBLIC        P1
  D:00B0H         PUBLIC        P3
  B:00A8H.7       PUBLIC        EA
  D:00E8H         PUBLIC        IE_EX
  D:00A8H         PUBLIC        IE
  C:3743H         PUBLIC        _ADC0_INIT
  D:00B8H         PUBLIC        IP
  C:3640H         PUBLIC        display_init_first
  D:00D8H         PUBLIC        USB_INT_FG
  B:00B0H.4       PUBLIC        buzzer
  D:0098H         PUBLIC        SCON
  D:0089H         PUBLIC        TMOD
  D:0088H         PUBLIC        TCON
  D:0092H         PUBLIC        P1_MOD_OC
  D:0096H         PUBLIC        P3_MOD_OC
  D:00F8H         PUBLIC        SPI0_STAT
  D:0093H         PUBLIC        P1_DIR_PU
  C:32B9H         PUBLIC        gpio_init
  D:0097H         PUBLIC        P3_DIR_PU
  B:00A8H.1       PUBLIC        ET0
  B:00A8H.3       PUBLIC        ET1
  D:008CH         PUBLIC        TH0
  D:008DH         PUBLIC        TH1
  D:008AH         PUBLIC        TL0
  D:008BH         PUBLIC        TL1
  B:0088H.6       PUBLIC        TR1
  D:0080H         PUBLIC        ADC_CTRL
  D:00C0H         PUBLIC        SCON1
  D:00C9H         PUBLIC        T2MOD
  D:00C8H         PUBLIC        T2CON
  C:320FH         PUBLIC        _Port1Cfg
  C:3264H         PUBLIC        _Port3Cfg
  C:3399H         PUBLIC        DS1302_INIT
  D:00C6H         PUBLIC        PIN_FUNC
  C:3626H         PUBLIC        time0_init
  C:35EEH         PUBLIC        time1_init
  D:009AH         PUBLIC        ADC_CFG
  D:00D0H         PUBLIC        PSW
  -------         PROC          GPIO_INIT
  C:32B9H         LINE#         6
  C:32B9H         LINE#         7
BL51 BANKED LINKER/LOCATER V6.22                                                      01/31/2018  17:38:08  PAGE 14


  C:32BCH         LINE#         9
  C:32C3H         LINE#         10
  C:32CAH         LINE#         11
  C:32D1H         LINE#         13
  C:32D8H         LINE#         14
  C:32DFH         LINE#         16
  C:32E6H         LINE#         18
  C:32EDH         LINE#         19
  C:32EFH         LINE#         21
  C:32F6H         LINE#         22
  C:32FDH         LINE#         23
  -------         ENDPROC       GPIO_INIT
  -------         PROC          _ADC0_INIT
  D:0007H         SYMBOL        div
  C:3743H         LINE#         27
  C:3743H         LINE#         28
  C:3748H         LINE#         29
  C:374BH         LINE#         36
  -------         ENDPROC       _ADC0_INIT
  -------         PROC          DS1302_INIT
  -------         DO            
  X:0166H         SYMBOL        ds1320_state
  D:0007H         SYMBOL        rom_value
  -------         ENDDO         
  C:3399H         LINE#         38
  C:3399H         LINE#         39
  C:3399H         LINE#         40
  C:339EH         LINE#         41
  C:33A5H         LINE#         42
  C:33AAH         LINE#         43
  C:33AFH         LINE#         44
  C:33AFH         LINE#         45
  C:33B2H         LINE#         46
  C:33B9H         LINE#         49
  C:33B9H         LINE#         57
  C:33C3H         LINE#         59
  C:33C6H         LINE#         60
  C:33C6H         LINE#         61
  C:33CCH         LINE#         62
  C:33CCH         LINE#         63
  C:33D3H         LINE#         64
  C:33D3H         LINE#         65
  C:33DAH         LINE#         66
  C:33E0H         LINE#         67
  C:33E0H         LINE#         68
  -------         ENDPROC       DS1302_INIT
  -------         PROC          TIME0_INIT
  C:3626H         LINE#         69
  C:3626H         LINE#         70
  C:3629H         LINE#         71
  C:362CH         LINE#         73
  C:362FH         LINE#         74
  C:3632H         LINE#         75
  C:3635H         LINE#         78
  C:3638H         LINE#         79
  C:363BH         LINE#         81
  C:363DH         LINE#         82
BL51 BANKED LINKER/LOCATER V6.22                                                      01/31/2018  17:38:08  PAGE 15


  C:363FH         LINE#         84
  -------         ENDPROC       TIME0_INIT
  -------         PROC          TIME1_INIT
  C:35EEH         LINE#         86
  C:35EEH         LINE#         87
  C:35F1H         LINE#         88
  C:35F4H         LINE#         90
  C:35F7H         LINE#         91
  C:35FAH         LINE#         92
  C:35FDH         LINE#         93
  C:3600H         LINE#         94
  C:3603H         LINE#         95
  C:3605H         LINE#         96
  C:3607H         LINE#         97
  C:3609H         LINE#         98
  -------         ENDPROC       TIME1_INIT
  -------         PROC          _PORT1CFG
  D:0007H         SYMBOL        Mode
  D:0005H         SYMBOL        Pin
  C:320FH         LINE#         136
  C:320FH         LINE#         137
  C:320FH         LINE#         138
  C:321DH         LINE#         139
  C:321DH         LINE#         140
  C:322BH         LINE#         141
  C:322DH         LINE#         142
  C:322EH         LINE#         143
  C:322EH         LINE#         144
  C:323DH         LINE#         145
  C:323DH         LINE#         146
  C:323FH         LINE#         147
  C:323FH         LINE#         148
  C:324DH         LINE#         149
  C:3251H         LINE#         150
  C:3252H         LINE#         151
  C:3252H         LINE#         152
  C:3260H         LINE#         153
  C:3263H         LINE#         154
  C:3263H         LINE#         155
  C:3263H         LINE#         156
  C:3263H         LINE#         157
  C:3263H         LINE#         158
  -------         ENDPROC       _PORT1CFG
  -------         PROC          _PORT3CFG
  D:0007H         SYMBOL        Mode
  D:0005H         SYMBOL        Pin
  C:3264H         LINE#         172
  C:3264H         LINE#         173
  C:3264H         LINE#         174
  C:3272H         LINE#         175
  C:3272H         LINE#         176
  C:3280H         LINE#         177
  C:3282H         LINE#         178
  C:3283H         LINE#         179
  C:3283H         LINE#         180
  C:3292H         LINE#         181
  C:3292H         LINE#         182
BL51 BANKED LINKER/LOCATER V6.22                                                      01/31/2018  17:38:08  PAGE 16


  C:3294H         LINE#         183
  C:3294H         LINE#         184
  C:32A2H         LINE#         185
  C:32A6H         LINE#         186
  C:32A7H         LINE#         187
  C:32A7H         LINE#         188
  C:32B5H         LINE#         189
  C:32B8H         LINE#         190
  C:32B8H         LINE#         191
  C:32B8H         LINE#         192
  C:32B8H         LINE#         193
  C:32B8H         LINE#         194
  -------         ENDPROC       _PORT3CFG
  -------         PROC          DISPLAY_INIT_FIRST
  -------         DO            
  D:0007H         SYMBOL        rom2_value
  -------         ENDDO         
  C:3640H         LINE#         197
  C:3640H         LINE#         198
  C:3640H         LINE#         200
  C:3645H         LINE#         202
  C:364AH         LINE#         203
  C:364AH         LINE#         204
  C:364DH         LINE#         205
  C:3650H         LINE#         206
  C:3657H         LINE#         209
  C:3657H         LINE#         210
  -------         ENDPROC       DISPLAY_INIT_FIRST
  -------         ENDMOD        CONFIG

  -------         MODULE        DS1302
  C:0000H         SYMBOL        _ICE_DUMMY_
  D:0090H         PUBLIC        P1
  D:00B0H         PUBLIC        P3
  C:3658H         PUBLIC        _WriteByteDS1302
  D:00E8H         PUBLIC        IE_EX
  D:00A8H         PUBLIC        IE
  C:3739H         PUBLIC        _Read_addr_byte_ds1302
  C:3722H         PUBLIC        ds1302_w_off
  D:00B8H         PUBLIC        IP
  C:3687H         PUBLIC        _Write_addr_byte_ds1302
  D:00D8H         PUBLIC        USB_INT_FG
  B:0090H.4       PUBLIC        SCLK
  D:0098H         PUBLIC        SCON
  C:3715H         PUBLIC        ds1302_w_on
  D:0088H         PUBLIC        TCON
  D:00F8H         PUBLIC        SPI0_STAT
  B:0090H.6       PUBLIC        RSTB
  D:0080H         PUBLIC        ADC_CTRL
  C:0003H         PUBLIC        ResetDS1302
  D:00C0H         PUBLIC        SCON1
  D:00C8H         PUBLIC        T2CON
  C:35CFH         PUBLIC        ReadByteDS1302
  B:0090H.5       PUBLIC        I_O
  D:00D0H         PUBLIC        PSW
  -------         PROC          RESETDS1302
  C:0003H         LINE#         5
BL51 BANKED LINKER/LOCATER V6.22                                                      01/31/2018  17:38:08  PAGE 17


  C:0003H         LINE#         6
  C:0003H         LINE#         7
  C:0005H         LINE#         8
  C:0007H         LINE#         9
  C:0009H         LINE#         10
  -------         ENDPROC       RESETDS1302
  -------         PROC          READBYTEDS1302
  -------         DO            
  D:0006H         SYMBOL        i
  D:0007H         SYMBOL        RByte
  D:0005H         SYMBOL        TempByte
  -------         ENDDO         
  C:35CFH         LINE#         15
  C:35CFH         LINE#         16
  C:35CFH         LINE#         21
  C:35D1H         LINE#         22
  C:35D3H         LINE#         23
  C:35D4H         LINE#         24
  C:35D4H         LINE#         25
  C:35D6H         LINE#         26
  C:35D8H         LINE#         27
  C:35DCH         LINE#         28
  C:35E3H         LINE#         29
  C:35E6H         LINE#         30
  C:35E8H         LINE#         31
  C:35EDH         LINE#         32
  C:35EDH         LINE#         33
  -------         ENDPROC       READBYTEDS1302
  -------         PROC          _WRITEBYTEDS1302
  D:0007H         SYMBOL        W_Byte
  -------         DO            
  D:0006H         SYMBOL        i
  -------         ENDDO         
  C:3658H         LINE#         35
  C:3658H         LINE#         36
  C:3658H         LINE#         38
  C:365AH         LINE#         39
  C:365CH         LINE#         40
  C:365EH         LINE#         41
  C:3664H         LINE#         42
  C:3666H         LINE#         43
  C:366AH         LINE#         44
  C:366FH         LINE#         45
  -------         ENDPROC       _WRITEBYTEDS1302
  -------         PROC          DS1302_W_ON
  C:3715H         LINE#         48
  C:3715H         LINE#         49
  C:3715H         LINE#         50
  C:3718H         LINE#         51
  C:371DH         LINE#         52
  -------         ENDPROC       DS1302_W_ON
  -------         PROC          DS1302_W_OFF
  C:3722H         LINE#         55
  C:3722H         LINE#         56
  C:3722H         LINE#         57
  C:3725H         LINE#         58
  C:372AH         LINE#         59
BL51 BANKED LINKER/LOCATER V6.22                                                      01/31/2018  17:38:08  PAGE 18


  -------         ENDPROC       DS1302_W_OFF
  -------         PROC          _READ_ADDR_BYTE_DS1302
  D:0007H         SYMBOL        addr
  C:3739H         LINE#         62
  C:3739H         LINE#         63
  C:3739H         LINE#         64
  C:373CH         LINE#         65
  C:373FH         LINE#         66
  C:3742H         LINE#         67
  -------         ENDPROC       _READ_ADDR_BYTE_DS1302
  -------         PROC          _WRITE_ADDR_BYTE_DS1302
  D:0004H         SYMBOL        addr
  D:0005H         SYMBOL        DATA
  C:3687H         LINE#         69
  C:3689H         LINE#         70
  C:3689H         LINE#         71
  C:368CH         LINE#         72
  C:368FH         LINE#         73
  C:3694H         LINE#         74
  C:3699H         LINE#         75
  -------         ENDPROC       _WRITE_ADDR_BYTE_DS1302
  -------         ENDMOD        DS1302

  -------         MODULE        MAIN
  C:0000H         SYMBOL        _ICE_DUMMY_
  D:0090H         PUBLIC        P1
  D:00B0H         PUBLIC        P3
  D:00E8H         PUBLIC        IE_EX
  D:00A8H         PUBLIC        IE
  D:00B8H         PUBLIC        IP
  D:00D8H         PUBLIC        USB_INT_FG
  C:334FH         PUBLIC        main
  D:0098H         PUBLIC        SCON
  D:0088H         PUBLIC        TCON
  D:00F8H         PUBLIC        SPI0_STAT
  D:0080H         PUBLIC        ADC_CTRL
  D:00C0H         PUBLIC        SCON1
  D:00C8H         PUBLIC        T2CON
  D:00D0H         PUBLIC        PSW
  -------         PROC          MAIN
  C:334FH         LINE#         22
  C:334FH         LINE#         23
  C:334FH         LINE#         25
  C:3352H         LINE#         26
  C:3359H         LINE#         27
  C:335CH         LINE#         28
  C:335FH         LINE#         29
  C:3362H         LINE#         30
  C:3365H         LINE#         31
  C:336AH         LINE#         32
  C:336DH         LINE#         33
  C:3370H         LINE#         34
  C:3373H         LINE#         35
  C:3376H         LINE#         37
  C:3376H         LINE#         38
  C:3376H         LINE#         41
  C:3379H         LINE#         42
BL51 BANKED LINKER/LOCATER V6.22                                                      01/31/2018  17:38:08  PAGE 19


  C:337FH         LINE#         43
  C:337FH         LINE#         44
  C:3382H         LINE#         45
  C:3385H         LINE#         47
  C:3388H         LINE#         49
  C:338EH         LINE#         50
  C:338EH         LINE#         51
  C:3391H         LINE#         52
  C:3391H         LINE#         53
  C:3391H         LINE#         54
  C:3394H         LINE#         55
  C:3397H         LINE#         56
  -------         ENDPROC       MAIN
  -------         ENDMOD        MAIN

  -------         MODULE        USR
  C:0000H         SYMBOL        _ICE_DUMMY_
  X:00DEH         PUBLIC        alarm3_pm_flag
  X:00DFH         PUBLIC        second
  C:2FAAH         PUBLIC        voice_control
  X:00E0H         PUBLIC        back_TIME_Flag
  D:0090H         PUBLIC        P1
  D:00B0H         PUBLIC        P3
  X:00E1H         PUBLIC        ADC_Display
  X:00E2H         PUBLIC        alarm_voice_flag
  C:2B43H         PUBLIC        Display_Mode_Select
  C:2546H         PUBLIC        key_dislpay_up_down
  X:00E3H         PUBLIC        mode_select_flag
  X:00E4H         PUBLIC        DOWN_Long_Flag
  X:00E5H         PUBLIC        SET_Short_Flag_mon_day
  X:00E6H         PUBLIC        DOWN_Short_Flag
  X:00E7H         PUBLIC        mode_select
  X:00E8H         PUBLIC        ADC_ONE
  D:009DH         PUBLIC        PWM_CTRL
  D:00E8H         PUBLIC        IE_EX
  X:00E9H         PUBLIC        alarm_flag
  X:00EAH         PUBLIC        voice_back
  C:34B7H         PUBLIC        alarm_hour_display
  D:00A8H         PUBLIC        IE
  C:2433H         PUBLIC        ADC_Convert
  X:00EBH         PUBLIC        blink_flag
  C:3511H         PUBLIC        alarm_min_display
  X:00ECH         PUBLIC        SET_Short_Flag_hur_min
  X:00EDH         PUBLIC        voice_flag
  C:2F33H         PUBLIC        alarm_long_blink
  X:00EEH         PUBLIC        mode_select_first
  X:00EFH         PUBLIC        TEM2
  D:00B8H         PUBLIC        IP
  C:30A9H         PUBLIC        _FD612_DISPLAY_2DIG_input
  C:0DE2H         PUBLIC        _alarm_set_display
  X:00F3H         PUBLIC        TEM4
  X:00F7H         PUBLIC        back_first
  C:2657H         PUBLIC        adc_switch
  X:00F8H         PUBLIC        hour_chage_state
  C:2A9FH         PUBLIC        point_blink
  X:00F9H         PUBLIC        dislay_all_flag
  C:2D0BH         PUBLIC        _mday_long_up_down
BL51 BANKED LINKER/LOCATER V6.22                                                      01/31/2018  17:38:08  PAGE 20


  X:00FAH         PUBLIC        alarm_hour_long_up_down_flag
  X:00FBH         PUBLIC        voice_fisrt
  B:00B0H.7       PUBLIC        UP
  D:00D8H         PUBLIC        USB_INT_FG
  C:1A6DH         PUBLIC        _alarm_hour_long_up_down
  B:00B0H.4       PUBLIC        buzzer
  C:3151H         PUBLIC        _year_blink
  X:00FCH         PUBLIC        alarm_min_long_up_down_flag
  C:31B7H         PUBLIC        _year_long_up_down
  C:3428H         PUBLIC        mode1_select_dislay
  C:2911H         PUBLIC        _alarm_min_long_up_down
  X:00FDH         PUBLIC        long_flag
  C:2E26H         PUBLIC        _hour_chage_input
  X:00FEH         PUBLIC        time
  C:1EA4H         PUBLIC        pm_12_24_alarm_display
  D:0098H         PUBLIC        SCON
  X:0105H         PUBLIC        ADC_Display1
  X:0106H         PUBLIC        flag_year_leap
  C:1C52H         PUBLIC        _hour_long_up_down
  D:0088H         PUBLIC        TCON
  X:0107H         PUBLIC        ADC_TIME_Flag
  X:0108H         PUBLIC        dc_alarm
  X:0109H         PUBLIC        delaytime_back
  X:010AH         PUBLIC        alarm2_voice_flag
  C:34E2H         PUBLIC        after_arrive_write_1302
  C:36C1H         PUBLIC        alarm_time_init
  B:0090H.7       PUBLIC        DOWN
  B:0080H.4       PUBLIC        ADC_START
  X:010BH         PUBLIC        long_add_flag
  X:010CH         PUBLIC        alarm3_voice_flag
  C:2C7BH         PUBLIC        _min_long_up_down
  X:010DH         PUBLIC        dc_back
  D:00F8H         PUBLIC        SPI0_STAT
  X:010EH         PUBLIC        SET_Long_Flag
  X:010FH         PUBLIC        temp_delay_time
  X:0110H         PUBLIC        SET_Short_Flag
  C:20E3H         PUBLIC        alarm1_sleep
  X:0111H         PUBLIC        alarm2_flag
  C:1FC5H         PUBLIC        alarm2_sleep
  X:0112H         PUBLIC        alarm3_flag
  C:3017H         PUBLIC        _mon_long_up_down
  C:21FEH         PUBLIC        alarm3_sleep
  X:0113H         PUBLIC        dis
  X:011DH         PUBLIC        alarm1
  X:011FH         PUBLIC        alarm2
  X:0121H         PUBLIC        blink3_flag
  X:0122H         PUBLIC        time1_second
  X:0123H         PUBLIC        alarm3
  X:0125H         PUBLIC        display_flag_mon_day
  X:0126H         PUBLIC        delaytime
  C:2EAEH         PUBLIC        from_ds1302_read_time_data
  B:00B0H.2       PUBLIC        voice_key
  D:009FH         PUBLIC        ADC_DATA
  C:07AAH         PUBLIC        key_statue
  X:0128H         PUBLIC        TEM_VALUE
  X:0129H         PUBLIC        hour_12_24_flag
  D:0093H         PUBLIC        P1_DIR_PU
BL51 BANKED LINKER/LOCATER V6.22                                                      01/31/2018  17:38:08  PAGE 21


  X:012AH         PUBLIC        sd_select_first
  X:012BH         PUBLIC        alarm_on_flag
  D:008CH         PUBLIC        TH0
  D:008DH         PUBLIC        TH1
  X:012CH         PUBLIC        display_flag_hur_min
  D:008AH         PUBLIC        TL0
  D:008BH         PUBLIC        TL1
  X:012DH         PUBLIC        sd_flag
  X:012EH         PUBLIC        ADC_fisrt
  X:012FH         PUBLIC        key_first
  B:0088H.4       PUBLIC        TR0
  X:0130H         PUBLIC        alarm1_on_dispaly
  X:0131H         PUBLIC        sd_mode_flag
  X:0132H         PUBLIC        alarm2_on_dispaly
  X:0133H         PUBLIC        SET_Short_Flag_alarm1_flag
  X:0134H         PUBLIC        alarm3_on_dispaly
  X:0135H         PUBLIC        time_ch
  C:36FBH         PUBLIC        _decimal_bcd
  C:35A0H         PUBLIC        _bcd_decimal
  C:283DH         PUBLIC        sd_mode
  D:0080H         PUBLIC        ADC_CTRL
  D:00C0H         PUBLIC        SCON1
  X:0143H         PUBLIC        TEM
  D:00C8H         PUBLIC        T2CON
  X:0147H         PUBLIC        back_voice_Flag
  C:360AH         PUBLIC        alarm_display
  C:36D3H         PUBLIC        temper_display
  B:00B0H.3       PUBLIC        SET
  X:0148H         PUBLIC        delaytime_ADC
  X:0149H         PUBLIC        ch_alarm1
  X:014DH         PUBLIC        ch_alarm2
  X:0151H         PUBLIC        ch_alarm3
  X:0155H         PUBLIC        mon_day_delay_time
  X:0156H         PUBLIC        dc_ADC
  X:0157H         PUBLIC        UP_Long_Flag
  B:0080H.0       PUBLIC        ADC_CHAN0
  X:0158H         PUBLIC        hor_min_delay_time
  X:0159H         PUBLIC        UP_Short_Flag
  X:015AH         PUBLIC        delaytime1
  C:2BDFH         PUBLIC        InitDS1302
  B:0080H.1       PUBLIC        ADC_CHAN1
  C:374CH         PUBLIC        mTimer0Interrupt
  C:33E1H         PUBLIC        time0_setup
  C:2319H         PUBLIC        mTimer1Interrupt
  X:015CH         PUBLIC        flag_display
  X:015DH         PUBLIC        dc1
  C:3304H         PUBLIC        display_12_24_blink
  X:015FH         PUBLIC        dc2
  C:35BCH         PUBLIC        dp_mode_exit
  C:001EH         PUBLIC        display
  D:00D0H         PUBLIC        PSW
  X:0161H         PUBLIC        hour_pm_flag
  X:0162H         PUBLIC        alarm1_pm_flag
  X:0163H         PUBLIC        alarm_clock_flag
  X:0164H         PUBLIC        alarm2_pm_flag
  X:0165H         PUBLIC        up_down_flag
  C:311EH         PUBLIC        _FD612_display_4DIG_input
BL51 BANKED LINKER/LOCATER V6.22                                                      01/31/2018  17:38:08  PAGE 22


  -------         PROC          MTIMER0INTERRUPT
  C:374CH         LINE#         35
  C:374CH         LINE#         38
  C:374FH         LINE#         39
  C:3752H         LINE#         40
  C:3754H         LINE#         48
  -------         ENDPROC       MTIMER0INTERRUPT
  -------         PROC          MTIMER1INTERRUPT
  C:2319H         LINE#         50
  C:2324H         LINE#         52
  C:2327H         LINE#         53
  C:232AH         LINE#         54
  C:2338H         LINE#         55
  C:234CH         LINE#         56
  C:2352H         LINE#         57
  C:2359H         LINE#         58
  C:2359H         LINE#         59
  C:2367H         LINE#         60
  C:237BH         LINE#         61
  C:237BH         LINE#         62
  C:2381H         LINE#         63
  C:2388H         LINE#         64
  C:2388H         LINE#         65
  C:238EH         LINE#         66
  C:239AH         LINE#         67
  C:239AH         LINE#         68
  C:23A0H         LINE#         69
  C:23A5H         LINE#         70
  C:23A5H         LINE#         71
  C:23ABH         LINE#         72
  C:23B7H         LINE#         73
  C:23B7H         LINE#         74
  C:23BDH         LINE#         75
  C:23C2H         LINE#         76
  C:23C2H         LINE#         77
  C:23C8H         LINE#         78
  C:23CCH         LINE#         79
  C:23CCH         LINE#         80
  C:23D2H         LINE#         81
  C:23D7H         LINE#         82
  C:23D7H         LINE#         83
  C:23DDH         LINE#         84
  C:23E7H         LINE#         85
  C:23E7H         LINE#         86
  C:23EDH         LINE#         87
  C:23F2H         LINE#         89
  C:23F2H         LINE#         90
  C:23F8H         LINE#         91
  C:2404H         LINE#         92
  C:2404H         LINE#         93
  C:240CH         LINE#         94
  C:2412H         LINE#         95
  C:2415H         LINE#         96
  C:241BH         LINE#         97
  C:241FH         LINE#         98
  C:2425H         LINE#         99
  C:242AH         LINE#         101
BL51 BANKED LINKER/LOCATER V6.22                                                      01/31/2018  17:38:08  PAGE 23


  C:242AH         LINE#         102
  -------         ENDPROC       MTIMER1INTERRUPT
  -------         PROC          L?0787
  -------         ENDPROC       L?0787
  -------         PROC          _BCD_DECIMAL
  D:0007H         SYMBOL        bcd
  C:35A0H         LINE#         112
  C:35A0H         LINE#         113
  C:35A0H         LINE#         114
  C:35ADH         LINE#         115
  -------         ENDPROC       _BCD_DECIMAL
  C:36F7H         SYMBOL        L?0793
  -------         PROC          L?0792
  -------         ENDPROC       L?0792
  C:36F7H         SYMBOL        L?0793
  -------         PROC          _DECIMAL_BCD
  D:0007H         SYMBOL        decimal
  C:36FBH         LINE#         124
  C:36FBH         LINE#         125
  C:36FBH         LINE#         126
  C:3706H         LINE#         127
  -------         ENDPROC       _DECIMAL_BCD
  -------         PROC          ALARM_TIME_INIT
  C:36C1H         LINE#         139
  C:36C1H         LINE#         140
  C:36C1H         LINE#         141
  C:36C6H         LINE#         142
  C:36C8H         LINE#         143
  C:36CAH         LINE#         144
  C:36CCH         LINE#         145
  C:36D0H         LINE#         146
  C:36D2H         LINE#         148
  -------         ENDPROC       ALARM_TIME_INIT
  -------         PROC          TIME0_SETUP
  C:33E1H         LINE#         150
  C:33E1H         LINE#         151
  C:33E1H         LINE#         152
  C:33E6H         LINE#         153
  C:33EBH         LINE#         154
  C:33F4H         LINE#         155
  C:33F9H         LINE#         156
  C:33FFH         LINE#         161
  C:3403H         LINE#         162
  C:3409H         LINE#         163
  C:3409H         LINE#         164
  C:340DH         LINE#         165
  C:3411H         LINE#         166
  C:3415H         LINE#         167
  C:3415H         LINE#         168
  C:3417H         LINE#         169
  C:341EH         LINE#         170
  C:3420H         LINE#         171
  C:3422H         LINE#         173
  C:3427H         LINE#         175
  -------         ENDPROC       TIME0_SETUP
  -------         PROC          KEY_STATUE
  C:07AAH         LINE#         177
BL51 BANKED LINKER/LOCATER V6.22                                                      01/31/2018  17:38:08  PAGE 24


  C:07AAH         LINE#         178
  C:07AAH         LINE#         179
  C:07ADH         LINE#         181
  C:07C6H         LINE#         183
  C:07CCH         LINE#         184
  C:07CCH         LINE#         185
  C:07CFH         LINE#         186
  C:07D5H         LINE#         187
  C:07D5H         LINE#         190
  C:07E1H         LINE#         191
  C:07E1H         LINE#         193
  C:07EBH         LINE#         194
  C:07F0H         LINE#         195
  C:0804H         LINE#         196
  C:0818H         LINE#         197
  C:0818H         LINE#         198
  C:081AH         LINE#         200
  C:081AH         LINE#         201
  C:0821H         LINE#         202
  C:0828H         LINE#         203
  C:082BH         LINE#         204
  C:082BH         LINE#         206
  C:0832H         LINE#         207
  C:0832H         LINE#         209
  C:0838H         LINE#         210
  C:083CH         LINE#         211
  C:0853H         LINE#         212
  C:0853H         LINE#         213
  C:0853H         LINE#         214
  C:0853H         LINE#         215
  C:0856H         LINE#         216
  C:0859H         LINE#         217
  C:0859H         LINE#         219
  C:0859H         LINE#         220
  C:0859H         LINE#         221
  C:085EH         LINE#         222
  C:0861H         LINE#         223
  C:0861H         LINE#         224
  C:0861H         LINE#         225
  C:0861H         LINE#         226
  C:086DH         LINE#         227
  C:086FH         LINE#         228
  C:086FH         LINE#         229
  C:086FH         LINE#         230
  C:086FH         LINE#         231
  C:087BH         LINE#         232
  C:087DH         LINE#         233
  C:087DH         LINE#         234
  C:087DH         LINE#         235
  C:087DH         LINE#         236
  C:0893H         LINE#         237
  C:0896H         LINE#         238
  C:0896H         LINE#         239
  C:0896H         LINE#         242
  C:0896H         LINE#         243
  C:0896H         LINE#         244
  C:089BH         LINE#         245
BL51 BANKED LINKER/LOCATER V6.22                                                      01/31/2018  17:38:08  PAGE 25


  C:089EH         LINE#         246
  C:08A4H         LINE#         247
  C:08A4H         LINE#         248
  C:08A9H         LINE#         249
  C:08AEH         LINE#         250
  C:08AEH         LINE#         251
  C:08AEH         LINE#         253
  C:08B4H         LINE#         254
  C:08B4H         LINE#         256
  C:08B7H         LINE#         257
  C:08BDH         LINE#         258
  C:08BDH         LINE#         260
  C:08C4H         LINE#         261
  C:08C4H         LINE#         262
  C:08C7H         LINE#         263
  C:08C7H         LINE#         264
  C:08CEH         LINE#         265
  C:08CEH         LINE#         267
  C:08D4H         LINE#         268
  C:08D8H         LINE#         269
  C:08DCH         LINE#         271
  C:08E3H         LINE#         272
  C:08E3H         LINE#         273
  C:08E8H         LINE#         274
  C:08EEH         LINE#         275
  C:08EEH         LINE#         276
  C:08F2H         LINE#         277
  C:08F6H         LINE#         278
  C:08FAH         LINE#         279
  C:08FAH         LINE#         280
  C:0914H         LINE#         281
  C:0914H         LINE#         282
  C:0914H         LINE#         283
  C:0914H         LINE#         284
  C:091BH         LINE#         285
  C:091BH         LINE#         286
  C:0920H         LINE#         287
  C:0920H         LINE#         288
  C:0928H         LINE#         289
  C:0928H         LINE#         291
  C:092CH         LINE#         292
  C:092CH         LINE#         293
  C:092EH         LINE#         294
  C:092EH         LINE#         295
  C:092EH         LINE#         296
  C:092EH         LINE#         297
  C:0934H         LINE#         298
  C:0934H         LINE#         299
  C:0938H         LINE#         300
  C:0938H         LINE#         301
  C:093FH         LINE#         302
  C:093FH         LINE#         303
  C:0944H         LINE#         304
  C:0944H         LINE#         305
  C:094FH         LINE#         306
  C:094FH         LINE#         307
  C:0953H         LINE#         308
BL51 BANKED LINKER/LOCATER V6.22                                                      01/31/2018  17:38:08  PAGE 26


  C:0953H         LINE#         309
  C:0956H         LINE#         310
  C:0956H         LINE#         311
  C:0956H         LINE#         312
  C:0956H         LINE#         313
  C:095CH         LINE#         314
  C:095CH         LINE#         315
  C:0975H         LINE#         317
  C:0975H         LINE#         318
  C:0980H         LINE#         319
  C:0980H         LINE#         320
  C:0996H         LINE#         321
  C:0996H         LINE#         322
  C:0999H         LINE#         323
  C:0999H         LINE#         324
  C:0999H         LINE#         325
  C:0999H         LINE#         326
  C:099FH         LINE#         327
  C:099FH         LINE#         328
  C:09B8H         LINE#         329
  C:09B8H         LINE#         330
  C:09C3H         LINE#         331
  C:09C3H         LINE#         332
  C:09D9H         LINE#         333
  C:09D9H         LINE#         334
  C:09DBH         LINE#         335
  C:09DBH         LINE#         336
  C:09DBH         LINE#         337
  C:09DBH         LINE#         338
  C:09E1H         LINE#         339
  C:09E1H         LINE#         340
  C:09FAH         LINE#         341
  C:09FAH         LINE#         342
  C:0A05H         LINE#         343
  C:0A05H         LINE#         344
  C:0A1EH         LINE#         345
  C:0A1EH         LINE#         346
  C:0A21H         LINE#         347
  C:0A21H         LINE#         348
  C:0A21H         LINE#         351
  C:0A21H         LINE#         352
  C:0A21H         LINE#         354
  C:0A21H         LINE#         357
  C:0A30H         LINE#         358
  C:0A30H         LINE#         359
  C:0A30H         LINE#         360
  C:0A30H         LINE#         361
  C:0A36H         LINE#         362
  C:0A3CH         LINE#         363
  C:0A3CH         LINE#         364
  C:0A45H         LINE#         365
  C:0A47H         LINE#         367
  C:0A47H         LINE#         368
  C:0A53H         LINE#         369
  C:0A53H         LINE#         370
  C:0A58H         LINE#         371
  C:0A59H         LINE#         372
BL51 BANKED LINKER/LOCATER V6.22                                                      01/31/2018  17:38:08  PAGE 27


  C:0A5BH         LINE#         373
  C:0A5BH         LINE#         374
  C:0A5BH         LINE#         375
  C:0A5BH         LINE#         376
  C:0A61H         LINE#         377
  C:0A67H         LINE#         378
  C:0A67H         LINE#         379
  C:0A70H         LINE#         380
  C:0A72H         LINE#         382
  C:0A72H         LINE#         383
  C:0A7EH         LINE#         384
  C:0A7EH         LINE#         385
  C:0A7EH         LINE#         386
  C:0A80H         LINE#         387
  C:0A80H         LINE#         388
  C:0A80H         LINE#         389
  C:0A80H         LINE#         390
  C:0A86H         LINE#         391
  C:0A8CH         LINE#         392
  C:0A8CH         LINE#         393
  C:0A95H         LINE#         394
  C:0A97H         LINE#         396
  C:0A97H         LINE#         397
  C:0AA3H         LINE#         398
  C:0AA3H         LINE#         399
  C:0AA8H         LINE#         400
  C:0AA8H         LINE#         401
  C:0AA8H         LINE#         403
  C:0AA8H         LINE#         404
  C:0AA8H         LINE#         405
  C:0AA8H         LINE#         406
  C:0AB7H         LINE#         407
  C:0AB7H         LINE#         408
  C:0AB7H         LINE#         409
  C:0AB7H         LINE#         410
  C:0ABDH         LINE#         411
  C:0AC6H         LINE#         412
  C:0AC6H         LINE#         413
  C:0AC8H         LINE#         414
  C:0AC8H         LINE#         415
  C:0AC8H         LINE#         416
  C:0AC8H         LINE#         417
  C:0ACEH         LINE#         418
  C:0AD7H         LINE#         419
  C:0AD7H         LINE#         420
  C:0AD9H         LINE#         421
  C:0AD9H         LINE#         422
  C:0AD9H         LINE#         423
  C:0AD9H         LINE#         424
  C:0ADFH         LINE#         425
  C:0AE8H         LINE#         426
  C:0AEDH         LINE#         427
  C:0AEDH         LINE#         428
  C:0AEDH         LINE#         430
  C:0AEDH         LINE#         431
  C:0AEDH         LINE#         432
  C:0AEDH         LINE#         433
BL51 BANKED LINKER/LOCATER V6.22                                                      01/31/2018  17:38:08  PAGE 28


  C:0AF2H         LINE#         434
  C:0AF6H         LINE#         435
  C:0AF9H         LINE#         436
  C:0AFFH         LINE#         437
  C:0AFFH         LINE#         438
  C:0B04H         LINE#         439
  C:0B09H         LINE#         440
  C:0B09H         LINE#         441
  C:0B09H         LINE#         444
  C:0B0FH         LINE#         445
  C:0B0FH         LINE#         447
  C:0B12H         LINE#         448
  C:0B18H         LINE#         449
  C:0B18H         LINE#         451
  C:0B1FH         LINE#         452
  C:0B1FH         LINE#         453
  C:0B22H         LINE#         454
  C:0B22H         LINE#         455
  C:0B29H         LINE#         456
  C:0B29H         LINE#         457
  C:0B2CH         LINE#         458
  C:0B32H         LINE#         459
  C:0B32H         LINE#         460
  C:0B36H         LINE#         461
  C:0B3AH         LINE#         462
  C:0B3EH         LINE#         463
  C:0B3EH         LINE#         465
  C:0B44H         LINE#         467
  C:0B48H         LINE#         468
  C:0B4CH         LINE#         469
  C:0B57H         LINE#         470
  C:0B57H         LINE#         471
  C:0B74H         LINE#         472
  C:0B74H         LINE#         473
  C:0B74H         LINE#         474
  C:0B74H         LINE#         475
  C:0B7BH         LINE#         476
  C:0B7BH         LINE#         477
  C:0B80H         LINE#         478
  C:0B80H         LINE#         479
  C:0B8BH         LINE#         480
  C:0B8BH         LINE#         481
  C:0B90H         LINE#         482
  C:0B90H         LINE#         483
  C:0B93H         LINE#         484
  C:0B93H         LINE#         485
  C:0B93H         LINE#         486
  C:0B93H         LINE#         487
  C:0B99H         LINE#         488
  C:0B99H         LINE#         489
  C:0B9EH         LINE#         490
  C:0B9EH         LINE#         491
  C:0BA5H         LINE#         492
  C:0BA5H         LINE#         493
  C:0BAAH         LINE#         494
  C:0BAAH         LINE#         495
  C:0BB5H         LINE#         496
BL51 BANKED LINKER/LOCATER V6.22                                                      01/31/2018  17:38:08  PAGE 29


  C:0BB5H         LINE#         497
  C:0BBAH         LINE#         498
  C:0BBAH         LINE#         500
  C:0BBDH         LINE#         501
  C:0BBDH         LINE#         502
  C:0BBDH         LINE#         503
  C:0BBDH         LINE#         504
  C:0BC3H         LINE#         505
  C:0BC3H         LINE#         506
  C:0BDCH         LINE#         508
  C:0BDCH         LINE#         509
  C:0BE7H         LINE#         510
  C:0BE7H         LINE#         511
  C:0BFDH         LINE#         512
  C:0BFDH         LINE#         513
  C:0BFFH         LINE#         514
  C:0BFFH         LINE#         515
  C:0BFFH         LINE#         516
  C:0BFFH         LINE#         517
  C:0C05H         LINE#         518
  C:0C05H         LINE#         519
  C:0C1EH         LINE#         520
  C:0C1EH         LINE#         521
  C:0C26H         LINE#         522
  C:0C26H         LINE#         523
  C:0C3CH         LINE#         524
  C:0C3CH         LINE#         525
  C:0C3EH         LINE#         526
  C:0C3EH         LINE#         527
  C:0C3EH         LINE#         528
  C:0C3EH         LINE#         529
  C:0C44H         LINE#         530
  C:0C44H         LINE#         531
  C:0C5DH         LINE#         532
  C:0C5DH         LINE#         533
  C:0C64H         LINE#         534
  C:0C64H         LINE#         535
  C:0C7EH         LINE#         536
  C:0C7EH         LINE#         537
  C:0C7EH         LINE#         538
  C:0C7EH         LINE#         539
  C:0C7EH         LINE#         540
  C:0C7EH         LINE#         542
  C:0C7EH         LINE#         545
  C:0C7EH         LINE#         546
  C:0C94H         LINE#         547
  C:0C94H         LINE#         548
  C:0C9EH         LINE#         549
  C:0CA3H         LINE#         550
  C:0CA6H         LINE#         589
  C:0CABH         LINE#         590
  C:0CABH         LINE#         591
  C:0CABH         LINE#         593
  C:0CAEH         LINE#         594
  C:0CBDH         LINE#         595
  C:0CBDH         LINE#         596
  C:0CBDH         LINE#         597
BL51 BANKED LINKER/LOCATER V6.22                                                      01/31/2018  17:38:08  PAGE 30


  C:0CBDH         LINE#         598
  C:0CC3H         LINE#         599
  C:0CC9H         LINE#         600
  C:0CC9H         LINE#         601
  C:0CD3H         LINE#         602
  C:0CD5H         LINE#         604
  C:0CD5H         LINE#         605
  C:0CE0H         LINE#         606
  C:0CE0H         LINE#         607
  C:0CE0H         LINE#         608
  C:0CE2H         LINE#         609
  C:0CE2H         LINE#         610
  C:0CE2H         LINE#         611
  C:0CE2H         LINE#         612
  C:0CE8H         LINE#         613
  C:0CEEH         LINE#         614
  C:0CEEH         LINE#         615
  C:0CF8H         LINE#         616
  C:0CFAH         LINE#         618
  C:0CFAH         LINE#         619
  C:0D05H         LINE#         620
  C:0D05H         LINE#         621
  C:0D05H         LINE#         622
  C:0D07H         LINE#         623
  C:0D07H         LINE#         624
  C:0D07H         LINE#         625
  C:0D07H         LINE#         626
  C:0D0DH         LINE#         627
  C:0D13H         LINE#         628
  C:0D13H         LINE#         629
  C:0D1DH         LINE#         630
  C:0D1FH         LINE#         632
  C:0D1FH         LINE#         633
  C:0D2AH         LINE#         634
  C:0D2AH         LINE#         635
  C:0D2FH         LINE#         636
  C:0D2FH         LINE#         637
  C:0D2FH         LINE#         638
  C:0D2FH         LINE#         639
  C:0D2FH         LINE#         640
  C:0D2FH         LINE#         641
  C:0D3EH         LINE#         642
  C:0D3EH         LINE#         643
  C:0D3EH         LINE#         644
  C:0D3EH         LINE#         645
  C:0D44H         LINE#         646
  C:0D4AH         LINE#         647
  C:0D4AH         LINE#         648
  C:0D4CH         LINE#         649
  C:0D4CH         LINE#         650
  C:0D4CH         LINE#         651
  C:0D4CH         LINE#         652
  C:0D52H         LINE#         653
  C:0D58H         LINE#         654
  C:0D58H         LINE#         655
  C:0D5AH         LINE#         656
  C:0D5AH         LINE#         657
BL51 BANKED LINKER/LOCATER V6.22                                                      01/31/2018  17:38:08  PAGE 31


  C:0D5AH         LINE#         658
  C:0D5AH         LINE#         659
  C:0D60H         LINE#         660
  C:0D66H         LINE#         661
  C:0D6BH         LINE#         662
  C:0D6BH         LINE#         663
  C:0D6BH         LINE#         664
  C:0D6BH         LINE#         665
  C:0D6BH         LINE#         666
  C:0D6BH         LINE#         667
  C:0D70H         LINE#         668
  C:0D75H         LINE#         669
  C:0D7AH         LINE#         670
  C:0D7DH         LINE#         671
  C:0D83H         LINE#         672
  C:0D83H         LINE#         673
  C:0D88H         LINE#         674
  C:0D8DH         LINE#         675
  C:0D8DH         LINE#         676
  C:0D8DH         LINE#         677
  C:0D8DH         LINE#         678
  C:0D94H         LINE#         679
  C:0D94H         LINE#         680
  C:0D9DH         LINE#         681
  C:0D9DH         LINE#         682
  C:0DA2H         LINE#         683
  C:0DA5H         LINE#         684
  C:0DA9H         LINE#         685
  C:0DA9H         LINE#         686
  C:0DA9H         LINE#         687
  C:0DB0H         LINE#         688
  C:0DB0H         LINE#         689
  C:0DB9H         LINE#         690
  C:0DB9H         LINE#         691
  C:0DBEH         LINE#         692
  C:0DC1H         LINE#         693
  C:0DC5H         LINE#         694
  C:0DC5H         LINE#         695
  C:0DC5H         LINE#         696
  C:0DCCH         LINE#         697
  C:0DCCH         LINE#         698
  C:0DD5H         LINE#         699
  C:0DD5H         LINE#         700
  C:0DDAH         LINE#         701
  C:0DDDH         LINE#         702
  C:0DE1H         LINE#         703
  C:0DE1H         LINE#         704
  C:0DE1H         LINE#         706
  -------         ENDPROC       KEY_STATUE
  -------         PROC          DISPLAY
  C:001EH         LINE#         707
  C:001EH         LINE#         708
  C:001EH         LINE#         711
  C:0021H         LINE#         712
  C:0028H         LINE#         713
  C:0028H         LINE#         714
  C:002EH         LINE#         715
BL51 BANKED LINKER/LOCATER V6.22                                                      01/31/2018  17:38:08  PAGE 32


  C:002EH         LINE#         716
  C:0034H         LINE#         717
  C:0039H         LINE#         718
  C:0042H         LINE#         719
  C:0042H         LINE#         720
  C:0044H         LINE#         721
  C:0049H         LINE#         722
  C:0049H         LINE#         723
  C:0049H         LINE#         735
  C:0049H         LINE#         736
  C:005AH         LINE#         737
  C:005AH         LINE#         738
  C:0072H         LINE#         739
  C:0086H         LINE#         740
  C:0086H         LINE#         741
  C:0088H         LINE#         743
  C:0088H         LINE#         744
  C:008FH         LINE#         745
  C:0096H         LINE#         746
  C:0099H         LINE#         747
  C:0099H         LINE#         748
  C:00C2H         LINE#         749
  C:00C2H         LINE#         750
  C:00C2H         LINE#         751
  C:00C2H         LINE#         755
  C:00C8H         LINE#         756
  C:00C8H         LINE#         757
  C:00CBH         LINE#         764
  C:00CBH         LINE#         765
  C:00D4H         LINE#         766
  C:00D4H         LINE#         767
  C:00DAH         LINE#         768
  C:00DAH         LINE#         769
  C:00DCH         LINE#         770
  C:00E0H         LINE#         771
  C:00E4H         LINE#         772
  C:00E4H         LINE#         773
  C:00E9H         LINE#         774
  C:00EFH         LINE#         775
  C:00EFH         LINE#         776
  C:00F5H         LINE#         777
  C:00FAH         LINE#         778
  C:0103H         LINE#         779
  C:0103H         LINE#         780
  C:0105H         LINE#         781
  C:0105H         LINE#         782
  C:0105H         LINE#         783
  C:010EH         LINE#         784
  C:010EH         LINE#         785
  C:0111H         LINE#         786
  C:011CH         LINE#         787
  C:011CH         LINE#         788
  C:0122H         LINE#         789
  C:0122H         LINE#         790
  C:0124H         LINE#         791
  C:0128H         LINE#         792
  C:012EH         LINE#         793
BL51 BANKED LINKER/LOCATER V6.22                                                      01/31/2018  17:38:08  PAGE 33


  C:012EH         LINE#         794
  C:0136H         LINE#         795
  C:0136H         LINE#         796
  C:013AH         LINE#         797
  C:013AH         LINE#         798
  C:013FH         LINE#         799
  C:0141H         LINE#         800
  C:014AH         LINE#         802
  C:0150H         LINE#         803
  C:0150H         LINE#         804
  C:0158H         LINE#         805
  C:0158H         LINE#         806
  C:015CH         LINE#         807
  C:015CH         LINE#         808
  C:0161H         LINE#         809
  C:0163H         LINE#         810
  C:016CH         LINE#         812
  C:0172H         LINE#         813
  C:0172H         LINE#         814
  C:017AH         LINE#         815
  C:017AH         LINE#         816
  C:017EH         LINE#         817
  C:017EH         LINE#         818
  C:017EH         LINE#         819
  C:0181H         LINE#         820
  C:018DH         LINE#         821
  C:0190H         LINE#         824
  C:0190H         LINE#         825
  C:0196H         LINE#         826
  C:019AH         LINE#         827
  C:01A3H         LINE#         828
  C:01A3H         LINE#         829
  C:01A7H         LINE#         830
  C:01ADH         LINE#         831
  C:01ADH         LINE#         832
  C:01BBH         LINE#         833
  C:01C9H         LINE#         835
  C:01D2H         LINE#         836
  C:01D2H         LINE#         837
  C:01D6H         LINE#         838
  C:01DCH         LINE#         839
  C:01DCH         LINE#         840
  C:01EAH         LINE#         841
  C:01F8H         LINE#         843
  C:0201H         LINE#         844
  C:0201H         LINE#         845
  C:0205H         LINE#         846
  C:020BH         LINE#         847
  C:020BH         LINE#         848
  C:0219H         LINE#         849
  C:0227H         LINE#         850
  C:0227H         LINE#         851
  C:022CH         LINE#         853
  C:022CH         LINE#         854
  C:022CH         LINE#         855
  C:0237H         LINE#         856
  C:0237H         LINE#         864
BL51 BANKED LINKER/LOCATER V6.22                                                      01/31/2018  17:38:08  PAGE 34


  C:0262H         LINE#         865
  C:0268H         LINE#         866
  C:0268H         LINE#         867
  C:026EH         LINE#         868
  C:026EH         LINE#         869
  C:0270H         LINE#         870
  C:0296H         LINE#         871
  C:0298H         LINE#         873
  C:0298H         LINE#         874
  C:029EH         LINE#         875
  C:02A6H         LINE#         876
  C:02A6H         LINE#         877
  C:02ABH         LINE#         878
  C:02ABH         LINE#         879
  C:02B3H         LINE#         880
  C:02B3H         LINE#         881
  C:02B9H         LINE#         882
  C:02BFH         LINE#         883
[...]
  C:2546H         LINE#         2782
BL51 BANKED LINKER/LOCATER V6.22                                                      01/31/2018  17:38:08  PAGE 63


  C:254FH         LINE#         2783
  C:254FH         LINE#         2784
  C:256FH         LINE#         2785
  C:256FH         LINE#         2786
  C:256FH         LINE#         2787
  C:256FH         LINE#         2788
  C:2576H         LINE#         2789
  C:2576H         LINE#         2792
  C:2579H         LINE#         2793
  C:2579H         LINE#         2794
  C:2584H         LINE#         2795
  C:2584H         LINE#         2798
  C:2587H         LINE#         2799
  C:2587H         LINE#         2800
  C:258AH         LINE#         2801
  C:258AH         LINE#         2802
  C:258AH         LINE#         2803
  C:258AH         LINE#         2804
  C:2590H         LINE#         2805
  C:2590H         LINE#         2807
  C:2593H         LINE#         2808
  C:2593H         LINE#         2809
  C:25A1H         LINE#         2810
  C:25A1H         LINE#         2813
  C:25A7H         LINE#         2814
  C:25A7H         LINE#         2815
  C:25B2H         LINE#         2816
  C:25B2H         LINE#         2819
  C:25DDH         LINE#         2820
  C:25DDH         LINE#         2821
  C:25DDH         LINE#         2822
  C:25DDH         LINE#         2823
  C:25DDH         LINE#         2824
  C:25DDH         LINE#         2825
  C:25E3H         LINE#         2826
  C:25E3H         LINE#         2827
  C:25EAH         LINE#         2829
  C:25EAH         LINE#         2830
  C:25F2H         LINE#         2831
  C:25F2H         LINE#         2832
  C:25FEH         LINE#         2833
  C:25FEH         LINE#         2834
  C:2600H         LINE#         2835
  C:2600H         LINE#         2836
  C:2600H         LINE#         2837
  C:2600H         LINE#         2838
  C:2606H         LINE#         2839
  C:2606H         LINE#         2840
  C:260DH         LINE#         2841
  C:260DH         LINE#         2842
  C:2615H         LINE#         2843
  C:2615H         LINE#         2844
  C:2622H         LINE#         2845
  C:2622H         LINE#         2846
  C:2624H         LINE#         2847
  C:2624H         LINE#         2848
  C:2624H         LINE#         2849
BL51 BANKED LINKER/LOCATER V6.22                                                      01/31/2018  17:38:08  PAGE 64


  C:2624H         LINE#         2850
  C:262AH         LINE#         2851
  C:262AH         LINE#         2852
  C:2639H         LINE#         2853
  C:2639H         LINE#         2854
  C:2640H         LINE#         2855
  C:2640H         LINE#         2856
  C:2656H         LINE#         2857
  C:2656H         LINE#         2858
  C:2656H         LINE#         2859
  C:2656H         LINE#         2860
  C:2656H         LINE#         2861
  C:2656H         LINE#         2862
  -------         ENDPROC       KEY_DISLPAY_UP_DOWN
  -------         PROC          L?0788
  -------         ENDPROC       L?0788
  -------         PROC          _FD612_DISPLAY_4DIG_INPUT
  D:0007H         SYMBOL        dig1
  X:016AH         SYMBOL        dig2
  X:016BH         SYMBOL        dig3
  X:016CH         SYMBOL        dig4
  C:311EH         LINE#         2866
  C:3126H         LINE#         2867
  C:3126H         LINE#         2872
  C:312DH         LINE#         2873
  C:3137H         LINE#         2874
  C:3141H         LINE#         2875
  C:314BH         LINE#         2876
  C:314EH         LINE#         2877
  -------         ENDPROC       _FD612_DISPLAY_4DIG_INPUT
  C:3081H         SYMBOL        L?0784
  C:3084H         SYMBOL        L?0785
  C:30A5H         SYMBOL        L?0786
  -------         PROC          L?0783
  -------         ENDPROC       L?0783
  C:3081H         SYMBOL        L?0784
  C:3084H         SYMBOL        L?0785
  C:30A5H         SYMBOL        L?0786
  -------         PROC          _FD612_DISPLAY_2DIG_INPUT
  X:016AH         SYMBOL        i
  X:016BH         SYMBOL        dig1
  X:016CH         SYMBOL        dig2
  C:30A9H         LINE#         2879
  C:30B6H         LINE#         2880
  C:30B6H         LINE#         2881
  C:30B9H         LINE#         2882
  C:30B9H         LINE#         2883
  C:30C1H         LINE#         2884
  C:30CBH         LINE#         2885
  C:30CEH         LINE#         2887
  C:30CEH         LINE#         2888
  C:30D5H         LINE#         2889
  C:30D5H         LINE#         2890
  C:30DDH         LINE#         2891
  C:30E7H         LINE#         2892
  C:30EAH         LINE#         2894
  C:30EAH         LINE#         2895
BL51 BANKED LINKER/LOCATER V6.22                                                      01/31/2018  17:38:08  PAGE 65


  -------         ENDPROC       _FD612_DISPLAY_2DIG_INPUT
  -------         PROC          PM_12_24_ALARM_DISPLAY
  C:1EA4H         LINE#         2896
  C:1EA4H         LINE#         2897
  C:1EA4H         LINE#         2898
  C:1EAFH         LINE#         2899
  C:1EAFH         LINE#         2902
  C:1EBAH         LINE#         2903
  C:1EBAH         LINE#         2905
  C:1EBEH         LINE#         2907
  C:1EC0H         LINE#         2909
  C:1EC0H         LINE#         2911
  C:1EC4H         LINE#         2913
  C:1EC4H         LINE#         2914
  C:1ED0H         LINE#         2915
  C:1ED0H         LINE#         2916
  C:1EDFH         LINE#         2917
  C:1EDFH         LINE#         2919
  C:1EE6H         LINE#         2921
  C:1EE6H         LINE#         2922
  C:1EF0H         LINE#         2923
  C:1EF0H         LINE#         2924
  C:1EF7H         LINE#         2926
  C:1EF7H         LINE#         2929
  C:1F06H         LINE#         2930
  C:1F06H         LINE#         2932
  C:1F0DH         LINE#         2934
  C:1F0DH         LINE#         2935
  C:1F17H         LINE#         2936
  C:1F17H         LINE#         2937
  C:1F1EH         LINE#         2939
  C:1F1EH         LINE#         2942
  C:1F2DH         LINE#         2943
  C:1F2DH         LINE#         2945
  C:1F34H         LINE#         2947
  C:1F34H         LINE#         2948
  C:1F3EH         LINE#         2949
  C:1F3EH         LINE#         2950
  C:1F45H         LINE#         2952
  C:1F45H         LINE#         2953
  C:1F4CH         LINE#         2954
  C:1F4CH         LINE#         2955
  C:1F60H         LINE#         2956
  C:1F60H         LINE#         2957
  C:1F72H         LINE#         2958
  C:1F72H         LINE#         2959
  C:1F83H         LINE#         2960
  C:1F83H         LINE#         2962
  C:1F83H         LINE#         2968
  C:1F99H         LINE#         2969
  C:1F99H         LINE#         2970
  C:1FA0H         LINE#         2972
  C:1FA0H         LINE#         2974
  C:1FA0H         LINE#         2976
  C:1FA0H         LINE#         2980
  C:1FA0H         LINE#         2981
  C:1FB2H         LINE#         2982
BL51 BANKED LINKER/LOCATER V6.22                                                      01/31/2018  17:38:08  PAGE 66


  C:1FB2H         LINE#         2983
  C:1FB9H         LINE#         2984
  C:1FBBH         LINE#         2986
  C:1FBBH         LINE#         2987
  C:1FC2H         LINE#         2988
  C:1FC2H         LINE#         2990
  -------         ENDPROC       PM_12_24_ALARM_DISPLAY
  -------         PROC          AFTER_ARRIVE_WRITE_1302
  C:34E2H         LINE#         2995
  C:34E2H         LINE#         2996
  C:34E2H         LINE#         2999
  C:34ECH         LINE#         3003
  C:34EFH         LINE#         3004
  C:34EFH         LINE#         3005
  C:34F3H         LINE#         3006
  C:34F8H         LINE#         3007
  C:34FAH         LINE#         3009
  C:34FAH         LINE#         3010
  C:3501H         LINE#         3011
  C:3507H         LINE#         3012
  C:3507H         LINE#         3013
  -------         ENDPROC       AFTER_ARRIVE_WRITE_1302
  -------         PROC          _HOUR_CHAGE_INPUT
  X:0166H         SYMBOL        i
  -------         DO            
  D:0007H         SYMBOL        hour_state_value
  -------         ENDDO         
  C:2E26H         LINE#         3020
  C:2E2BH         LINE#         3021
  C:2E2BH         LINE#         3024
  C:2E30H         LINE#         3028
  C:2E38H         LINE#         3029
  C:2E38H         LINE#         3033
  C:2E3BH         LINE#         3034
  C:2E41H         LINE#         3035
  C:2E41H         LINE#         3036
  C:2E45H         LINE#         3037
  C:2E48H         LINE#         3038
  C:2E4BH         LINE#         3039
  C:2E4EH         LINE#         3040
  C:2E54H         LINE#         3041
  C:2E56H         LINE#         3042
  C:2E5AH         LINE#         3043
  C:2E5AH         LINE#         3044
  C:2E60H         LINE#         3045
  C:2E63H         LINE#         3046
  C:2E66H         LINE#         3047
  C:2E66H         LINE#         3048
  C:2E68H         LINE#         3049
  C:2E6EH         LINE#         3050
  C:2E6EH         LINE#         3051
  C:2E71H         LINE#         3052
  C:2E75H         LINE#         3053
  C:2E75H         LINE#         3061
  C:2E75H         LINE#         3062
  C:2E7BH         LINE#         3063
  C:2E7BH         LINE#         3065
BL51 BANKED LINKER/LOCATER V6.22                                                      01/31/2018  17:38:08  PAGE 67


  C:2E7FH         LINE#         3066
  C:2E7FH         LINE#         3067
  C:2E81H         LINE#         3068
  C:2E84H         LINE#         3069
  C:2E89H         LINE#         3070
  C:2E8CH         LINE#         3071
  C:2E91H         LINE#         3072
  C:2E95H         LINE#         3073
  C:2E95H         LINE#         3074
  C:2E97H         LINE#         3076
  C:2E97H         LINE#         3077
  C:2E9BH         LINE#         3078
  C:2E9EH         LINE#         3079
  C:2EA4H         LINE#         3080
  C:2EA7H         LINE#         3082
  C:2EA7H         LINE#         3085
  C:2EA7H         LINE#         3086
  -------         ENDPROC       _HOUR_CHAGE_INPUT
  -------         PROC          TEMPER_DISPLAY
  C:36D3H         LINE#         3092
  C:36D3H         LINE#         3093
  C:36D3H         LINE#         3095
  C:36DAH         LINE#         3096
  C:36DAH         LINE#         3097
  C:36DDH         LINE#         3098
  C:36E2H         LINE#         3099
  C:36E2H         LINE#         3100
  -------         ENDPROC       TEMPER_DISPLAY
  -------         PROC          DISPLAY_12_24_BLINK
  C:3304H         LINE#         3128
  C:3304H         LINE#         3129
  C:3304H         LINE#         3130
  C:330CH         LINE#         3131
  C:330CH         LINE#         3132
  C:3312H         LINE#         3133
  C:3312H         LINE#         3134
  C:3314H         LINE#         3135
  C:331AH         LINE#         3136
  C:331AH         LINE#         3137
  C:3320H         LINE#         3138
  C:3322H         LINE#         3140
  C:3322H         LINE#         3141
  C:332DH         LINE#         3142
  C:332DH         LINE#         3144
  C:3336H         LINE#         3145
  C:3338H         LINE#         3147
  C:3338H         LINE#         3148
  C:333EH         LINE#         3149
  C:3349H         LINE#         3150
  C:3349H         LINE#         3151
  C:334EH         LINE#         3152
  C:334EH         LINE#         3153
  -------         ENDPROC       DISPLAY_12_24_BLINK
  -------         PROC          _YEAR_BLINK
  X:0166H         SYMBOL        i
  C:3151H         LINE#         3155
  C:3156H         LINE#         3156
BL51 BANKED LINKER/LOCATER V6.22                                                      01/31/2018  17:38:08  PAGE 68


  C:3156H         LINE#         3157
  C:315EH         LINE#         3158
  C:315EH         LINE#         3159
  C:3164H         LINE#         3160
  C:3164H         LINE#         3161
  C:3166H         LINE#         3162
  C:3199H         LINE#         3163
  C:319BH         LINE#         3165
  C:319BH         LINE#         3166
  C:31A1H         LINE#         3167
  C:31A7H         LINE#         3168
  C:31B1H         LINE#         3169
  C:31B1H         LINE#         3170
  C:31B6H         LINE#         3171
  C:31B6H         LINE#         3172
  -------         ENDPROC       _YEAR_BLINK
  -------         PROC          FROM_DS1302_READ_TIME_DATA
  C:2EAEH         LINE#         3175
  C:2EAEH         LINE#         3176
  C:2EAEH         LINE#         3178
  C:2EB1H         LINE#         3179
  C:2EB6H         LINE#         3180
  C:2EBEH         LINE#         3181
  C:2EC6H         LINE#         3182
  C:2ECEH         LINE#         3183
  C:2ED6H         LINE#         3184
  C:2EDEH         LINE#         3185
  C:2EE6H         LINE#         3186
  C:2EEEH         LINE#         3187
  C:2EF1H         LINE#         3188
  C:2EF9H         LINE#         3189
  C:2EF9H         LINE#         3190
  C:2F04H         LINE#         3191
  C:2F04H         LINE#         3192
  C:2F0AH         LINE#         3193
  C:2F0CH         LINE#         3195
  C:2F0CH         LINE#         3196
  C:2F11H         LINE#         3197
  C:2F11H         LINE#         3198
  C:2F1BH         LINE#         3199
  C:2F22H         LINE#         3213
  C:2F22H         LINE#         3214
  C:2F2AH         LINE#         3215
  C:2F2AH         LINE#         3216
  C:2F2AH         LINE#         3217
  C:2F2DH         LINE#         3218
  C:2F2DH         LINE#         3219
  C:2F2DH         LINE#         3220
  C:2F32H         LINE#         3221
  -------         ENDPROC       FROM_DS1302_READ_TIME_DATA
  -------         PROC          INITDS1302
  -------         DO            
  X:0167H         SYMBOL        year
  X:0168H         SYMBOL        month
  X:0169H         SYMBOL        mday
  X:016AH         SYMBOL        week
  X:016BH         SYMBOL        hour
BL51 BANKED LINKER/LOCATER V6.22                                                      01/31/2018  17:38:08  PAGE 69


  X:016CH         SYMBOL        minute
  X:016DH         SYMBOL        second
  -------         ENDDO         
  C:2BDFH         LINE#         3224
  C:2BDFH         LINE#         3225
  C:2BDFH         LINE#         3227
  C:2BE7H         LINE#         3228
  C:2BEAH         LINE#         3229
  C:2BEDH         LINE#         3230
  C:2BF3H         LINE#         3231
  C:2BFBH         LINE#         3232
  C:2C03H         LINE#         3233
  C:2C0BH         LINE#         3235
  C:2C12H         LINE#         3236
  C:2C15H         LINE#         3237
  C:2C1BH         LINE#         3238
  C:2C20H         LINE#         3239
  C:2C23H         LINE#         3244
  C:2C26H         LINE#         3245
  C:2C2BH         LINE#         3246
  C:2C30H         LINE#         3248
  C:2C33H         LINE#         3249
  C:2C38H         LINE#         3251
  C:2C40H         LINE#         3252
  C:2C48H         LINE#         3253
  C:2C50H         LINE#         3254
  C:2C58H         LINE#         3255
  C:2C60H         LINE#         3256
  C:2C68H         LINE#         3257
  C:2C70H         LINE#         3258
  C:2C75H         LINE#         3259
  C:2C78H         LINE#         3260
  -------         ENDPROC       INITDS1302
  -------         PROC          POINT_BLINK
  C:2A9FH         LINE#         3269
  C:2A9FH         LINE#         3270
  C:2A9FH         LINE#         3273
  C:2AB7H         LINE#         3274
  C:2AD1H         LINE#         3275
  C:2AE9H         LINE#         3276
  C:2B03H         LINE#         3277
  C:2B0AH         LINE#         3278
  C:2B14H         LINE#         3279
  C:2B14H         LINE#         3280
  C:2B18H         LINE#         3281
  C:2B1AH         LINE#         3283
  C:2B1AH         LINE#         3284
  C:2B1EH         LINE#         3285
  C:2B1EH         LINE#         3286
  C:2B30H         LINE#         3287
  C:2B30H         LINE#         3288
  C:2B37H         LINE#         3289
  C:2B39H         LINE#         3291
  C:2B39H         LINE#         3292
  C:2B40H         LINE#         3293
  C:2B40H         LINE#         3294
  -------         ENDPROC       POINT_BLINK
BL51 BANKED LINKER/LOCATER V6.22                                                      01/31/2018  17:38:08  PAGE 70


  -------         PROC          ADC_SWITCH
  C:2657H         LINE#         3298
  C:2657H         LINE#         3299
  C:2657H         LINE#         3300
  C:2664H         LINE#         3301
  C:2664H         LINE#         3303
  C:2664H         LINE#         3304
  C:2664H         LINE#         3308
  C:266AH         LINE#         3309
  C:2690H         LINE#         3310
  C:26B8H         LINE#         3311
  C:26BFH         LINE#         3312
  C:26C6H         LINE#         3313
  C:26C9H         LINE#         3314
  C:26CEH         LINE#         3315
  C:26CFH         LINE#         3316
  C:26CFH         LINE#         3319
  C:26CFH         LINE#         3320
  C:26CFH         LINE#         3326
  C:26F5H         LINE#         3327
  C:2721H         LINE#         3328
  C:274FH         LINE#         3329
  C:2756H         LINE#         3331
  C:2759H         LINE#         3332
  C:275FH         LINE#         3334
  C:275FH         LINE#         3335
  C:275FH         LINE#         3336
  C:275FH         LINE#         3337
  C:275FH         LINE#         3338
  C:275FH         LINE#         3339
  -------         ENDPROC       ADC_SWITCH
  -------         ENDMOD        USR

  -------         MODULE        ?C?FPADD
  C:1354H         PUBLIC        ?C?FPADD
  C:1350H         PUBLIC        ?C?FPSUB
  -------         ENDMOD        ?C?FPADD

  -------         MODULE        ?C?FPMUL
  C:1445H         PUBLIC        ?C?FPMUL
  -------         ENDMOD        ?C?FPMUL

  -------         MODULE        ?C?FPDIV
  C:154EH         PUBLIC        ?C?FPDIV
  -------         ENDMOD        ?C?FPDIV

  -------         MODULE        ?C?FCAST
  C:15F5H         PUBLIC        ?C?FCASTC
  C:15F0H         PUBLIC        ?C?FCASTI
  C:15EBH         PUBLIC        ?C?FCASTL
  -------         ENDMOD        ?C?FCAST

  -------         MODULE        ?C?CASTF
  C:1629H         PUBLIC        ?C?CASTF
  -------         ENDMOD        ?C?CASTF

  -------         MODULE        LOG
BL51 BANKED LINKER/LOCATER V6.22                                                      01/31/2018  17:38:08  PAGE 71


  C:1DAFH         PUBLIC        _LOG
  C:1DABH         PUBLIC        _LOG10
  -------         ENDMOD        LOG

  -------         MODULE        ?C?COPY
  C:17C7H         PUBLIC        ?C?COPY
  -------         ENDMOD        ?C?COPY

  -------         MODULE        ?C?LNEG
  C:17EDH         PUBLIC        ?C?LNEG
  -------         ENDMOD        ?C?LNEG

  -------         MODULE        ?C?LLDCODE
  C:17FBH         PUBLIC        ?C?LLDCODE
  -------         ENDMOD        ?C?LLDCODE

  -------         MODULE        ?C?LLDXDATA0
  C:180BH         PUBLIC        ?C?LLDXDATA0
  -------         ENDMOD        ?C?LLDXDATA0

  -------         MODULE        ?C?LLDCODE0
  C:1817H         PUBLIC        ?C?LLDCODE0
  -------         ENDMOD        ?C?LLDCODE0

  -------         MODULE        ?C?LSTXDATA
  C:1827H         PUBLIC        ?C?LSTXDATA
  -------         ENDMOD        ?C?LSTXDATA

  -------         MODULE        ?C?LSTKXDATA
  C:1833H         PUBLIC        ?C?LSTKXDATA
  -------         ENDMOD        ?C?LSTKXDATA

  -------         MODULE        ?C?OFFXADD
  C:1864H         PUBLIC        ?C?OFFXADD
  -------         ENDMOD        ?C?OFFXADD

Program Size: data=17.1 xdata=372 code=14170
LINK/LOCATE RUN COMPLETE.  0 WARNING(S),  0 ERROR(S)
