<html>
<body>
<pre>
<h1>礦ision Build Log</h1>
<h2>Project:</h2>
D:\2海矽-开关电源\洗墙灯\SDK\景观灯控制器V2版\XQD_RTOS\KEIL\RTOSDemo.uvproj
Project File Date:  11/27/2018

<h2>Output:</h2>
Build target 'FreeRTOS'
compiling ST7567.C...
linking...
Program Size: Code=32306 RO-data=6110 RW-data=336 ZI-data=13920  
FromELF: creating hex file...
After Build - User command #1: fromelf --bin ".\obj\RTOSDemo.axf" --output ".\obj\RTOSDemo.bin"
After Build - User command #2: fromelf --text -c ".\obj\RTOSDemo.axf" --output ".\obj\RTOSDemo.txt"
".\obj\RTOSDemo.axf" - 0 Error(s), 0 Warning(s).
Load "D:\\2海矽-开关电源\\洗墙灯\\SDK\\景观灯控制器V2版\\XQD_RTOS\\KEIL\\obj\\RTOSDemo.axf" 
Erase Done.
Programming Done.
Verify OK.
Load "D:\\2海矽-开关电源\\洗墙灯\\SDK\\景观灯控制器V2版\\XQD_RTOS\\KEIL\\obj\\RTOSDemo.axf" 
Erase Done.
Programming Done.
Verify OK.
</pre>
</body>
</html>
