Product: MDK-ARM Standard 5.10
Component: ARM Compiler 5.04 update 1 (build 49)
Tool: armlink [5040049]

==============================================================================

Memory Map of the image

  Image Entry point : 0x00000141

  Load Region LR_IROM1 (Base: 0x00000000, Size: 0x00009760, Max: 0x00040000, ABSOLUTE, COMPRESSED[0x0000968c])

    Execution Region ER_IROM1 (Base: 0x00000000, Size: 0x00009610, Max: 0x00040000, ABSOLUTE)

    Base Addr    Size         Type   Attr      Idx    E Section Name        Object

    0x00000000   0x00000140   Data   RO           66    RESET               startup_m451series.o
    0x00000140   0x00000000   Code   RO          724  * .ARM.Collect$$$$00000000  mc_w.l(entry.o)
    0x00000140   0x00000004   Code   RO          998    .ARM.Collect$$$$00000001  mc_w.l(entry2.o)
    0x00000144   0x00000004   Code   RO         1001    .ARM.Collect$$$$00000004  mc_w.l(entry5.o)
    0x00000148   0x00000000   Code   RO         1003    .ARM.Collect$$$$00000008  mc_w.l(entry7b.o)
    0x00000148   0x00000000   Code   RO         1005    .ARM.Collect$$$$0000000A  mc_w.l(entry8b.o)
    0x00000148   0x00000008   Code   RO         1006    .ARM.Collect$$$$0000000B  mc_w.l(entry9a.o)
    0x00000150   0x00000000   Code   RO         1008    .ARM.Collect$$$$0000000D  mc_w.l(entry10a.o)
    0x00000150   0x00000000   Code   RO         1010    .ARM.Collect$$$$0000000F  mc_w.l(entry11a.o)
    0x00000150   0x00000004   Code   RO          999    .ARM.Collect$$$$00002712  mc_w.l(entry2.o)
    0x00000154   0x000000a8   Code   RO          514    .emb_text           port.o
    0x000001fc   0x0000001c   Code   RO          564    .emb_text           retarget.o
    0x00000218   0x000000a4   Code   RO            3    .text               system_m451series.o
    0x000002bc   0x0000005c   Code   RO           67    .text               startup_m451series.o
    0x00000318   0x0000021c   Code   RO           73    .text               main.o
    0x00000534   0x0000012c   Code   RO          177    .text               config.o
    0x00000660   0x00000488   Code   RO          200    .text               st7567.o
    0x00000ae8   0x00001c7c   Code   RO          236    .text               st7567_api.o
    0x00002764   0x00001250   Code   RO          266    .text               event_process.o
    0x000039b4   0x00000114   Code   RO          298    .text               get_event.o
    0x00003ac8   0x000010dc   Code   RO          332    .text               dmx512.o
    0x00004ba4   0x00000708   Code   RO          362    .text               dmx512_api.o
    0x000052ac   0x00000ab0   Code   RO          389    .text               tasks.o
    0x00005d5c   0x00000314   Code   RO          436    .text               timers.o
    0x00006070   0x0000008e   Code   RO          462    .text               list.o
    0x000060fe   0x00000002   PAD
    0x00006100   0x00000744   Code   RO          488    .text               queue.o
    0x00006844   0x000000c8   Code   RO          515    .text               port.o
    0x0000690c   0x000000fc   Code   RO          541    .text               heap_2.o
    0x00006a08   0x00000128   Code   RO          565    .text               retarget.o
    0x00006b30   0x0000009c   Code   RO          597    .text               sys.o
    0x00006bcc   0x000003f0   Code   RO          617    .text               uart.o
    0x00006fbc   0x0000046c   Code   RO          645    .text               clk.o
    0x00007428   0x0000005e   Code   RO          679    .text               gpio.o
    0x00007486   0x00000002   PAD
    0x00007488   0x00000628   Code   RO          699    .text               fmc.o
    0x00007ab0   0x00000024   Code   RO          727    .text               mc_w.l(memcpya.o)
    0x00007ad4   0x00000024   Code   RO          729    .text               mc_w.l(memseta.o)
    0x00007af8   0x00000018   Code   RO          731    .text               mc_w.l(strcat.o)
    0x00007b10   0x00000018   Code   RO          733    .text               mc_w.l(strncpy.o)
    0x00007b28   0x00000062   Code   RO         1014    .text               mc_w.l(uldiv.o)
    0x00007b8a   0x00000002   PAD
    0x00007b8c   0x00000024   Code   RO         1027    .text               mc_w.l(init.o)
    0x00007bb0   0x0000001e   Code   RO         1029    .text               mc_w.l(llshl.o)
    0x00007bce   0x00000020   Code   RO         1031    .text               mc_w.l(llushr.o)
    0x00007bee   0x00000056   Code   RO         1045    .text               mc_w.l(__dczerorl2.o)
    0x00007c44   0x00000020   Code   RO          870    i.__0printf$5       mc_w.l(printf5.o)
    0x00007c64   0x00000028   Code   RO          872    i.__0sprintf$5      mc_w.l(printf5.o)
    0x00007c8c   0x0000000e   Code   RO         1039    i.__scatterload_copy  mc_w.l(handlers.o)
    0x00007c9a   0x00000002   Code   RO         1040    i.__scatterload_null  mc_w.l(handlers.o)
    0x00007c9c   0x0000000e   Code   RO         1041    i.__scatterload_zeroinit  mc_w.l(handlers.o)
    0x00007caa   0x00000002   PAD
    0x00007cac   0x000002bc   Code   RO          877    i._printf_core      mc_w.l(printf5.o)
    0x00007f68   0x0000000a   Code   RO          879    i._sputc            mc_w.l(printf5.o)
    0x00007f72   0x00000690   Data   RO          201    .constdata          st7567.o
    0x00008602   0x00000002   PAD
    0x00008604   0x00000f2c   Data   RO          237    .constdata          st7567_api.o
    0x00009530   0x00000040   Data   RO          618    .constdata          uart.o
    0x00009570   0x0000007e   Data   RO          239    .conststring        st7567_api.o
    0x000095ee   0x00000002   PAD
    0x000095f0   0x00000020   Data   RO         1037    Region$$Table       anon$$obj.o


    Execution Region RW_IRAM1 (Base: 0x20000000, Size: 0x000037b0, Max: 0x00008000, ABSOLUTE, COMPRESSED[0x0000007c])

    Base Addr    Size         Type   Attr      Idx    E Section Name        Object

    0x20000000   0x0000002c   Data   RW            4    .data               system_m451series.o
    0x2000002c   0x00000004   Data   RW           75    .data               main.o
    0x20000030   0x00000054   Data   RW          240    .data               st7567_api.o
    0x20000084   0x00000010   Data   RW          268    .data               event_process.o
    0x20000094   0x0000000a   Data   RW          299    .data               get_event.o
    0x2000009e   0x00000002   PAD
    0x200000a0   0x00000044   Data   RW          363    .data               dmx512_api.o
    0x200000e4   0x0000003c   Data   RW          391    .data               tasks.o
    0x20000120   0x00000010   Data   RW          438    .data               timers.o
    0x20000130   0x00000004   Data   RW          516    .data               port.o
    0x20000134   0x00000018   Data   RW          543    .data               heap_2.o
    0x2000014c   0x00000004   Data   RW          566    .data               retarget.o
    0x20000150   0x000000f0   Zero   RW          267    .bss                event_process.o
    0x20000240   0x00001013   Zero   RW          333    .bss                dmx512.o
    0x20001253   0x00000001   PAD
    0x20001254   0x000000f0   Zero   RW          390    .bss                tasks.o
    0x20001344   0x00000028   Zero   RW          437    .bss                timers.o
    0x2000136c   0x00000040   Zero   RW          489    .bss                queue.o
    0x200013ac   0x00002000   Zero   RW          542    .bss                heap_2.o
    0x200033ac   0x00000004   PAD
    0x200033b0   0x00000400   Zero   RW           64    STACK               startup_m451series.o


==============================================================================

Image component sizes


      Code (inc. data)   RO Data    RW Data    ZI Data      Debug   Object Name

      1132         90          0          0          0       5526   clk.o
       300         46          0          0          0       3584   config.o
      4316         60          0          0       4115      19405   dmx512.o
      1800        174          0         68          0       6678   dmx512_api.o
      4688        502          0         16        240       9843   event_process.o
      1576        128          0          0          0       9789   fmc.o
       276         12          0         10          0     201928   get_event.o
        94          0          0          0          0       1410   gpio.o
       252         10          0         24       8192       3364   heap_2.o
       142          0          0          0          0       3390   list.o
       540         98          0          4          0     252165   main.o
       368         34          0          4          0       4768   port.o
      1860          6          0          0         64      11230   queue.o
       324        128          0          4          0       4733   retarget.o
      1160         14       1680          0          0     204868   st7567.o
      7292        526       4010         84          0      11241   st7567_api.o
        92         22        320          0       1024        928   startup_m451series.o
       156          0          0          0          0       1934   sys.o
       164         24          0         44          0     220357   system_m451series.o
      2736         62          0         60        240     214717   tasks.o
       788         20          0         16         40       5416   timers.o
      1008         40         64          0          0      31771   uart.o

    ----------------------------------------------------------------------
     31068       1996       6110        336      13920    1229045   Object Totals
         0          0         32          0          0          0   (incl. Generated)
         4          0          4          2          5          0   (incl. Padding)

    ----------------------------------------------------------------------

      Code (inc. data)   RO Data    RW Data    ZI Data      Debug   Library Member Name

        86          0          0          0          0          0   __dczerorl2.o
         0          0          0          0          0          0   entry.o
         0          0          0          0          0          0   entry10a.o
         0          0          0          0          0          0   entry11a.o
         8          4          0          0          0          0   entry2.o
         4          0          0          0          0          0   entry5.o
         0          0          0          0          0          0   entry7b.o
         0          0          0          0          0          0   entry8b.o
         8          4          0          0          0          0   entry9a.o
        30          0          0          0          0          0   handlers.o
        36          8          0          0          0         68   init.o
        30          0          0          0          0         68   llshl.o
        32          0          0          0          0         68   llushr.o
        36          0          0          0          0         68   memcpya.o
        36          0          0          0          0        108   memseta.o
       782         62          0          0          0        336   printf5.o
        24          0          0          0          0         68   strcat.o
        24          0          0          0          0         76   strncpy.o
        98          0          0          0          0         92   uldiv.o

    ----------------------------------------------------------------------
      1238         78          0          0          0        952   Library Totals
         4          0          0          0          0          0   (incl. Padding)

    ----------------------------------------------------------------------

      Code (inc. data)   RO Data    RW Data    ZI Data      Debug   Library Name

      1234         78          0          0          0        952   mc_w.l

    ----------------------------------------------------------------------
      1238         78          0          0          0        952   Library Totals

    ----------------------------------------------------------------------

==============================================================================


      Code (inc. data)   RO Data    RW Data    ZI Data      Debug   

     32306       2074       6110        336      13920    1224013   Grand Totals
     32306       2074       6110        124      13920    1224013   ELF Image Totals (compressed)
     32306       2074       6110        124          0          0   ROM Totals

==============================================================================

    Total RO  Size (Code + RO Data)                38416 (  37.52kB)
    Total RW  Size (RW Data + ZI Data)             14256 (  13.92kB)
    Total ROM Size (Code + RO Data + RW Data)      38540 (  37.64kB)

==============================================================================

