BL51 BANKED LINKER/LOCATER V6.22                                                        01/31/2018  16:08:22  PAGE 1


BL51 BANKED LINKER/LOCATER V6.22, INVOKED BY:
E:\KEIL_V5\C51\BIN\BL51.EXE .\Output\STARTUP.obj, .\Output\FD612Drv.obj, .\Output\Debug.obj, .\Output\config.obj, .\Outp
>> ut\ds1302.obj, .\Output\Main.obj, .\Output\usr.obj TO .\Output\pro PRINT (.\List\pro.m51) RAMSIZE (256)


MEMORY MODEL: LARGE WITH FLOATING POINT ARITHMETIC


INPUT MODULES INCLUDED:
  .\Output\STARTUP.obj (?C_STARTUP)
  .\Output\FD612Drv.obj (FD612DRV)
  .\Output\Debug.obj (DEBUG)
  .\Output\config.obj (CONFIG)
  .\Output\ds1302.obj (DS1302)
  .\Output\Main.obj (MAIN)
  .\Output\usr.obj (USR)
  E:\KEIL_V5\C51\LIB\C51FPL.LIB (?C?FPADD)
  E:\KEIL_V5\C51\LIB\C51FPL.LIB (?C?FPMUL)
  E:\KEIL_V5\C51\LIB\C51FPL.LIB (?C?FPDIV)
  E:\KEIL_V5\C51\LIB\C51FPL.LIB (?C?FCAST)
  E:\KEIL_V5\C51\LIB\C51FPL.LIB (?C?CASTF)
  E:\KEIL_V5\C51\LIB\C51FPL.LIB (LOG)
  E:\KEIL_V5\C51\LIB\C51FPL.LIB (?C?FPGETOPN)
  E:\KEIL_V5\C51\LIB\C51FPL.LIB (?C?FPSERIES)
  E:\KEIL_V5\C51\LIB\C51L.LIB (?C_INIT)
  E:\KEIL_V5\C51\LIB\C51L.LIB (?C?COPY)
  E:\KEIL_V5\C51\LIB\C51L.LIB (?C?LNEG)
  E:\KEIL_V5\C51\LIB\C51L.LIB (?C?LLDCODE)
  E:\KEIL_V5\C51\LIB\C51L.LIB (?C?LLDXDATA0)
  E:\KEIL_V5\C51\LIB\C51L.LIB (?C?LLDCODE0)
  E:\KEIL_V5\C51\LIB\C51L.LIB (?C?LSTXDATA)
  E:\KEIL_V5\C51\LIB\C51L.LIB (?C?LSTKXDATA)
  E:\KEIL_V5\C51\LIB\C51L.LIB (?C?OFFXADD)


LINK MAP OF MODULE:  .\Output\pro (?C_STARTUP)


            TYPE    BASE      LENGTH    RELOCATION   SEGMENT NAME
            -----------------------------------------------------

            * * * * * * *   D A T A   M E M O R Y   * * * * * * *
            REG     0000H     0008H     ABSOLUTE     "REG BANK 0"
                    0008H     0008H                  *** GAP ***
            REG     0010H     0008H     ABSOLUTE     "REG BANK 2"
                    0018H     0008H                  *** GAP ***
            BIT     0020H.0   0000H.1   UNIT         _BIT_GROUP_
                    0020H.1   0000H.7                *** GAP ***
            IDATA   0021H     0001H     UNIT         ?STACK

            * * * * * * *  X D A T A   M E M O R Y  * * * * * * *
            XDATA   0000H     00DEH     UNIT         ?XD?FD612DRV
            XDATA   00DEH     0088H     UNIT         ?XD?USR
            XDATA   0166H     000EH     UNIT         _XDATA_GROUP_

            * * * * * * *   C O D E   M E M O R Y   * * * * * * *
            CODE    0000H     0003H     ABSOLUTE     
            CODE    0003H     0007H     UNIT         ?PR?RESETDS1302?DS1302
BL51 BANKED LINKER/LOCATER V6.22                                                      01/31/2018  16:08:22  PAGE 2


                    000AH     0001H                  *** GAP ***
            CODE    000BH     0003H     ABSOLUTE     
            CODE    000EH     000DH     UNIT         ?PR?_FD612_COMMAND?FD612DRV
            CODE    001BH     0003H     ABSOLUTE     
            CODE    001EH     073BH     UNIT         ?PR?DISPLAY?USR
            CODE    0759H     05E8H     UNIT         ?PR?KEY_STATUE?USR
            CODE    0D41H     056BH     UNIT         ?PR?_ALARM_SET_DISPLAY?USR
            CODE    12ACH     0523H     UNIT         ?C?LIB_CODE
            CODE    17CFH     01FDH     UNIT         ?C_INITSEG
            CODE    19CCH     01E5H     UNIT         ?PR?_ALARM_HOUR_LONG_UP_DOWN?USR
            CODE    1BB1H     0129H     UNIT         ?PR?_HOUR_LONG_UP_DOWN?USR
            CODE    1CDAH     0129H     UNIT         ?PR?LOG?LOG
            CODE    1E03H     0121H     UNIT         ?PR?PM_12_24_ALARM_DISPLAY?USR
            CODE    1F24H     011EH     UNIT         ?PR?ALARM2_SLEEP?USR
            CODE    2042H     011BH     UNIT         ?PR?ALARM1_SLEEP?USR
            CODE    215DH     011BH     UNIT         ?PR?ALARM3_SLEEP?USR
            CODE    2278H     011AH     UNIT         ?PR?MTIMER1INTERRUPT?USR
            CODE    2392H     0113H     UNIT         ?PR?ADC_CONVERT?USR
            CODE    24A5H     0111H     UNIT         ?PR?KEY_DISLPAY_UP_DOWN?USR
            CODE    25B6H     0109H     UNIT         ?PR?ADC_SWITCH?USR
            CODE    26BFH     00F0H     UNIT         ?PR?POINT_BLINK?USR
            CODE    27AFH     00DDH     UNIT         ?PR?_FD612_POTIVETNAGE?FD612DRV
            CODE    288CH     00D4H     UNIT         ?PR?SD_MODE?USR
            CODE    2960H     00D2H     UNIT         ?PR?_ALARM_MIN_LONG_UP_DOWN?USR
            CODE    2A32H     00BCH     UNIT         ?PR?FD612_LOOP?FD612DRV
            CODE    2AEEH     009CH     UNIT         ?PR?DISPLAY_MODE_SELECT?USR
            CODE    2B8AH     009CH     UNIT         ?PR?INITDS1302?USR
            CODE    2C26H     0090H     UNIT         ?PR?_MIN_LONG_UP_DOWN?USR
            CODE    2CB6H     008FH     UNIT         ?PR?_MDAY_LONG_UP_DOWN?USR
            CODE    2D45H     008CH     UNIT         ?C_C51STARTUP
            CODE    2DD1H     0088H     UNIT         ?PR?_HOUR_CHAGE_INPUT?USR
            CODE    2E59H     0085H     UNIT         ?PR?FROM_DS1302_READ_TIME_DATA?USR
            CODE    2EDEH     0077H     UNIT         ?PR?ALARM_LONG_BLINK?USR
            CODE    2F55H     006DH     UNIT         ?PR?VOICE_CONTROL?USR
            CODE    2FC2H     006AH     UNIT         ?PR?_MON_LONG_UP_DOWN?USR
            CODE    302CH     006AH     UNIT         ?PR?_FD612_DISPLAY_2DIG_INPUT?USR
            CODE    3096H     0066H     UNIT         ?PR?_FD612_DISPLAY_4DIG_INPUT?USR
            CODE    30FCH     0066H     UNIT         ?PR?_YEAR_BLINK?USR
            CODE    3162H     0058H     UNIT         ?PR?_YEAR_LONG_UP_DOWN?USR
            CODE    31BAH     0055H     UNIT         ?PR?_PORT1CFG?CONFIG
            CODE    320FH     0055H     UNIT         ?PR?_PORT3CFG?CONFIG
            CODE    3264H     004BH     UNIT         ?PR?GPIO_INIT?CONFIG
            CODE    32AFH     004BH     UNIT         ?PR?DISPLAY_12_24_BLINK?USR
            CODE    32FAH     004AH     UNIT         ?PR?MAIN?MAIN
            CODE    3344H     0048H     UNIT         ?PR?DS1302_INIT?CONFIG
            CODE    338CH     0047H     UNIT         ?PR?TIME0_SETUP?USR
            CODE    33D3H     0041H     UNIT         ?PR?MODE1_SELECT_DISLAY?USR
            CODE    3414H     0040H     UNIT         ?PR?_FD612_WRBYTE?FD612DRV
            CODE    3454H     0039H     UNIT         ?PR?ALARM_HOUR_DISPLAY?USR
            CODE    348DH     002FH     UNIT         ?PR?AFTER_ARRIVE_WRITE_1302?USR
            CODE    34BCH     002BH     UNIT         ?PR?ALARM_MIN_DISPLAY?USR
            CODE    34E7H     0029H     UNIT         ?PR?FD612_INIT?FD612DRV
            CODE    3510H     0026H     UNIT         ?PR?FD612_DISPDATAREFRESH?FD612DRV
            CODE    3536H     0023H     UNIT         ?PR?_BCD_DECIMAL?USR
            CODE    3559H     0021H     UNIT         ?PR?DP_MODE_EXIT?USR
            CODE    357AH     001FH     UNIT         ?PR?READBYTEDS1302?DS1302
            CODE    3599H     001CH     UNIT         ?PR?TIME1_INIT?CONFIG
BL51 BANKED LINKER/LOCATER V6.22                                                      01/31/2018  16:08:22  PAGE 3


            CODE    35B5H     001CH     UNIT         ?PR?ALARM_DISPLAY?USR
            CODE    35D1H     001AH     UNIT         ?PR?TIME0_INIT?CONFIG
            CODE    35EBH     0018H     UNIT         ?PR?DISPLAY_INIT_FIRST?CONFIG
            CODE    3603H     0018H     UNIT         ?PR?_WRITEBYTEDS1302?DS1302
            CODE    361BH     0017H     UNIT         ?PR?_MDELAYMS?DEBUG
            CODE    3632H     0015H     UNIT         ?PR?_WRITE_ADDR_BYTE_DS1302?DS1302
            CODE    3647H     0013H     UNIT         ?PR?FD612_REFRESH?FD612DRV
            CODE    365AH     0012H     UNIT         ?PR?CFGFSYS?DEBUG
            CODE    366CH     0012H     UNIT         ?PR?ALARM_TIME_INIT?USR
            CODE    367EH     0012H     UNIT         ?PR?TEMPER_DISPLAY?USR
            CODE    3690H     0011H     UNIT         ?PR?FD612_START?FD612DRV
            CODE    36A1H     0011H     UNIT         ?PR?_DECIMAL_BCD?USR
            CODE    36B2H     000EH     UNIT         ?PR?_MDELAYUS?DEBUG
            CODE    36C0H     000DH     UNIT         ?PR?DS1302_W_ON?DS1302
            CODE    36CDH     000DH     UNIT         ?PR?DS1302_W_OFF?DS1302
            CODE    36DAH     000AH     UNIT         ?PR?FD612_STOP?FD612DRV
            CODE    36E4H     000AH     UNIT         ?PR?_READ_ADDR_BYTE_DS1302?DS1302
            CODE    36EEH     0009H     UNIT         ?PR?_ADC0_INIT?CONFIG
            CODE    36F7H     0009H     UNIT         ?PR?MTIMER0INTERRUPT?USR
            CODE    3700H     0006H     UNIT         ?PR?FD628_DELAY10US?FD612DRV



OVERLAY MAP OF MODULE:   .\Output\pro (?C_STARTUP)


SEGMENT                                       BIT_GROUP          XDATA_GROUP
  +--> CALLED SEGMENT                      START    LENGTH     START    LENGTH
------------------------------------------------------------------------------
?C_C51STARTUP                              -----    -----      -----    -----
  +--> ?PR?MAIN?MAIN
  +--> ?C_INITSEG

?PR?MAIN?MAIN                              -----    -----      -----    -----
  +--> ?PR?CFGFSYS?DEBUG
  +--> ?PR?_MDELAYMS?DEBUG
  +--> ?PR?GPIO_INIT?CONFIG
  +--> ?PR?TIME0_INIT?CONFIG
  +--> ?PR?TIME1_INIT?CONFIG
  +--> ?PR?ALARM_TIME_INIT?USR
  +--> ?PR?_ADC0_INIT?CONFIG
  +--> ?PR?DS1302_INIT?CONFIG
  +--> ?PR?ADC_CONVERT?USR
  +--> ?PR?FD612_INIT?FD612DRV
  +--> ?PR?DISPLAY_INIT_FIRST?CONFIG
  +--> ?PR?KEY_STATUE?USR
  +--> ?PR?DISPLAY?USR
  +--> ?PR?ALARM_DISPLAY?USR
  +--> ?PR?MODE1_SELECT_DISLAY?USR
  +--> ?PR?VOICE_CONTROL?USR
  +--> ?PR?SD_MODE?USR
  +--> ?PR?DISPLAY_MODE_SELECT?USR

?PR?_MDELAYMS?DEBUG                        -----    -----      -----    -----
  +--> ?PR?_MDELAYUS?DEBUG

?PR?GPIO_INIT?CONFIG                       -----    -----      -----    -----
BL51 BANKED LINKER/LOCATER V6.22                                                      01/31/2018  16:08:22  PAGE 4


  +--> ?PR?_PORT1CFG?CONFIG
  +--> ?PR?_PORT3CFG?CONFIG

?PR?DS1302_INIT?CONFIG                     -----    -----      0166H    0001H
  +--> ?PR?_WRITE_ADDR_BYTE_DS1302?DS1302
  +--> ?PR?_READ_ADDR_BYTE_DS1302?DS1302
  +--> ?PR?INITDS1302?USR

?PR?_WRITE_ADDR_BYTE_DS1302?DS1302         -----    -----      -----    -----
  +--> ?PR?DS1302_W_ON?DS1302
  +--> ?PR?RESETDS1302?DS1302
  +--> ?PR?_WRITEBYTEDS1302?DS1302
  +--> ?PR?DS1302_W_OFF?DS1302

?PR?DS1302_W_ON?DS1302                     -----    -----      -----    -----
  +--> ?PR?RESETDS1302?DS1302
  +--> ?PR?_WRITEBYTEDS1302?DS1302

?PR?DS1302_W_OFF?DS1302                    -----    -----      -----    -----
  +--> ?PR?RESETDS1302?DS1302
  +--> ?PR?_WRITEBYTEDS1302?DS1302

?PR?_READ_ADDR_BYTE_DS1302?DS1302          -----    -----      -----    -----
  +--> ?PR?RESETDS1302?DS1302
  +--> ?PR?_WRITEBYTEDS1302?DS1302
  +--> ?PR?READBYTEDS1302?DS1302

?PR?INITDS1302?USR                         -----    -----      0167H    0007H
  +--> ?PR?_DECIMAL_BCD?USR
  +--> ?PR?DS1302_W_ON?DS1302
  +--> ?PR?RESETDS1302?DS1302
  +--> ?PR?_WRITEBYTEDS1302?DS1302
  +--> ?PR?DS1302_W_OFF?DS1302

?PR?ADC_CONVERT?USR                        -----    -----      0166H    000AH
  +--> ?PR?LOG?LOG

?PR?LOG?LOG                                0020H.0  0000H.1    0170H    0004H

?PR?FD612_INIT?FD612DRV                    -----    -----      -----    -----
  +--> ?PR?_FD612_COMMAND?FD612DRV
  +--> ?PR?FD612_REFRESH?FD612DRV

?PR?_FD612_COMMAND?FD612DRV                -----    -----      -----    -----
  +--> ?PR?FD612_START?FD612DRV
  +--> ?PR?_FD612_WRBYTE?FD612DRV
  +--> ?PR?FD612_STOP?FD612DRV

?PR?FD612_START?FD612DRV                   -----    -----      -----    -----
  +--> ?PR?FD628_DELAY10US?FD612DRV

?PR?_FD612_WRBYTE?FD612DRV                 -----    -----      -----    -----
  +--> ?PR?FD628_DELAY10US?FD612DRV

?PR?FD612_STOP?FD612DRV                    -----    -----      -----    -----
  +--> ?PR?FD628_DELAY10US?FD612DRV

BL51 BANKED LINKER/LOCATER V6.22                                                      01/31/2018  16:08:22  PAGE 5


?PR?FD612_REFRESH?FD612DRV                 -----    -----      -----    -----
  +--> ?PR?_FD612_COMMAND?FD612DRV
  +--> ?PR?FD612_DISPDATAREFRESH?FD612DRV

?PR?FD612_DISPDATAREFRESH?FD612DRV         -----    -----      -----    -----
  +--> ?PR?_FD612_COMMAND?FD612DRV
  +--> ?PR?FD612_START?FD612DRV
  +--> ?PR?_FD612_WRBYTE?FD612DRV
  +--> ?PR?FD612_STOP?FD612DRV

?PR?DISPLAY_INIT_FIRST?CONFIG              -----    -----      -----    -----
  +--> ?PR?_READ_ADDR_BYTE_DS1302?DS1302
  +--> ?PR?FD612_LOOP?FD612DRV
  +--> ?PR?FD612_INIT?FD612DRV
  +--> ?PR?_WRITE_ADDR_BYTE_DS1302?DS1302

?PR?FD612_LOOP?FD612DRV                    -----    -----      0166H    0001H
  +--> ?PR?_FD612_POTIVETNAGE?FD612DRV
  +--> ?PR?FD612_REFRESH?FD612DRV
  +--> ?PR?_MDELAYMS?DEBUG

?PR?_FD612_POTIVETNAGE?FD612DRV            -----    -----      016DH    0004H

?PR?KEY_STATUE?USR                         -----    -----      -----    -----
  +--> ?PR?FROM_DS1302_READ_TIME_DATA?USR
  +--> ?PR?TIME0_SETUP?USR
  +--> ?PR?POINT_BLINK?USR
  +--> ?PR?DISPLAY_12_24_BLINK?USR
  +--> ?PR?_YEAR_BLINK?USR
  +--> ?PR?ALARM_LONG_BLINK?USR
  +--> ?PR?KEY_DISLPAY_UP_DOWN?USR
  +--> ?PR?_HOUR_LONG_UP_DOWN?USR
  +--> ?PR?_MIN_LONG_UP_DOWN?USR
  +--> ?PR?_YEAR_LONG_UP_DOWN?USR
  +--> ?PR?_MON_LONG_UP_DOWN?USR
  +--> ?PR?_MDAY_LONG_UP_DOWN?USR
  +--> ?PR?_ALARM_HOUR_LONG_UP_DOWN?USR
  +--> ?PR?_ALARM_MIN_LONG_UP_DOWN?USR
  +--> ?PR?ADC_SWITCH?USR

?PR?FROM_DS1302_READ_TIME_DATA?USR         -----    -----      -----    -----
  +--> ?PR?RESETDS1302?DS1302
  +--> ?PR?_WRITEBYTEDS1302?DS1302
  +--> ?PR?READBYTEDS1302?DS1302
  +--> ?PR?_BCD_DECIMAL?USR

?PR?TIME0_SETUP?USR                        -----    -----      -----    -----
  +--> ?PR?_MDELAYMS?DEBUG

?PR?POINT_BLINK?USR                        -----    -----      -----    -----
  +--> ?PR?_FD612_POTIVETNAGE?FD612DRV
  +--> ?PR?FD612_REFRESH?FD612DRV

?PR?DISPLAY_12_24_BLINK?USR                -----    -----      -----    -----
  +--> ?PR?_FD612_DISPLAY_2DIG_INPUT?USR
  +--> ?PR?_FD612_DISPLAY_4DIG_INPUT?USR

BL51 BANKED LINKER/LOCATER V6.22                                                      01/31/2018  16:08:22  PAGE 6


?PR?_FD612_DISPLAY_2DIG_INPUT?USR          -----    -----      016AH    0003H
  +--> ?PR?_FD612_POTIVETNAGE?FD612DRV
  +--> ?PR?PM_12_24_ALARM_DISPLAY?USR

?PR?PM_12_24_ALARM_DISPLAY?USR             -----    -----      -----    -----
  +--> ?PR?FD612_REFRESH?FD612DRV

?PR?_FD612_DISPLAY_4DIG_INPUT?USR          -----    -----      0169H    0004H
  +--> ?PR?_FD612_POTIVETNAGE?FD612DRV
  +--> ?PR?PM_12_24_ALARM_DISPLAY?USR
  +--> ?PR?FD612_REFRESH?FD612DRV

?PR?_YEAR_BLINK?USR                        -----    -----      0166H    0001H
  +--> ?PR?_FD612_DISPLAY_4DIG_INPUT?USR

?PR?ALARM_LONG_BLINK?USR                   -----    -----      0166H    0002H
  +--> ?PR?_FD612_DISPLAY_2DIG_INPUT?USR

?PR?KEY_DISLPAY_UP_DOWN?USR                -----    -----      -----    -----
  +--> ?PR?_FD612_DISPLAY_2DIG_INPUT?USR
  +--> ?PR?_FD612_DISPLAY_4DIG_INPUT?USR
  +--> ?PR?ALARM_HOUR_DISPLAY?USR
  +--> ?PR?ALARM_MIN_DISPLAY?USR

?PR?ALARM_HOUR_DISPLAY?USR                 -----    -----      0166H    0002H
  +--> ?PR?_FD612_DISPLAY_2DIG_INPUT?USR

?PR?ALARM_MIN_DISPLAY?USR                  -----    -----      0166H    0002H
  +--> ?PR?_FD612_DISPLAY_2DIG_INPUT?USR

?PR?_HOUR_LONG_UP_DOWN?USR                 -----    -----      0166H    0001H
  +--> ?PR?_READ_ADDR_BYTE_DS1302?DS1302
  +--> ?PR?_BCD_DECIMAL?USR
  +--> ?PR?_FD612_DISPLAY_2DIG_INPUT?USR
  +--> ?PR?_DECIMAL_BCD?USR
  +--> ?PR?_WRITE_ADDR_BYTE_DS1302?DS1302
  +--> ?PR?_MDELAYMS?DEBUG

?PR?_MIN_LONG_UP_DOWN?USR                  -----    -----      0166H    0001H
  +--> ?PR?_READ_ADDR_BYTE_DS1302?DS1302
  +--> ?PR?_BCD_DECIMAL?USR
  +--> ?PR?_FD612_DISPLAY_2DIG_INPUT?USR
  +--> ?PR?_DECIMAL_BCD?USR
  +--> ?PR?_WRITE_ADDR_BYTE_DS1302?DS1302
  +--> ?PR?_MDELAYMS?DEBUG

?PR?_YEAR_LONG_UP_DOWN?USR                 -----    -----      0166H    0001H
  +--> ?PR?_READ_ADDR_BYTE_DS1302?DS1302
  +--> ?PR?_BCD_DECIMAL?USR
  +--> ?PR?_FD612_DISPLAY_4DIG_INPUT?USR
  +--> ?PR?_DECIMAL_BCD?USR
  +--> ?PR?_WRITE_ADDR_BYTE_DS1302?DS1302
  +--> ?PR?_MDELAYMS?DEBUG

?PR?_MON_LONG_UP_DOWN?USR                  -----    -----      0166H    0001H
  +--> ?PR?_READ_ADDR_BYTE_DS1302?DS1302
  +--> ?PR?_BCD_DECIMAL?USR
BL51 BANKED LINKER/LOCATER V6.22                                                      01/31/2018  16:08:22  PAGE 7


  +--> ?PR?_FD612_DISPLAY_2DIG_INPUT?USR
  +--> ?PR?_DECIMAL_BCD?USR
  +--> ?PR?_WRITE_ADDR_BYTE_DS1302?DS1302
  +--> ?PR?_MDELAYMS?DEBUG

?PR?_MDAY_LONG_UP_DOWN?USR                 -----    -----      0166H    0001H
  +--> ?PR?_READ_ADDR_BYTE_DS1302?DS1302
  +--> ?PR?_BCD_DECIMAL?USR
  +--> ?PR?_FD612_DISPLAY_2DIG_INPUT?USR
  +--> ?PR?_DECIMAL_BCD?USR
  +--> ?PR?_WRITE_ADDR_BYTE_DS1302?DS1302
  +--> ?PR?_MDELAYMS?DEBUG

?PR?_ALARM_HOUR_LONG_UP_DOWN?USR           -----    -----      0166H    0004H
  +--> ?PR?_FD612_DISPLAY_2DIG_INPUT?USR
  +--> ?PR?_MDELAYMS?DEBUG

?PR?_ALARM_MIN_LONG_UP_DOWN?USR            -----    -----      0166H    0004H
  +--> ?PR?_FD612_DISPLAY_2DIG_INPUT?USR
  +--> ?PR?_MDELAYMS?DEBUG

?PR?ADC_SWITCH?USR                         -----    -----      -----    -----
  +--> ?PR?_FD612_POTIVETNAGE?FD612DRV
  +--> ?PR?FD612_REFRESH?FD612DRV

?PR?DISPLAY?USR                            -----    -----      -----    -----
  +--> ?PR?FROM_DS1302_READ_TIME_DATA?USR
  +--> ?PR?POINT_BLINK?USR
  +--> ?PR?DISPLAY_12_24_BLINK?USR
  +--> ?PR?_HOUR_CHAGE_INPUT?USR
  +--> ?PR?_FD612_DISPLAY_2DIG_INPUT?USR
  +--> ?PR?AFTER_ARRIVE_WRITE_1302?USR
  +--> ?PR?_DECIMAL_BCD?USR
  +--> ?PR?_WRITE_ADDR_BYTE_DS1302?DS1302
  +--> ?PR?_FD612_POTIVETNAGE?FD612DRV
  +--> ?PR?PM_12_24_ALARM_DISPLAY?USR
  +--> ?PR?FD612_REFRESH?FD612DRV
  +--> ?PR?DP_MODE_EXIT?USR
  +--> ?PR?_YEAR_BLINK?USR
  +--> ?PR?_FD612_DISPLAY_4DIG_INPUT?USR
  +--> ?PR?_ALARM_SET_DISPLAY?USR
  +--> ?PR?ADC_CONVERT?USR
  +--> ?PR?TEMPER_DISPLAY?USR

?PR?_HOUR_CHAGE_INPUT?USR                  -----    -----      0166H    0001H
  +--> ?PR?_READ_ADDR_BYTE_DS1302?DS1302
  +--> ?PR?_BCD_DECIMAL?USR
  +--> ?PR?_DECIMAL_BCD?USR
  +--> ?PR?_WRITE_ADDR_BYTE_DS1302?DS1302

?PR?AFTER_ARRIVE_WRITE_1302?USR            -----    -----      -----    -----
  +--> ?PR?_READ_ADDR_BYTE_DS1302?DS1302
  +--> ?PR?_WRITE_ADDR_BYTE_DS1302?DS1302

?PR?_ALARM_SET_DISPLAY?USR                 -----    -----      0166H    0003H
  +--> ?PR?_FD612_DISPLAY_2DIG_INPUT?USR
  +--> ?PR?DP_MODE_EXIT?USR
BL51 BANKED LINKER/LOCATER V6.22                                                      01/31/2018  16:08:22  PAGE 8


  +--> ?PR?_FD612_DISPLAY_4DIG_INPUT?USR

?PR?TEMPER_DISPLAY?USR                     -----    -----      -----    -----
  +--> ?PR?ADC_CONVERT?USR
  +--> ?PR?ADC_SWITCH?USR

?PR?ALARM_DISPLAY?USR                      -----    -----      -----    -----
  +--> ?PR?ALARM1_SLEEP?USR
  +--> ?PR?ALARM2_SLEEP?USR
  +--> ?PR?ALARM3_SLEEP?USR

?PR?VOICE_CONTROL?USR                      -----    -----      -----    -----
  +--> ?PR?_FD612_COMMAND?FD612DRV
  +--> ?PR?FD612_REFRESH?FD612DRV
  +--> ?PR?_MDELAYUS?DEBUG

?PR?SD_MODE?USR                            -----    -----      -----    -----
  +--> ?PR?_FD612_DISPLAY_4DIG_INPUT?USR

?PR?DISPLAY_MODE_SELECT?USR                -----    -----      -----    -----
  +--> ?PR?_FD612_DISPLAY_4DIG_INPUT?USR



SYMBOL TABLE OF MODULE:  .\Output\pro (?C_STARTUP)

  VALUE           TYPE          NAME
  ----------------------------------

  -------         MODULE        ?C_STARTUP
  C:2D45H         SEGMENT       ?C_C51STARTUP
  I:0021H         SEGMENT       ?STACK
  C:0000H         PUBLIC        ?C_STARTUP
  D:00E0H         SYMBOL        ACC
  D:00F0H         SYMBOL        B
  D:0083H         SYMBOL        DPH
  D:0082H         SYMBOL        DPL
  N:0000H         SYMBOL        IBPSTACK
  N:0100H         SYMBOL        IBPSTACKTOP
  N:0080H         SYMBOL        IDATALEN
  C:2D48H         SYMBOL        IDATALOOP
  N:0000H         SYMBOL        PBPSTACK
  N:0100H         SYMBOL        PBPSTACKTOP
  N:0000H         SYMBOL        PDATALEN
  N:0000H         SYMBOL        PDATASTART
  N:0000H         SYMBOL        PPAGE
  N:0000H         SYMBOL        PPAGEENABLE
  D:00A0H         SYMBOL        PPAGE_SFR
  D:0081H         SYMBOL        SP
  C:2D45H         SYMBOL        STARTUP1
  N:0000H         SYMBOL        XBPSTACK
  N:0000H         SYMBOL        XBPSTACKTOP
  N:0000H         SYMBOL        XDATALEN
  N:0000H         SYMBOL        XDATASTART
  C:0000H         LINE#         126
  C:2D45H         LINE#         133
  C:2D47H         LINE#         134
BL51 BANKED LINKER/LOCATER V6.22                                                      01/31/2018  16:08:22  PAGE 9


  C:2D48H         LINE#         135
  C:2D49H         LINE#         136
  C:2D4BH         LINE#         185
  C:2D4EH         LINE#         196
  -------         ENDMOD        ?C_STARTUP

  -------         MODULE        FD612DRV
  C:0000H         SYMBOL        _ICE_DUMMY_
  D:0090H         PUBLIC        P1
  D:00B0H         PUBLIC        P3
  D:00E8H         PUBLIC        IE_EX
  D:00A8H         PUBLIC        IE
  X:0000H         PUBLIC        FD612_PotiveTNage_Bitmap
  C:3690H         SYMBOL        FD612_Start
  D:00B8H         PUBLIC        IP
  C:34E7H         PUBLIC        FD612_Init
  X:00C0H         PUBLIC        FD612_DispBuff
  D:00D8H         PUBLIC        USB_INT_FG
  B:00B0H.4       PUBLIC        buzzer
  C:36DAH         SYMBOL        FD612_Stop
  D:0098H         PUBLIC        SCON
  D:0088H         PUBLIC        TCON
  D:00F8H         PUBLIC        SPI0_STAT
  C:2A32H         PUBLIC        FD612_loop
  C:000EH         PUBLIC        _FD612_Command
  C:3700H         SYMBOL        FD628_Delay10us
  C:27AFH         PUBLIC        _FD612_PotiveTNage
  B:0088H.4       PUBLIC        TR0
  C:3647H         PUBLIC        FD612_Refresh
  B:00B0H.1       PUBLIC        FD612_CLK
  D:0080H         PUBLIC        ADC_CTRL
  B:00B0H.0       PUBLIC        FD612_DIO
  C:3414H         PUBLIC        _FD612_WrByte
  D:00C0H         PUBLIC        SCON1
  D:00C8H         PUBLIC        T2CON
  C:3510H         PUBLIC        FD612_DispDataRefresh
  X:00CEH         PUBLIC        DISP_TAB
  D:00D0H         PUBLIC        PSW
  -------         PROC          FD628_DELAY10US
  -------         DO            
  D:0007H         SYMBOL        i
  -------         ENDDO         
  C:3700H         LINE#         20
  C:3700H         LINE#         21
  C:3700H         LINE#         24
  C:3701H         LINE#         25
  C:3703H         LINE#         26
  C:3705H         LINE#         27
  -------         ENDPROC       FD628_DELAY10US
  -------         PROC          FD612_START
  C:3690H         LINE#         54
  C:3690H         LINE#         55
  C:3690H         LINE#         56
  C:3692H         LINE#         57
  C:3694H         LINE#         60
  C:3697H         LINE#         61
  C:3699H         LINE#         62
BL51 BANKED LINKER/LOCATER V6.22                                                      01/31/2018  16:08:22  PAGE 10


  C:369CH         LINE#         63
  C:369EH         LINE#         64
  -------         ENDPROC       FD612_START
  -------         PROC          FD612_STOP
  C:36DAH         LINE#         73
  C:36DAH         LINE#         74
  C:36DAH         LINE#         75
  C:36DCH         LINE#         76
  C:36DEH         LINE#         78
  C:36E1H         LINE#         79
  C:36E3H         LINE#         81
  -------         ENDPROC       FD612_STOP
  -------         PROC          _FD612_WRBYTE
  D:0006H         SYMBOL        dat
  -------         DO            
  D:0003H         SYMBOL        i
  D:0004H         SYMBOL        ACKTemp
  -------         ENDDO         
  C:3414H         LINE#         90
  C:3416H         LINE#         91
  C:3416H         LINE#         93
  C:3419H         LINE#         95
  C:341AH         LINE#         96
  C:341AH         LINE#         97
  C:341EH         LINE#         98
  C:341EH         LINE#         99
  C:3420H         LINE#         100
  C:3422H         LINE#         102
  C:3422H         LINE#         103
  C:3424H         LINE#         104
  C:3424H         LINE#         105
  C:3426H         LINE#         106
  C:342AH         LINE#         107
  C:342DH         LINE#         108
  C:342FH         LINE#         109
  C:3432H         LINE#         110
  C:3437H         LINE#         112
  C:3439H         LINE#         114
  C:343BH         LINE#         115
  C:3443H         LINE#         116
  C:3447H         LINE#         117
  C:344AH         LINE#         118
  C:344CH         LINE#         119
  C:344FH         LINE#         120
  C:3453H         LINE#         121
  -------         ENDPROC       _FD612_WRBYTE
  -------         PROC          _FD612_COMMAND
  D:0006H         SYMBOL        CMD
  C:000EH         LINE#         269
  C:0010H         LINE#         270
  C:0010H         LINE#         271
  C:0013H         LINE#         272
  C:0018H         LINE#         273
  -------         ENDPROC       _FD612_COMMAND
  -------         PROC          FD612_DISPDATAREFRESH
  -------         DO            
  D:0002H         SYMBOL        i
BL51 BANKED LINKER/LOCATER V6.22                                                      01/31/2018  16:08:22  PAGE 11


  -------         ENDDO         
  C:3510H         LINE#         281
  C:3510H         LINE#         282
  C:3510H         LINE#         284
  C:3515H         LINE#         285
  C:3518H         LINE#         286
  C:351DH         LINE#         287
  C:351FH         LINE#         288
  C:3533H         LINE#         289
  -------         ENDPROC       FD612_DISPDATAREFRESH
  -------         PROC          FD612_REFRESH
  C:3647H         LINE#         298
  C:3647H         LINE#         299
  C:3647H         LINE#         300
  C:364FH         LINE#         301
  C:3652H         LINE#         302
  -------         ENDPROC       FD612_REFRESH
  -------         PROC          _FD612_POTIVETNAGE
  X:016DH         SYMBOL        Addr
  X:016EH         SYMBOL        Dat
  -------         DO            
  X:016FH         SYMBOL        i
  X:0170H         SYMBOL        j
  -------         ENDDO         
  C:27AFH         LINE#         401
  C:27B7H         LINE#         403
  C:27C7H         LINE#         404
  C:27E4H         LINE#         405
  C:27E4H         LINE#         406
  C:280AH         LINE#         407
  C:2831H         LINE#         408
  C:2833H         LINE#         410
  C:2882H         LINE#         411
  C:288BH         LINE#         412
  -------         ENDPROC       _FD612_POTIVETNAGE
  -------         PROC          FD612_INIT
  -------         DO            
  D:0007H         SYMBOL        i
  -------         ENDDO         
  C:34E7H         LINE#         531
  C:34E7H         LINE#         532
  C:34E7H         LINE#         534
  C:34F0H         LINE#         535
  C:34F2H         LINE#         536
  C:34FEH         LINE#         537
  C:3503H         LINE#         539
  C:350DH         LINE#         540
  -------         ENDPROC       FD612_INIT
  -------         PROC          FD612_LOOP
  -------         DO            
  X:0166H         SYMBOL        i
  -------         ENDDO         
  C:2A32H         LINE#         566
  C:2A32H         LINE#         567
  C:2A32H         LINE#         569
  C:2A44H         LINE#         570
  C:2A44H         LINE#         571
BL51 BANKED LINKER/LOCATER V6.22                                                      01/31/2018  16:08:22  PAGE 12


  C:2A55H         LINE#         572
  C:2A69H         LINE#         573
  C:2A7DH         LINE#         574
  C:2A91H         LINE#         575
  C:2AA5H         LINE#         576
  C:2AB9H         LINE#         577
  C:2ACDH         LINE#         578
  C:2AD0H         LINE#         579
  C:2AD7H         LINE#         580
  C:2AE0H         LINE#         581
  C:2AE2H         LINE#         582
  C:2AE9H         LINE#         583
  C:2AEBH         LINE#         584
  C:2AEDH         LINE#         585
  -------         ENDPROC       FD612_LOOP
  -------         ENDMOD        FD612DRV

  -------         MODULE        DEBUG
  C:0000H         SYMBOL        _ICE_DUMMY_
  D:0090H         PUBLIC        P1
  D:00B0H         PUBLIC        P3
  D:00E8H         PUBLIC        IE_EX
  D:00A8H         PUBLIC        IE
  D:00B8H         PUBLIC        IP
  D:00B9H         PUBLIC        CLOCK_CFG
  C:361BH         PUBLIC        _mDelaymS
  D:00D8H         PUBLIC        USB_INT_FG
  C:36B2H         PUBLIC        _mDelayuS
  D:0098H         PUBLIC        SCON
  D:0088H         PUBLIC        TCON
  C:365AH         PUBLIC        CfgFsys
  D:00F8H         PUBLIC        SPI0_STAT
  D:0080H         PUBLIC        ADC_CTRL
  D:00A1H         PUBLIC        SAFE_MOD
  D:00C0H         PUBLIC        SCON1
  D:00C8H         PUBLIC        T2CON
  D:00D0H         PUBLIC        PSW
  -------         PROC          CFGFSYS
  C:365AH         LINE#         25
  C:365AH         LINE#         26
  C:365AH         LINE#         31
  C:365DH         LINE#         32
  C:3660H         LINE#         36
  C:3668H         LINE#         41
  C:366BH         LINE#         42
  -------         ENDPROC       CFGFSYS
  -------         PROC          _MDELAYUS
  D:0006H         SYMBOL        n
  C:36B2H         LINE#         51
  C:36B2H         LINE#         52
  C:36B2H         LINE#         64
  C:36B6H         LINE#         65
  C:36B8H         LINE#         98
  C:36BDH         LINE#         99
  C:36BFH         LINE#         100
  -------         ENDPROC       _MDELAYUS
  -------         PROC          _MDELAYMS
BL51 BANKED LINKER/LOCATER V6.22                                                      01/31/2018  16:08:22  PAGE 13


  D:0004H         SYMBOL        n
  C:361BH         LINE#         109
  C:361FH         LINE#         110
  C:361FH         LINE#         111
  C:3623H         LINE#         116
  C:362AH         LINE#         118
  C:362FH         LINE#         119
  C:3631H         LINE#         120
  -------         ENDPROC       _MDELAYMS
  -------         ENDMOD        DEBUG

  -------         MODULE        CONFIG
  C:0000H         SYMBOL        _ICE_DUMMY_
  D:0090H         PUBLIC        P1
  D:00B0H         PUBLIC        P3
  B:00A8H.7       PUBLIC        EA
  D:00E8H         PUBLIC        IE_EX
  D:00A8H         PUBLIC        IE
  C:36EEH         PUBLIC        _ADC0_INIT
  D:00B8H         PUBLIC        IP
  C:35EBH         PUBLIC        display_init_first
  D:00D8H         PUBLIC        USB_INT_FG
  B:00B0H.4       PUBLIC        buzzer
  D:0098H         PUBLIC        SCON
  D:0089H         PUBLIC        TMOD
  D:0088H         PUBLIC        TCON
  D:0092H         PUBLIC        P1_MOD_OC
  D:0096H         PUBLIC        P3_MOD_OC
  D:00F8H         PUBLIC        SPI0_STAT
  D:0093H         PUBLIC        P1_DIR_PU
  C:3264H         PUBLIC        gpio_init
  D:0097H         PUBLIC        P3_DIR_PU
  B:00A8H.1       PUBLIC        ET0
  B:00A8H.3       PUBLIC        ET1
  D:008CH         PUBLIC        TH0
  D:008DH         PUBLIC        TH1
  D:008AH         PUBLIC        TL0
  D:008BH         PUBLIC        TL1
  B:0088H.6       PUBLIC        TR1
  D:0080H         PUBLIC        ADC_CTRL
  D:00C0H         PUBLIC        SCON1
  D:00C9H         PUBLIC        T2MOD
  D:00C8H         PUBLIC        T2CON
  C:31BAH         PUBLIC        _Port1Cfg
  C:320FH         PUBLIC        _Port3Cfg
  C:3344H         PUBLIC        DS1302_INIT
  D:00C6H         PUBLIC        PIN_FUNC
  C:35D1H         PUBLIC        time0_init
  C:3599H         PUBLIC        time1_init
  D:009AH         PUBLIC        ADC_CFG
  D:00D0H         PUBLIC        PSW
  -------         PROC          GPIO_INIT
  C:3264H         LINE#         6
  C:3264H         LINE#         7
  C:3267H         LINE#         9
  C:326EH         LINE#         10
  C:3275H         LINE#         11
BL51 BANKED LINKER/LOCATER V6.22                                                      01/31/2018  16:08:22  PAGE 14


  C:327CH         LINE#         13
  C:3283H         LINE#         14
  C:328AH         LINE#         16
  C:3291H         LINE#         18
  C:3298H         LINE#         19
  C:329AH         LINE#         21
  C:32A1H         LINE#         22
  C:32A8H         LINE#         23
  -------         ENDPROC       GPIO_INIT
  -------         PROC          _ADC0_INIT
  D:0007H         SYMBOL        div
  C:36EEH         LINE#         27
  C:36EEH         LINE#         28
  C:36F3H         LINE#         29
  C:36F6H         LINE#         36
  -------         ENDPROC       _ADC0_INIT
  -------         PROC          DS1302_INIT
  -------         DO            
  X:0166H         SYMBOL        ds1320_state
  D:0007H         SYMBOL        rom_value
  -------         ENDDO         
  C:3344H         LINE#         38
  C:3344H         LINE#         39
  C:3344H         LINE#         40
  C:3349H         LINE#         41
  C:3350H         LINE#         42
  C:3355H         LINE#         43
  C:335AH         LINE#         44
  C:335AH         LINE#         45
  C:335DH         LINE#         46
  C:3364H         LINE#         49
  C:3364H         LINE#         57
  C:336EH         LINE#         59
  C:3371H         LINE#         60
  C:3371H         LINE#         61
  C:3377H         LINE#         62
  C:3377H         LINE#         63
  C:337EH         LINE#         64
  C:337EH         LINE#         65
  C:3385H         LINE#         66
  C:338BH         LINE#         67
  C:338BH         LINE#         68
  -------         ENDPROC       DS1302_INIT
  -------         PROC          TIME0_INIT
  C:35D1H         LINE#         69
  C:35D1H         LINE#         70
  C:35D4H         LINE#         71
  C:35D7H         LINE#         73
  C:35DAH         LINE#         74
  C:35DDH         LINE#         75
  C:35E0H         LINE#         78
  C:35E3H         LINE#         79
  C:35E6H         LINE#         81
  C:35E8H         LINE#         82
  C:35EAH         LINE#         84
  -------         ENDPROC       TIME0_INIT
  -------         PROC          TIME1_INIT
BL51 BANKED LINKER/LOCATER V6.22                                                      01/31/2018  16:08:22  PAGE 15


  C:3599H         LINE#         86
  C:3599H         LINE#         87
  C:359CH         LINE#         88
  C:359FH         LINE#         90
  C:35A2H         LINE#         91
  C:35A5H         LINE#         92
  C:35A8H         LINE#         93
  C:35ABH         LINE#         94
  C:35AEH         LINE#         95
  C:35B0H         LINE#         96
  C:35B2H         LINE#         97
  C:35B4H         LINE#         98
  -------         ENDPROC       TIME1_INIT
  -------         PROC          _PORT1CFG
  D:0007H         SYMBOL        Mode
  D:0005H         SYMBOL        Pin
  C:31BAH         LINE#         136
  C:31BAH         LINE#         137
  C:31BAH         LINE#         138
  C:31C8H         LINE#         139
  C:31C8H         LINE#         140
  C:31D6H         LINE#         141
  C:31D8H         LINE#         142
  C:31D9H         LINE#         143
  C:31D9H         LINE#         144
  C:31E8H         LINE#         145
  C:31E8H         LINE#         146
  C:31EAH         LINE#         147
  C:31EAH         LINE#         148
  C:31F8H         LINE#         149
  C:31FCH         LINE#         150
  C:31FDH         LINE#         151
  C:31FDH         LINE#         152
  C:320BH         LINE#         153
  C:320EH         LINE#         154
  C:320EH         LINE#         155
  C:320EH         LINE#         156
  C:320EH         LINE#         157
  C:320EH         LINE#         158
  -------         ENDPROC       _PORT1CFG
  -------         PROC          _PORT3CFG
  D:0007H         SYMBOL        Mode
  D:0005H         SYMBOL        Pin
  C:320FH         LINE#         172
  C:320FH         LINE#         173
  C:320FH         LINE#         174
  C:321DH         LINE#         175
  C:321DH         LINE#         176
  C:322BH         LINE#         177
  C:322DH         LINE#         178
  C:322EH         LINE#         179
  C:322EH         LINE#         180
  C:323DH         LINE#         181
  C:323DH         LINE#         182
  C:323FH         LINE#         183
  C:323FH         LINE#         184
  C:324DH         LINE#         185
BL51 BANKED LINKER/LOCATER V6.22                                                      01/31/2018  16:08:22  PAGE 16


  C:3251H         LINE#         186
  C:3252H         LINE#         187
  C:3252H         LINE#         188
  C:3260H         LINE#         189
  C:3263H         LINE#         190
  C:3263H         LINE#         191
  C:3263H         LINE#         192
  C:3263H         LINE#         193
  C:3263H         LINE#         194
  -------         ENDPROC       _PORT3CFG
  -------         PROC          DISPLAY_INIT_FIRST
  -------         DO            
  D:0007H         SYMBOL        rom2_value
  -------         ENDDO         
  C:35EBH         LINE#         197
  C:35EBH         LINE#         198
  C:35EBH         LINE#         200
  C:35F0H         LINE#         202
  C:35F5H         LINE#         203
  C:35F5H         LINE#         204
  C:35F8H         LINE#         205
  C:35FBH         LINE#         206
  C:3602H         LINE#         209
  C:3602H         LINE#         210
  -------         ENDPROC       DISPLAY_INIT_FIRST
  -------         ENDMOD        CONFIG

  -------         MODULE        DS1302
  C:0000H         SYMBOL        _ICE_DUMMY_
  D:0090H         PUBLIC        P1
  D:00B0H         PUBLIC        P3
  C:3603H         PUBLIC        _WriteByteDS1302
  D:00E8H         PUBLIC        IE_EX
  D:00A8H         PUBLIC        IE
  C:36E4H         PUBLIC        _Read_addr_byte_ds1302
  C:36CDH         PUBLIC        ds1302_w_off
  D:00B8H         PUBLIC        IP
  C:3632H         PUBLIC        _Write_addr_byte_ds1302
  D:00D8H         PUBLIC        USB_INT_FG
  B:0090H.4       PUBLIC        SCLK
  D:0098H         PUBLIC        SCON
  C:36C0H         PUBLIC        ds1302_w_on
  D:0088H         PUBLIC        TCON
  D:00F8H         PUBLIC        SPI0_STAT
  B:0090H.6       PUBLIC        RSTB
  D:0080H         PUBLIC        ADC_CTRL
  C:0003H         PUBLIC        ResetDS1302
  D:00C0H         PUBLIC        SCON1
  D:00C8H         PUBLIC        T2CON
  C:357AH         PUBLIC        ReadByteDS1302
  B:0090H.5       PUBLIC        I_O
  D:00D0H         PUBLIC        PSW
  -------         PROC          RESETDS1302
  C:0003H         LINE#         5
  C:0003H         LINE#         6
  C:0003H         LINE#         7
  C:0005H         LINE#         8
BL51 BANKED LINKER/LOCATER V6.22                                                      01/31/2018  16:08:22  PAGE 17


  C:0007H         LINE#         9
  C:0009H         LINE#         10
  -------         ENDPROC       RESETDS1302
  -------         PROC          READBYTEDS1302
  -------         DO            
  D:0006H         SYMBOL        i
  D:0007H         SYMBOL        RByte
  D:0005H         SYMBOL        TempByte
  -------         ENDDO         
  C:357AH         LINE#         15
  C:357AH         LINE#         16
  C:357AH         LINE#         21
  C:357CH         LINE#         22
  C:357EH         LINE#         23
  C:357FH         LINE#         24
  C:357FH         LINE#         25
  C:3581H         LINE#         26
  C:3583H         LINE#         27
  C:3587H         LINE#         28
  C:358EH         LINE#         29
  C:3591H         LINE#         30
  C:3593H         LINE#         31
  C:3598H         LINE#         32
  C:3598H         LINE#         33
  -------         ENDPROC       READBYTEDS1302
  -------         PROC          _WRITEBYTEDS1302
  D:0007H         SYMBOL        W_Byte
  -------         DO            
  D:0006H         SYMBOL        i
  -------         ENDDO         
  C:3603H         LINE#         35
  C:3603H         LINE#         36
  C:3603H         LINE#         38
  C:3605H         LINE#         39
  C:3607H         LINE#         40
  C:3609H         LINE#         41
  C:360FH         LINE#         42
  C:3611H         LINE#         43
  C:3615H         LINE#         44
  C:361AH         LINE#         45
  -------         ENDPROC       _WRITEBYTEDS1302
  -------         PROC          DS1302_W_ON
  C:36C0H         LINE#         48
  C:36C0H         LINE#         49
  C:36C0H         LINE#         50
  C:36C3H         LINE#         51
  C:36C8H         LINE#         52
  -------         ENDPROC       DS1302_W_ON
  -------         PROC          DS1302_W_OFF
  C:36CDH         LINE#         55
  C:36CDH         LINE#         56
  C:36CDH         LINE#         57
  C:36D0H         LINE#         58
  C:36D5H         LINE#         59
  -------         ENDPROC       DS1302_W_OFF
  -------         PROC          _READ_ADDR_BYTE_DS1302
  D:0007H         SYMBOL        addr
BL51 BANKED LINKER/LOCATER V6.22                                                      01/31/2018  16:08:22  PAGE 18


  C:36E4H         LINE#         62
  C:36E4H         LINE#         63
  C:36E4H         LINE#         64
  C:36E7H         LINE#         65
  C:36EAH         LINE#         66
  C:36EDH         LINE#         67
  -------         ENDPROC       _READ_ADDR_BYTE_DS1302
  -------         PROC          _WRITE_ADDR_BYTE_DS1302
  D:0004H         SYMBOL        addr
  D:0005H         SYMBOL        DATA
  C:3632H         LINE#         69
  C:3634H         LINE#         70
  C:3634H         LINE#         71
  C:3637H         LINE#         72
  C:363AH         LINE#         73
  C:363FH         LINE#         74
  C:3644H         LINE#         75
  -------         ENDPROC       _WRITE_ADDR_BYTE_DS1302
  -------         ENDMOD        DS1302

  -------         MODULE        MAIN
  C:0000H         SYMBOL        _ICE_DUMMY_
  D:0090H         PUBLIC        P1
  D:00B0H         PUBLIC        P3
  D:00E8H         PUBLIC        IE_EX
  D:00A8H         PUBLIC        IE
  D:00B8H         PUBLIC        IP
  D:00D8H         PUBLIC        USB_INT_FG
  C:32FAH         PUBLIC        main
  D:0098H         PUBLIC        SCON
  D:0088H         PUBLIC        TCON
  D:00F8H         PUBLIC        SPI0_STAT
  D:0080H         PUBLIC        ADC_CTRL
  D:00C0H         PUBLIC        SCON1
  D:00C8H         PUBLIC        T2CON
  D:00D0H         PUBLIC        PSW
  -------         PROC          MAIN
  C:32FAH         LINE#         22
  C:32FAH         LINE#         23
  C:32FAH         LINE#         25
  C:32FDH         LINE#         26
  C:3304H         LINE#         27
  C:3307H         LINE#         28
  C:330AH         LINE#         29
  C:330DH         LINE#         30
  C:3310H         LINE#         31
  C:3315H         LINE#         32
  C:3318H         LINE#         33
  C:331BH         LINE#         34
  C:331EH         LINE#         35
  C:3321H         LINE#         37
  C:3321H         LINE#         38
  C:3321H         LINE#         41
  C:3324H         LINE#         42
  C:332AH         LINE#         43
  C:332AH         LINE#         44
  C:332DH         LINE#         45
BL51 BANKED LINKER/LOCATER V6.22                                                      01/31/2018  16:08:22  PAGE 19


  C:3330H         LINE#         47
  C:3333H         LINE#         49
  C:3339H         LINE#         50
  C:3339H         LINE#         51
  C:333CH         LINE#         52
  C:333CH         LINE#         53
  C:333CH         LINE#         54
  C:333FH         LINE#         55
  C:3342H         LINE#         56
  -------         ENDPROC       MAIN
  -------         ENDMOD        MAIN

  -------         MODULE        USR
  C:0000H         SYMBOL        _ICE_DUMMY_
  X:00DEH         PUBLIC        alarm3_pm_flag
  X:00DFH         PUBLIC        second
  C:2F55H         PUBLIC        voice_control
  X:00E0H         PUBLIC        back_TIME_Flag
  D:0090H         PUBLIC        P1
  D:00B0H         PUBLIC        P3
  X:00E1H         PUBLIC        ADC_Display
  X:00E2H         PUBLIC        alarm_voice_flag
  C:2AEEH         PUBLIC        Display_Mode_Select
  C:24A5H         PUBLIC        key_dislpay_up_down
  X:00E3H         PUBLIC        mode_select_flag
  X:00E4H         PUBLIC        DOWN_Long_Flag
  X:00E5H         PUBLIC        SET_Short_Flag_mon_day
  X:00E6H         PUBLIC        DOWN_Short_Flag
  X:00E7H         PUBLIC        mode_select
  X:00E8H         PUBLIC        ADC_ONE
  D:009DH         PUBLIC        PWM_CTRL
  D:00E8H         PUBLIC        IE_EX
  X:00E9H         PUBLIC        alarm_flag
  X:00EAH         PUBLIC        voice_back
  C:3462H         PUBLIC        alarm_hour_display
  D:00A8H         PUBLIC        IE
  C:2392H         PUBLIC        ADC_Convert
  X:00EBH         PUBLIC        blink_flag
  C:34BCH         PUBLIC        alarm_min_display
  X:00ECH         PUBLIC        SET_Short_Flag_hur_min
  X:00EDH         PUBLIC        voice_flag
  C:2EDEH         PUBLIC        alarm_long_blink
  X:00EEH         PUBLIC        mode_select_first
  X:00EFH         PUBLIC        TEM2
  D:00B8H         PUBLIC        IP
  C:3054H         PUBLIC        _FD612_DISPLAY_2DIG_input
  C:0D41H         PUBLIC        _alarm_set_display
  X:00F3H         PUBLIC        TEM4
  X:00F7H         PUBLIC        back_first
  C:25B6H         PUBLIC        adc_switch
  X:00F8H         PUBLIC        hour_chage_state
  C:26BFH         PUBLIC        point_blink
  X:00F9H         PUBLIC        dislay_all_flag
  C:2CB6H         PUBLIC        _mday_long_up_down
  X:00FAH         PUBLIC        alarm_hour_long_up_down_flag
  X:00FBH         PUBLIC        voice_fisrt
  B:00B0H.7       PUBLIC        UP
BL51 BANKED LINKER/LOCATER V6.22                                                      01/31/2018  16:08:22  PAGE 20


  D:00D8H         PUBLIC        USB_INT_FG
  C:19CCH         PUBLIC        _alarm_hour_long_up_down
  B:00B0H.4       PUBLIC        buzzer
  C:30FCH         PUBLIC        _year_blink
  X:00FCH         PUBLIC        alarm_min_long_up_down_flag
  C:3162H         PUBLIC        _year_long_up_down
  C:33D3H         PUBLIC        mode1_select_dislay
  C:2960H         PUBLIC        _alarm_min_long_up_down
  X:00FDH         PUBLIC        long_flag
  C:2DD1H         PUBLIC        _hour_chage_input
  X:00FEH         PUBLIC        time
  C:1E03H         PUBLIC        pm_12_24_alarm_display
  D:0098H         PUBLIC        SCON
  X:0105H         PUBLIC        ADC_Display1
  X:0106H         PUBLIC        flag_year_leap
  C:1BB1H         PUBLIC        _hour_long_up_down
  D:0088H         PUBLIC        TCON
  X:0107H         PUBLIC        ADC_TIME_Flag
  X:0108H         PUBLIC        dc_alarm
  X:0109H         PUBLIC        delaytime_back
  X:010AH         PUBLIC        alarm2_voice_flag
  C:348DH         PUBLIC        after_arrive_write_1302
  C:366CH         PUBLIC        alarm_time_init
  B:0090H.7       PUBLIC        DOWN
  B:0080H.4       PUBLIC        ADC_START
  X:010BH         PUBLIC        long_add_flag
  X:010CH         PUBLIC        alarm3_voice_flag
  C:2C26H         PUBLIC        _min_long_up_down
  X:010DH         PUBLIC        dc_back
  D:00F8H         PUBLIC        SPI0_STAT
  X:010EH         PUBLIC        SET_Long_Flag
  X:010FH         PUBLIC        temp_delay_time
  X:0110H         PUBLIC        SET_Short_Flag
  C:2042H         PUBLIC        alarm1_sleep
  X:0111H         PUBLIC        alarm2_flag
  C:1F24H         PUBLIC        alarm2_sleep
  X:0112H         PUBLIC        alarm3_flag
  C:2FC2H         PUBLIC        _mon_long_up_down
  C:215DH         PUBLIC        alarm3_sleep
  X:0113H         PUBLIC        dis
  X:011DH         PUBLIC        alarm1
  X:011FH         PUBLIC        alarm2
  X:0121H         PUBLIC        blink3_flag
  X:0122H         PUBLIC        time1_second
  X:0123H         PUBLIC        alarm3
  X:0125H         PUBLIC        display_flag_mon_day
  X:0126H         PUBLIC        delaytime
  C:2E59H         PUBLIC        from_ds1302_read_time_data
  B:00B0H.2       PUBLIC        voice_key
  D:009FH         PUBLIC        ADC_DATA
  C:0759H         PUBLIC        key_statue
  X:0128H         PUBLIC        TEM_VALUE
  X:0129H         PUBLIC        hour_12_24_flag
  D:0093H         PUBLIC        P1_DIR_PU
  X:012AH         PUBLIC        sd_select_first
  X:012BH         PUBLIC        alarm_on_flag
  D:008CH         PUBLIC        TH0
BL51 BANKED LINKER/LOCATER V6.22                                                      01/31/2018  16:08:22  PAGE 21


  D:008DH         PUBLIC        TH1
  X:012CH         PUBLIC        display_flag_hur_min
  D:008AH         PUBLIC        TL0
  D:008BH         PUBLIC        TL1
  X:012DH         PUBLIC        sd_flag
  X:012EH         PUBLIC        ADC_fisrt
  X:012FH         PUBLIC        key_first
  B:0088H.4       PUBLIC        TR0
  X:0130H         PUBLIC        alarm1_on_dispaly
  X:0131H         PUBLIC        sd_mode_flag
  X:0132H         PUBLIC        alarm2_on_dispaly
  X:0133H         PUBLIC        SET_Short_Flag_alarm1_flag
  X:0134H         PUBLIC        alarm3_on_dispaly
  X:0135H         PUBLIC        time_ch
  C:36A6H         PUBLIC        _decimal_bcd
  C:354BH         PUBLIC        _bcd_decimal
  C:288CH         PUBLIC        sd_mode
  D:0080H         PUBLIC        ADC_CTRL
  D:00C0H         PUBLIC        SCON1
  X:0143H         PUBLIC        TEM
  D:00C8H         PUBLIC        T2CON
  X:0147H         PUBLIC        back_voice_Flag
  C:35B5H         PUBLIC        alarm_display
  C:367EH         PUBLIC        temper_display
  B:00B0H.3       PUBLIC        SET
  X:0148H         PUBLIC        delaytime_ADC
  X:0149H         PUBLIC        ch_alarm1
  X:014DH         PUBLIC        ch_alarm2
  X:0151H         PUBLIC        ch_alarm3
  X:0155H         PUBLIC        mon_day_delay_time
  X:0156H         PUBLIC        dc_ADC
  X:0157H         PUBLIC        UP_Long_Flag
  B:0080H.0       PUBLIC        ADC_CHAN0
  X:0158H         PUBLIC        hor_min_delay_time
  X:0159H         PUBLIC        UP_Short_Flag
  X:015AH         PUBLIC        delaytime1
  C:2B8AH         PUBLIC        InitDS1302
  B:0080H.1       PUBLIC        ADC_CHAN1
  C:36F7H         PUBLIC        mTimer0Interrupt
  C:338CH         PUBLIC        time0_setup
  C:2278H         PUBLIC        mTimer1Interrupt
  X:015CH         PUBLIC        flag_display
  X:015DH         PUBLIC        dc1
  C:32AFH         PUBLIC        display_12_24_blink
  X:015FH         PUBLIC        dc2
  C:3567H         PUBLIC        dp_mode_exit
  C:001EH         PUBLIC        display
  D:00D0H         PUBLIC        PSW
  X:0161H         PUBLIC        hour_pm_flag
  X:0162H         PUBLIC        alarm1_pm_flag
  X:0163H         PUBLIC        alarm_clock_flag
  X:0164H         PUBLIC        alarm2_pm_flag
  X:0165H         PUBLIC        up_down_flag
  C:30C9H         PUBLIC        _FD612_display_4DIG_input
  -------         PROC          MTIMER0INTERRUPT
  C:36F7H         LINE#         35
  C:36F7H         LINE#         38
BL51 BANKED LINKER/LOCATER V6.22                                                      01/31/2018  16:08:22  PAGE 22


  C:36FAH         LINE#         39
  C:36FDH         LINE#         40
  C:36FFH         LINE#         48
  -------         ENDPROC       MTIMER0INTERRUPT
  -------         PROC          MTIMER1INTERRUPT
  C:2278H         LINE#         50
  C:2283H         LINE#         52
  C:2286H         LINE#         53
  C:2289H         LINE#         54
  C:2297H         LINE#         55
  C:22ABH         LINE#         56
  C:22B1H         LINE#         57
  C:22B8H         LINE#         58
  C:22B8H         LINE#         59
  C:22C6H         LINE#         60
  C:22DAH         LINE#         61
  C:22DAH         LINE#         62
  C:22E0H         LINE#         63
  C:22E7H         LINE#         64
  C:22E7H         LINE#         65
  C:22EDH         LINE#         66
  C:22F9H         LINE#         67
  C:22F9H         LINE#         68
  C:22FFH         LINE#         69
  C:2304H         LINE#         70
  C:2304H         LINE#         71
  C:230AH         LINE#         72
  C:2316H         LINE#         73
  C:2316H         LINE#         74
  C:231CH         LINE#         75
  C:2321H         LINE#         76
  C:2321H         LINE#         77
  C:2327H         LINE#         78
  C:232BH         LINE#         79
  C:232BH         LINE#         80
  C:2331H         LINE#         81
  C:2336H         LINE#         82
  C:2336H         LINE#         83
  C:233CH         LINE#         84
  C:2346H         LINE#         85
  C:2346H         LINE#         86
  C:234CH         LINE#         87
  C:2351H         LINE#         89
  C:2351H         LINE#         90
  C:2357H         LINE#         91
  C:2363H         LINE#         92
  C:2363H         LINE#         93
  C:236BH         LINE#         94
  C:2371H         LINE#         95
  C:2374H         LINE#         96
  C:237AH         LINE#         97
  C:237EH         LINE#         98
  C:2384H         LINE#         99
  C:2389H         LINE#         101
  C:2389H         LINE#         102
  -------         ENDPROC       MTIMER1INTERRUPT
  -------         PROC          L?0792
BL51 BANKED LINKER/LOCATER V6.22                                                      01/31/2018  16:08:22  PAGE 23


  -------         ENDPROC       L?0792
  -------         PROC          _BCD_DECIMAL
  D:0007H         SYMBOL        bcd
  C:354BH         LINE#         112
  C:354BH         LINE#         113
  C:354BH         LINE#         114
  C:3558H         LINE#         115
  -------         ENDPROC       _BCD_DECIMAL
  C:36A2H         SYMBOL        L?0798
  -------         PROC          L?0797
  -------         ENDPROC       L?0797
  C:36A2H         SYMBOL        L?0798
  -------         PROC          _DECIMAL_BCD
  D:0007H         SYMBOL        decimal
  C:36A6H         LINE#         124
  C:36A6H         LINE#         125
  C:36A6H         LINE#         126
  C:36B1H         LINE#         127
  -------         ENDPROC       _DECIMAL_BCD
  -------         PROC          ALARM_TIME_INIT
  C:366CH         LINE#         139
  C:366CH         LINE#         140
  C:366CH         LINE#         141
  C:3671H         LINE#         142
  C:3673H         LINE#         143
  C:3675H         LINE#         144
  C:3677H         LINE#         145
  C:367BH         LINE#         146
  C:367DH         LINE#         148
  -------         ENDPROC       ALARM_TIME_INIT
  -------         PROC          TIME0_SETUP
  C:338CH         LINE#         150
  C:338CH         LINE#         151
  C:338CH         LINE#         152
  C:3391H         LINE#         153
  C:3396H         LINE#         154
  C:339FH         LINE#         155
  C:33A4H         LINE#         156
  C:33AAH         LINE#         161
  C:33AEH         LINE#         162
  C:33B4H         LINE#         163
  C:33B4H         LINE#         164
  C:33B8H         LINE#         165
  C:33BCH         LINE#         166
  C:33C0H         LINE#         167
  C:33C0H         LINE#         168
  C:33C2H         LINE#         169
  C:33C9H         LINE#         170
  C:33CBH         LINE#         171
  C:33CDH         LINE#         173
  C:33D2H         LINE#         175
  -------         ENDPROC       TIME0_SETUP
  -------         PROC          KEY_STATUE
  C:0759H         LINE#         177
  C:0759H         LINE#         178
  C:0759H         LINE#         179
  C:075CH         LINE#         181
BL51 BANKED LINKER/LOCATER V6.22                                                      01/31/2018  16:08:22  PAGE 24


  C:0775H         LINE#         183
  C:077BH         LINE#         184
  C:077BH         LINE#         185
  C:077EH         LINE#         186
  C:0781H         LINE#         187
  C:0781H         LINE#         190
  C:078DH         LINE#         191
  C:078DH         LINE#         208
  C:0790H         LINE#         209
  C:0790H         LINE#         212
  C:0797H         LINE#         213
  C:0797H         LINE#         215
  C:079DH         LINE#         216
  C:07A1H         LINE#         217
  C:07B5H         LINE#         218
  C:07B5H         LINE#         219
  C:07B5H         LINE#         220
  C:07B5H         LINE#         221
  C:07B8H         LINE#         222
  C:07BAH         LINE#         223
  C:07BAH         LINE#         225
  C:07BAH         LINE#         226
  C:07BAH         LINE#         227
  C:07BFH         LINE#         228
  C:07C1H         LINE#         229
  C:07C1H         LINE#         230
  C:07C1H         LINE#         231
  C:07C1H         LINE#         232
  C:07CDH         LINE#         233
  C:07CFH         LINE#         234
  C:07CFH         LINE#         235
  C:07CFH         LINE#         236
  C:07CFH         LINE#         237
  C:07DBH         LINE#         238
  C:07DDH         LINE#         239
  C:07DDH         LINE#         240
  C:07DDH         LINE#         241
  C:07DDH         LINE#         242
  C:07F3H         LINE#         243
  C:07F5H         LINE#         244
  C:07F5H         LINE#         245
  C:07F5H         LINE#         248
  C:07F5H         LINE#         249
  C:07F5H         LINE#         250
  C:07FAH         LINE#         251
  C:07FDH         LINE#         252
  C:0803H         LINE#         253
  C:0803H         LINE#         254
  C:0808H         LINE#         255
  C:080DH         LINE#         256
  C:080DH         LINE#         257
  C:080DH         LINE#         259
  C:0813H         LINE#         260
  C:0813H         LINE#         262
  C:0816H         LINE#         263
  C:081CH         LINE#         264
  C:081CH         LINE#         266
BL51 BANKED LINKER/LOCATER V6.22                                                      01/31/2018  16:08:22  PAGE 25


  C:0823H         LINE#         267
  C:0823H         LINE#         268
  C:0826H         LINE#         269
  C:0826H         LINE#         270
  C:082DH         LINE#         271
  C:082DH         LINE#         273
  C:0833H         LINE#         274
  C:0837H         LINE#         275
  C:083BH         LINE#         277
  C:0842H         LINE#         278
  C:0842H         LINE#         279
  C:0847H         LINE#         280
  C:084DH         LINE#         281
  C:084DH         LINE#         282
  C:0851H         LINE#         283
  C:0855H         LINE#         284
  C:0859H         LINE#         285
  C:0859H         LINE#         286
  C:0873H         LINE#         287
  C:0873H         LINE#         288
  C:0873H         LINE#         289
  C:0873H         LINE#         290
  C:087AH         LINE#         291
  C:087AH         LINE#         292
  C:087FH         LINE#         293
  C:087FH         LINE#         294
  C:0887H         LINE#         295
  C:0887H         LINE#         297
  C:088BH         LINE#         298
  C:088BH         LINE#         299
  C:088DH         LINE#         300
  C:088DH         LINE#         301
  C:088DH         LINE#         302
  C:088DH         LINE#         303
  C:0893H         LINE#         304
  C:0893H         LINE#         305
  C:0897H         LINE#         306
  C:0897H         LINE#         307
  C:089EH         LINE#         308
  C:089EH         LINE#         309
  C:08A3H         LINE#         310
  C:08A3H         LINE#         311
  C:08AEH         LINE#         312
  C:08AEH         LINE#         313
  C:08B2H         LINE#         314
  C:08B2H         LINE#         315
  C:08B5H         LINE#         316
  C:08B5H         LINE#         317
  C:08B5H         LINE#         318
  C:08B5H         LINE#         319
  C:08BBH         LINE#         320
  C:08BBH         LINE#         321
  C:08D4H         LINE#         323
  C:08D4H         LINE#         324
  C:08DFH         LINE#         325
  C:08DFH         LINE#         326
  C:08F5H         LINE#         327
BL51 BANKED LINKER/LOCATER V6.22                                                      01/31/2018  16:08:22  PAGE 26


  C:08F5H         LINE#         328
  C:08F8H         LINE#         329
  C:08F8H         LINE#         330
  C:08F8H         LINE#         331
  C:08F8H         LINE#         332
  C:08FEH         LINE#         333
  C:08FEH         LINE#         334
  C:0917H         LINE#         335
  C:0917H         LINE#         336
  C:0922H         LINE#         337
  C:0922H         LINE#         338
  C:0938H         LINE#         339
  C:0938H         LINE#         340
  C:093AH         LINE#         341
  C:093AH         LINE#         342
  C:093AH         LINE#         343
  C:093AH         LINE#         344
  C:0940H         LINE#         345
  C:0940H         LINE#         346
  C:0959H         LINE#         347
  C:0959H         LINE#         348
  C:0964H         LINE#         349
  C:0964H         LINE#         350
  C:097DH         LINE#         351
  C:097DH         LINE#         352
  C:0980H         LINE#         353
  C:0980H         LINE#         354
  C:0980H         LINE#         357
  C:0980H         LINE#         358
  C:0980H         LINE#         360
  C:0980H         LINE#         363
  C:098FH         LINE#         364
  C:098FH         LINE#         365
  C:098FH         LINE#         366
  C:098FH         LINE#         367
  C:0995H         LINE#         368
  C:099BH         LINE#         369
  C:099BH         LINE#         370
  C:09A4H         LINE#         371
  C:09A6H         LINE#         373
  C:09A6H         LINE#         374
  C:09B2H         LINE#         375
  C:09B2H         LINE#         376
  C:09B7H         LINE#         377
  C:09B8H         LINE#         378
  C:09BAH         LINE#         379
  C:09BAH         LINE#         380
  C:09BAH         LINE#         381
  C:09BAH         LINE#         382
  C:09C0H         LINE#         383
  C:09C6H         LINE#         384
  C:09C6H         LINE#         385
  C:09CFH         LINE#         386
  C:09D1H         LINE#         388
  C:09D1H         LINE#         389
  C:09DDH         LINE#         390
  C:09DDH         LINE#         391
BL51 BANKED LINKER/LOCATER V6.22                                                      01/31/2018  16:08:22  PAGE 27


  C:09DDH         LINE#         392
  C:09DFH         LINE#         393
  C:09DFH         LINE#         394
  C:09DFH         LINE#         395
  C:09DFH         LINE#         396
  C:09E5H         LINE#         397
  C:09EBH         LINE#         398
  C:09EBH         LINE#         399
  C:09F4H         LINE#         400
  C:09F6H         LINE#         402
  C:09F6H         LINE#         403
  C:0A02H         LINE#         404
  C:0A02H         LINE#         405
  C:0A07H         LINE#         406
  C:0A07H         LINE#         407
  C:0A07H         LINE#         409
  C:0A07H         LINE#         410
  C:0A07H         LINE#         411
  C:0A07H         LINE#         412
  C:0A16H         LINE#         413
  C:0A16H         LINE#         414
  C:0A16H         LINE#         415
  C:0A16H         LINE#         416
  C:0A1CH         LINE#         417
  C:0A25H         LINE#         418
  C:0A25H         LINE#         419
  C:0A27H         LINE#         420
  C:0A27H         LINE#         421
  C:0A27H         LINE#         422
  C:0A27H         LINE#         423
  C:0A2DH         LINE#         424
  C:0A36H         LINE#         425
  C:0A36H         LINE#         426
  C:0A38H         LINE#         427
  C:0A38H         LINE#         428
  C:0A38H         LINE#         429
  C:0A38H         LINE#         430
  C:0A3EH         LINE#         431
  C:0A47H         LINE#         432
  C:0A4CH         LINE#         433
  C:0A4CH         LINE#         434
  C:0A4CH         LINE#         436
  C:0A4CH         LINE#         437
  C:0A4CH         LINE#         438
  C:0A4CH         LINE#         439
  C:0A51H         LINE#         440
  C:0A55H         LINE#         441
  C:0A58H         LINE#         442
  C:0A5EH         LINE#         443
  C:0A5EH         LINE#         444
  C:0A63H         LINE#         445
  C:0A68H         LINE#         446
  C:0A68H         LINE#         447
  C:0A68H         LINE#         450
  C:0A6EH         LINE#         451
  C:0A6EH         LINE#         453
  C:0A71H         LINE#         454
BL51 BANKED LINKER/LOCATER V6.22                                                      01/31/2018  16:08:22  PAGE 28


  C:0A77H         LINE#         455
  C:0A77H         LINE#         457
  C:0A7EH         LINE#         458
  C:0A7EH         LINE#         459
  C:0A81H         LINE#         460
  C:0A81H         LINE#         461
  C:0A88H         LINE#         462
  C:0A88H         LINE#         463
  C:0A8BH         LINE#         464
  C:0A91H         LINE#         465
  C:0A91H         LINE#         466
  C:0A95H         LINE#         467
  C:0A99H         LINE#         468
  C:0A9DH         LINE#         469
  C:0A9DH         LINE#         471
  C:0AA3H         LINE#         473
  C:0AA7H         LINE#         474
  C:0AABH         LINE#         475
  C:0AB6H         LINE#         476
  C:0AB6H         LINE#         477
  C:0AD3H         LINE#         478
  C:0AD3H         LINE#         479
  C:0AD3H         LINE#         480
  C:0AD3H         LINE#         481
  C:0ADAH         LINE#         482
  C:0ADAH         LINE#         483
  C:0ADFH         LINE#         484
  C:0ADFH         LINE#         485
  C:0AEAH         LINE#         486
  C:0AEAH         LINE#         487
  C:0AEFH         LINE#         488
  C:0AEFH         LINE#         489
  C:0AF2H         LINE#         490
  C:0AF2H         LINE#         491
  C:0AF2H         LINE#         492
  C:0AF2H         LINE#         493
  C:0AF8H         LINE#         494
  C:0AF8H         LINE#         495
  C:0AFDH         LINE#         496
  C:0AFDH         LINE#         497
  C:0B04H         LINE#         498
  C:0B04H         LINE#         499
  C:0B09H         LINE#         500
  C:0B09H         LINE#         501
  C:0B14H         LINE#         502
  C:0B14H         LINE#         503
  C:0B19H         LINE#         504
  C:0B19H         LINE#         506
  C:0B1CH         LINE#         507
  C:0B1CH         LINE#         508
  C:0B1CH         LINE#         509
  C:0B1CH         LINE#         510
  C:0B22H         LINE#         511
  C:0B22H         LINE#         512
  C:0B3BH         LINE#         514
  C:0B3BH         LINE#         515
  C:0B46H         LINE#         516
BL51 BANKED LINKER/LOCATER V6.22                                                      01/31/2018  16:08:22  PAGE 29


  C:0B46H         LINE#         517
  C:0B5CH         LINE#         518
  C:0B5CH         LINE#         519
  C:0B5EH         LINE#         520
  C:0B5EH         LINE#         521
  C:0B5EH         LINE#         522
  C:0B5EH         LINE#         523
  C:0B64H         LINE#         524
  C:0B64H         LINE#         525
  C:0B7DH         LINE#         526
  C:0B7DH         LINE#         527
  C:0B85H         LINE#         528
  C:0B85H         LINE#         529
  C:0B9BH         LINE#         530
  C:0B9BH         LINE#         531
  C:0B9DH         LINE#         532
  C:0B9DH         LINE#         533
  C:0B9DH         LINE#         534
  C:0B9DH         LINE#         535
  C:0BA3H         LINE#         536
  C:0BA3H         LINE#         537
  C:0BBCH         LINE#         538
  C:0BBCH         LINE#         539
  C:0BC3H         LINE#         540
  C:0BC3H         LINE#         541
  C:0BDDH         LINE#         542
  C:0BDDH         LINE#         543
  C:0BDDH         LINE#         544
  C:0BDDH         LINE#         545
  C:0BDDH         LINE#         546
  C:0BDDH         LINE#         548
  C:0BDDH         LINE#         551
  C:0BDDH         LINE#         552
  C:0BF3H         LINE#         553
  C:0BF3H         LINE#         554
  C:0BFDH         LINE#         555
  C:0C02H         LINE#         556
  C:0C05H         LINE#         595
  C:0C0AH         LINE#         596
  C:0C0AH         LINE#         597
  C:0C0AH         LINE#         599
  C:0C0DH         LINE#         600
  C:0C1CH         LINE#         601
  C:0C1CH         LINE#         602
  C:0C1CH         LINE#         603
  C:0C1CH         LINE#         604
  C:0C22H         LINE#         605
  C:0C28H         LINE#         606
  C:0C28H         LINE#         607
  C:0C32H         LINE#         608
  C:0C34H         LINE#         610
  C:0C34H         LINE#         611
  C:0C3FH         LINE#         612
  C:0C3FH         LINE#         613
  C:0C3FH         LINE#         614
  C:0C41H         LINE#         615
  C:0C41H         LINE#         616
BL51 BANKED LINKER/LOCATER V6.22                                                      01/31/2018  16:08:22  PAGE 30


  C:0C41H         LINE#         617
  C:0C41H         LINE#         618
  C:0C47H         LINE#         619
  C:0C4DH         LINE#         620
  C:0C4DH         LINE#         621
  C:0C57H         LINE#         622
  C:0C59H         LINE#         624
  C:0C59H         LINE#         625
  C:0C64H         LINE#         626
  C:0C64H         LINE#         627
  C:0C64H         LINE#         628
  C:0C66H         LINE#         629
  C:0C66H         LINE#         630
  C:0C66H         LINE#         631
  C:0C66H         LINE#         632
  C:0C6CH         LINE#         633
  C:0C72H         LINE#         634
  C:0C72H         LINE#         635
  C:0C7CH         LINE#         636
  C:0C7EH         LINE#         638
  C:0C7EH         LINE#         639
  C:0C89H         LINE#         640
  C:0C89H         LINE#         641
  C:0C8EH         LINE#         642
  C:0C8EH         LINE#         643
  C:0C8EH         LINE#         644
  C:0C8EH         LINE#         645
  C:0C8EH         LINE#         646
  C:0C8EH         LINE#         647
  C:0C9DH         LINE#         648
  C:0C9DH         LINE#         649
  C:0C9DH         LINE#         650
  C:0C9DH         LINE#         651
  C:0CA3H         LINE#         652
  C:0CA9H         LINE#         653
  C:0CA9H         LINE#         654
  C:0CABH         LINE#         655
  C:0CABH         LINE#         656
  C:0CABH         LINE#         657
  C:0CABH         LINE#         658
  C:0CB1H         LINE#         659
  C:0CB7H         LINE#         660
  C:0CB7H         LINE#         661
  C:0CB9H         LINE#         662
  C:0CB9H         LINE#         663
  C:0CB9H         LINE#         664
  C:0CB9H         LINE#         665
  C:0CBFH         LINE#         666
  C:0CC5H         LINE#         667
  C:0CCAH         LINE#         668
  C:0CCAH         LINE#         669
  C:0CCAH         LINE#         670
  C:0CCAH         LINE#         671
  C:0CCAH         LINE#         672
  C:0CCAH         LINE#         673
  C:0CCFH         LINE#         674
  C:0CD4H         LINE#         675
BL51 BANKED LINKER/LOCATER V6.22                                                      01/31/2018  16:08:22  PAGE 31


  C:0CD9H         LINE#         676
  C:0CDCH         LINE#         677
  C:0CE2H         LINE#         678
  C:0CE2H         LINE#         679
  C:0CE7H         LINE#         680
  C:0CECH         LINE#         681
  C:0CECH         LINE#         682
  C:0CECH         LINE#         683
  C:0CECH         LINE#         684
  C:0CF3H         LINE#         685
  C:0CF3H         LINE#         686
  C:0CFCH         LINE#         687
  C:0CFCH         LINE#         688
  C:0D01H         LINE#         689
  C:0D04H         LINE#         690
  C:0D08H         LINE#         691
  C:0D08H         LINE#         692
  C:0D08H         LINE#         693
  C:0D0FH         LINE#         694
  C:0D0FH         LINE#         695
  C:0D18H         LINE#         696
  C:0D18H         LINE#         697
  C:0D1DH         LINE#         698
  C:0D20H         LINE#         699
  C:0D24H         LINE#         700
  C:0D24H         LINE#         701
  C:0D24H         LINE#         702
  C:0D2BH         LINE#         703
  C:0D2BH         LINE#         704
  C:0D34H         LINE#         705
  C:0D34H         LINE#         706
  C:0D39H         LINE#         707
  C:0D3CH         LINE#         708
  C:0D40H         LINE#         709
  C:0D40H         LINE#         710
  C:0D40H         LINE#         712
  -------         ENDPROC       KEY_STATUE
  -------         PROC          DISPLAY
  C:001EH         LINE#         713
  C:001EH         LINE#         714
  C:001EH         LINE#         717
  C:0021H         LINE#         718
  C:0027H         LINE#         719
  C:0027H         LINE#         720
  C:002DH         LINE#         721
  C:002DH         LINE#         722
  C:0033H         LINE#         723
  C:0038H         LINE#         724
  C:0041H         LINE#         725
  C:0041H         LINE#         726
  C:0043H         LINE#         727
  C:0048H         LINE#         728
  C:0048H         LINE#         729
  C:0048H         LINE#         741
  C:0048H         LINE#         743
  C:0071H         LINE#         744
  C:0071H         LINE#         745
BL51 BANKED LINKER/LOCATER V6.22                                                      01/31/2018  16:08:22  PAGE 32


  C:0071H         LINE#         746
  C:0071H         LINE#         750
  C:0077H         LINE#         751
  C:0077H         LINE#         752
  C:007AH         LINE#         759
  C:007AH         LINE#         760
  C:0083H         LINE#         761
  C:0083H         LINE#         762
  C:0089H         LINE#         763
  C:0089H         LINE#         764
  C:008BH         LINE#         765
  C:008FH         LINE#         766
  C:0093H         LINE#         767
  C:0093H         LINE#         768
  C:0098H         LINE#         769
  C:009EH         LINE#         770
  C:009EH         LINE#         771
  C:00A4H         LINE#         772
  C:00A9H         LINE#         773
  C:00B2H         LINE#         774
  C:00B2H         LINE#         775
  C:00B4H         LINE#         776
  C:00B4H         LINE#         777
  C:00B4H         LINE#         778
  C:00BDH         LINE#         779
  C:00BDH         LINE#         780
  C:00C0H         LINE#         781
  C:00CBH         LINE#         782
  C:00CBH         LINE#         783
  C:00D1H         LINE#         784
  C:00D1H         LINE#         785
  C:00D3H         LINE#         786
  C:00D7H         LINE#         787
  C:00DDH         LINE#         788
  C:00DDH         LINE#         789
  C:00E5H         LINE#         790
  C:00E5H         LINE#         791
  C:00E9H         LINE#         792
  C:00E9H         LINE#         793
  C:00EEH         LINE#         794
  C:00F0H         LINE#         795
  C:00F9H         LINE#         797
  C:00FFH         LINE#         798
  C:00FFH         LINE#         799
  C:0107H         LINE#         800
  C:0107H         LINE#         801
  C:010BH         LINE#         802
  C:010BH         LINE#         803
  C:0110H         LINE#         804
  C:0112H         LINE#         805
  C:011BH         LINE#         807
  C:0121H         LINE#         808
  C:0121H         LINE#         809
  C:0129H         LINE#         810
  C:0129H         LINE#         811
  C:012DH         LINE#         812
  C:012DH         LINE#         813
BL51 BANKED LINKER/LOCATER V6.22                                                      01/31/2018  16:08:22  PAGE 33


  C:012DH         LINE#         814
  C:0130H         LINE#         815
  C:013CH         LINE#         816
  C:013FH         LINE#         819
  C:013FH         LINE#         820
  C:0145H         LINE#         821
  C:0149H         LINE#         822
  C:0152H         LINE#         823
  C:0152H         LINE#         824
  C:0156H         LINE#         825
  C:015CH         LINE#         826
  C:015CH         LINE#         827
  C:016AH         LINE#         828
  C:0178H         LINE#         830
  C:0181H         LINE#         831
  C:0181H         LINE#         832
  C:0185H         LINE#         833
  C:018BH         LINE#         834
  C:018BH         LINE#         835
  C:0199H         LINE#         836
  C:01A7H         LINE#         838
  C:01B0H         LINE#         839
  C:01B0H         LINE#         840
  C:01B4H         LINE#         841
  C:01BAH         LINE#         842
  C:01BAH         LINE#         843
  C:01C8H         LINE#         844
  C:01D6H         LINE#         845
  C:01D6H         LINE#         846
  C:01DBH         LINE#         848
  C:01DBH         LINE#         849
  C:01DBH         LINE#         850
  C:01E6H         LINE#         851
  C:01E6H         LINE#         859
  C:0211H         LINE#         860
  C:0217H         LINE#         861
  C:0217H         LINE#         862
  C:021DH         LINE#         863
  C:021DH         LINE#         864
  C:021FH         LINE#         865
  C:0245H         LINE#         866
  C:0247H         LINE#         868
  C:0247H         LINE#         869
  C:024DH         LINE#         870
  C:0255H         LINE#         871
  C:0255H         LINE#         872
  C:025AH         LINE#         873
  C:025AH         LINE#         874
  C:0262H         LINE#         875
  C:0262H         LINE#         876
  C:0268H         LINE#         877
  C:026EH         LINE#         878
  C:0277H         LINE#         879
  C:0277H         LINE#         880
  C:027AH         LINE#         882
  C:027AH         LINE#         883
  C:0284H         LINE#         884
BL51 BANKED LINKER/LOCATER V6.22                                                      01/31/2018  16:08:22  PAGE 34


  C:0286H         LINE#         886
  C:0286H         LINE#         887
  C:028FH         LINE#         888
  C:028FH         LINE#         889
  C:0291H         LINE#         890
  C:0291H         LINE#         891
  C:0291H         LINE#         892
  C:0296H         LINE#         893
  C:0296H         LINE#         894
  C:029EH         LINE#         895
  C:029EH         LINE#         896
  C:02A4H         LINE#         897
  C:02AAH         LINE#         898
  C:02B7H         LINE#         899
  C:02B7H         LINE#         900
  C:02BEH         LINE#         903
  C:02BEH         LINE#         904
  C:02C8H         LINE#         905
[...]
  C:2500H         LINE#         2805
BL51 BANKED LINKER/LOCATER V6.22                                                      01/31/2018  16:08:22  PAGE 63


  C:2500H         LINE#         2808
  C:2506H         LINE#         2809
  C:2506H         LINE#         2810
  C:2511H         LINE#         2811
  C:2511H         LINE#         2814
  C:253CH         LINE#         2815
  C:253CH         LINE#         2816
  C:253CH         LINE#         2817
  C:253CH         LINE#         2818
  C:253CH         LINE#         2819
  C:253CH         LINE#         2820
  C:2542H         LINE#         2821
  C:2542H         LINE#         2822
  C:2549H         LINE#         2824
  C:2549H         LINE#         2825
  C:2551H         LINE#         2826
  C:2551H         LINE#         2827
  C:255DH         LINE#         2828
  C:255DH         LINE#         2829
  C:255FH         LINE#         2830
  C:255FH         LINE#         2831
  C:255FH         LINE#         2832
  C:255FH         LINE#         2833
  C:2565H         LINE#         2834
  C:2565H         LINE#         2835
  C:256CH         LINE#         2836
  C:256CH         LINE#         2837
  C:2574H         LINE#         2838
  C:2574H         LINE#         2839
  C:2581H         LINE#         2840
  C:2581H         LINE#         2841
  C:2583H         LINE#         2842
  C:2583H         LINE#         2843
  C:2583H         LINE#         2844
  C:2583H         LINE#         2845
  C:2589H         LINE#         2846
  C:2589H         LINE#         2847
  C:2598H         LINE#         2848
  C:2598H         LINE#         2849
  C:259FH         LINE#         2850
  C:259FH         LINE#         2851
  C:25B5H         LINE#         2852
  C:25B5H         LINE#         2853
  C:25B5H         LINE#         2854
  C:25B5H         LINE#         2855
  C:25B5H         LINE#         2856
  C:25B5H         LINE#         2857
  -------         ENDPROC       KEY_DISLPAY_UP_DOWN
  -------         PROC          L?0793
  -------         ENDPROC       L?0793
  -------         PROC          _FD612_DISPLAY_4DIG_INPUT
  D:0007H         SYMBOL        dig1
  X:016AH         SYMBOL        dig2
  X:016BH         SYMBOL        dig3
  X:016CH         SYMBOL        dig4
  C:30C9H         LINE#         2861
  C:30D1H         LINE#         2862
BL51 BANKED LINKER/LOCATER V6.22                                                      01/31/2018  16:08:22  PAGE 64


  C:30D1H         LINE#         2867
  C:30D8H         LINE#         2868
  C:30E2H         LINE#         2869
  C:30ECH         LINE#         2870
  C:30F6H         LINE#         2871
  C:30F9H         LINE#         2872
  -------         ENDPROC       _FD612_DISPLAY_4DIG_INPUT
  C:302CH         SYMBOL        L?0789
  C:302FH         SYMBOL        L?0790
  C:3050H         SYMBOL        L?0791
  -------         PROC          L?0788
  -------         ENDPROC       L?0788
  C:302CH         SYMBOL        L?0789
  C:302FH         SYMBOL        L?0790
  C:3050H         SYMBOL        L?0791
  -------         PROC          _FD612_DISPLAY_2DIG_INPUT
  X:016AH         SYMBOL        i
  X:016BH         SYMBOL        dig1
  X:016CH         SYMBOL        dig2
  C:3054H         LINE#         2874
  C:3061H         LINE#         2875
  C:3061H         LINE#         2876
  C:3064H         LINE#         2877
  C:3064H         LINE#         2878
  C:306CH         LINE#         2879
  C:3076H         LINE#         2880
  C:3079H         LINE#         2882
  C:3079H         LINE#         2883
  C:3080H         LINE#         2884
  C:3080H         LINE#         2885
  C:3088H         LINE#         2886
  C:3092H         LINE#         2887
  C:3095H         LINE#         2889
  C:3095H         LINE#         2890
  -------         ENDPROC       _FD612_DISPLAY_2DIG_INPUT
  -------         PROC          PM_12_24_ALARM_DISPLAY
  C:1E03H         LINE#         2891
  C:1E03H         LINE#         2892
  C:1E03H         LINE#         2893
  C:1E0EH         LINE#         2894
  C:1E0EH         LINE#         2897
  C:1E19H         LINE#         2898
  C:1E19H         LINE#         2900
  C:1E1DH         LINE#         2902
  C:1E1FH         LINE#         2904
  C:1E1FH         LINE#         2906
  C:1E23H         LINE#         2908
  C:1E23H         LINE#         2909
  C:1E2FH         LINE#         2910
  C:1E2FH         LINE#         2911
  C:1E3EH         LINE#         2912
  C:1E3EH         LINE#         2914
  C:1E45H         LINE#         2916
  C:1E45H         LINE#         2917
  C:1E4FH         LINE#         2918
  C:1E4FH         LINE#         2919
  C:1E56H         LINE#         2921
BL51 BANKED LINKER/LOCATER V6.22                                                      01/31/2018  16:08:22  PAGE 65


  C:1E56H         LINE#         2924
  C:1E65H         LINE#         2925
  C:1E65H         LINE#         2927
  C:1E6CH         LINE#         2929
  C:1E6CH         LINE#         2930
  C:1E76H         LINE#         2931
  C:1E76H         LINE#         2932
  C:1E7DH         LINE#         2934
  C:1E7DH         LINE#         2937
  C:1E8CH         LINE#         2938
  C:1E8CH         LINE#         2940
  C:1E93H         LINE#         2942
  C:1E93H         LINE#         2943
  C:1E9DH         LINE#         2944
  C:1E9DH         LINE#         2945
  C:1EA4H         LINE#         2947
  C:1EA4H         LINE#         2948
  C:1EABH         LINE#         2949
  C:1EABH         LINE#         2950
  C:1EBFH         LINE#         2951
  C:1EBFH         LINE#         2952
  C:1ED1H         LINE#         2953
  C:1ED1H         LINE#         2954
  C:1EE2H         LINE#         2955
  C:1EE2H         LINE#         2957
  C:1EE2H         LINE#         2963
  C:1EF8H         LINE#         2964
  C:1EF8H         LINE#         2965
  C:1EFFH         LINE#         2967
  C:1EFFH         LINE#         2969
  C:1EFFH         LINE#         2971
  C:1EFFH         LINE#         2975
  C:1EFFH         LINE#         2976
  C:1F11H         LINE#         2977
  C:1F11H         LINE#         2978
  C:1F18H         LINE#         2979
  C:1F1AH         LINE#         2981
  C:1F1AH         LINE#         2982
  C:1F21H         LINE#         2983
  C:1F21H         LINE#         2985
  -------         ENDPROC       PM_12_24_ALARM_DISPLAY
  -------         PROC          AFTER_ARRIVE_WRITE_1302
  C:348DH         LINE#         2990
  C:348DH         LINE#         2991
  C:348DH         LINE#         2994
  C:3497H         LINE#         2998
  C:349AH         LINE#         2999
  C:349AH         LINE#         3000
  C:349EH         LINE#         3001
  C:34A3H         LINE#         3002
  C:34A5H         LINE#         3004
  C:34A5H         LINE#         3005
  C:34ACH         LINE#         3006
  C:34B2H         LINE#         3007
  C:34B2H         LINE#         3008
  -------         ENDPROC       AFTER_ARRIVE_WRITE_1302
  -------         PROC          _HOUR_CHAGE_INPUT
BL51 BANKED LINKER/LOCATER V6.22                                                      01/31/2018  16:08:22  PAGE 66


  X:0166H         SYMBOL        i
  -------         DO            
  D:0007H         SYMBOL        hour_state_value
  -------         ENDDO         
  C:2DD1H         LINE#         3015
  C:2DD6H         LINE#         3016
  C:2DD6H         LINE#         3019
  C:2DDBH         LINE#         3023
  C:2DE3H         LINE#         3024
  C:2DE3H         LINE#         3028
  C:2DE6H         LINE#         3029
  C:2DECH         LINE#         3030
  C:2DECH         LINE#         3031
  C:2DF0H         LINE#         3032
  C:2DF3H         LINE#         3033
  C:2DF6H         LINE#         3034
  C:2DF9H         LINE#         3035
  C:2DFFH         LINE#         3036
  C:2E01H         LINE#         3037
  C:2E05H         LINE#         3038
  C:2E05H         LINE#         3039
  C:2E0BH         LINE#         3040
  C:2E0EH         LINE#         3041
  C:2E11H         LINE#         3042
  C:2E11H         LINE#         3043
  C:2E13H         LINE#         3044
  C:2E19H         LINE#         3045
  C:2E19H         LINE#         3046
  C:2E1CH         LINE#         3047
  C:2E20H         LINE#         3048
  C:2E20H         LINE#         3056
  C:2E20H         LINE#         3057
  C:2E26H         LINE#         3058
  C:2E26H         LINE#         3060
  C:2E2AH         LINE#         3061
  C:2E2AH         LINE#         3062
  C:2E2CH         LINE#         3063
  C:2E2FH         LINE#         3064
  C:2E34H         LINE#         3065
  C:2E37H         LINE#         3066
  C:2E3CH         LINE#         3067
  C:2E40H         LINE#         3068
  C:2E40H         LINE#         3069
  C:2E42H         LINE#         3071
  C:2E42H         LINE#         3072
  C:2E46H         LINE#         3073
  C:2E49H         LINE#         3074
  C:2E4FH         LINE#         3075
  C:2E52H         LINE#         3077
  C:2E52H         LINE#         3080
  C:2E52H         LINE#         3081
  -------         ENDPROC       _HOUR_CHAGE_INPUT
  -------         PROC          TEMPER_DISPLAY
  C:367EH         LINE#         3087
  C:367EH         LINE#         3088
  C:367EH         LINE#         3090
  C:3685H         LINE#         3091
BL51 BANKED LINKER/LOCATER V6.22                                                      01/31/2018  16:08:22  PAGE 67


  C:3685H         LINE#         3092
  C:3688H         LINE#         3093
  C:368DH         LINE#         3094
  C:368DH         LINE#         3095
  -------         ENDPROC       TEMPER_DISPLAY
  -------         PROC          DISPLAY_12_24_BLINK
  C:32AFH         LINE#         3123
  C:32AFH         LINE#         3124
  C:32AFH         LINE#         3125
  C:32B7H         LINE#         3126
  C:32B7H         LINE#         3127
  C:32BDH         LINE#         3128
  C:32BDH         LINE#         3129
  C:32BFH         LINE#         3130
  C:32C5H         LINE#         3131
  C:32C5H         LINE#         3132
  C:32CBH         LINE#         3133
  C:32CDH         LINE#         3135
  C:32CDH         LINE#         3136
  C:32D8H         LINE#         3137
  C:32D8H         LINE#         3139
  C:32E1H         LINE#         3140
  C:32E3H         LINE#         3142
  C:32E3H         LINE#         3143
  C:32E9H         LINE#         3144
  C:32F4H         LINE#         3145
  C:32F4H         LINE#         3146
  C:32F9H         LINE#         3147
  C:32F9H         LINE#         3148
  -------         ENDPROC       DISPLAY_12_24_BLINK
  -------         PROC          _YEAR_BLINK
  X:0166H         SYMBOL        i
  C:30FCH         LINE#         3150
  C:3101H         LINE#         3151
  C:3101H         LINE#         3152
  C:3109H         LINE#         3153
  C:3109H         LINE#         3154
  C:310FH         LINE#         3155
  C:310FH         LINE#         3156
  C:3111H         LINE#         3157
  C:3144H         LINE#         3158
  C:3146H         LINE#         3160
  C:3146H         LINE#         3161
  C:314CH         LINE#         3162
  C:3152H         LINE#         3163
  C:315CH         LINE#         3164
  C:315CH         LINE#         3165
  C:3161H         LINE#         3166
  C:3161H         LINE#         3167
  -------         ENDPROC       _YEAR_BLINK
  -------         PROC          FROM_DS1302_READ_TIME_DATA
  C:2E59H         LINE#         3170
  C:2E59H         LINE#         3171
  C:2E59H         LINE#         3173
  C:2E5CH         LINE#         3174
  C:2E61H         LINE#         3175
  C:2E69H         LINE#         3176
BL51 BANKED LINKER/LOCATER V6.22                                                      01/31/2018  16:08:22  PAGE 68


  C:2E71H         LINE#         3177
  C:2E79H         LINE#         3178
  C:2E81H         LINE#         3179
  C:2E89H         LINE#         3180
  C:2E91H         LINE#         3181
  C:2E99H         LINE#         3182
  C:2E9CH         LINE#         3183
  C:2EA4H         LINE#         3184
  C:2EA4H         LINE#         3185
  C:2EAFH         LINE#         3186
  C:2EAFH         LINE#         3187
  C:2EB5H         LINE#         3188
  C:2EB7H         LINE#         3190
  C:2EB7H         LINE#         3191
  C:2EBCH         LINE#         3192
  C:2EBCH         LINE#         3193
  C:2EC6H         LINE#         3194
  C:2ECDH         LINE#         3208
  C:2ECDH         LINE#         3209
  C:2ED5H         LINE#         3210
  C:2ED5H         LINE#         3211
  C:2ED5H         LINE#         3212
  C:2ED8H         LINE#         3213
  C:2ED8H         LINE#         3214
  C:2ED8H         LINE#         3215
  C:2EDDH         LINE#         3216
  -------         ENDPROC       FROM_DS1302_READ_TIME_DATA
  -------         PROC          INITDS1302
  -------         DO            
  X:0167H         SYMBOL        year
  X:0168H         SYMBOL        month
  X:0169H         SYMBOL        mday
  X:016AH         SYMBOL        week
  X:016BH         SYMBOL        hour
  X:016CH         SYMBOL        minute
  X:016DH         SYMBOL        second
  -------         ENDDO         
  C:2B8AH         LINE#         3219
  C:2B8AH         LINE#         3220
  C:2B8AH         LINE#         3222
  C:2B92H         LINE#         3223
  C:2B95H         LINE#         3224
  C:2B98H         LINE#         3225
  C:2B9EH         LINE#         3226
  C:2BA6H         LINE#         3227
  C:2BAEH         LINE#         3228
  C:2BB6H         LINE#         3230
  C:2BBDH         LINE#         3231
  C:2BC0H         LINE#         3232
  C:2BC6H         LINE#         3233
  C:2BCBH         LINE#         3234
  C:2BCEH         LINE#         3239
  C:2BD1H         LINE#         3240
  C:2BD6H         LINE#         3241
  C:2BDBH         LINE#         3243
  C:2BDEH         LINE#         3244
  C:2BE3H         LINE#         3246
BL51 BANKED LINKER/LOCATER V6.22                                                      01/31/2018  16:08:22  PAGE 69


  C:2BEBH         LINE#         3247
  C:2BF3H         LINE#         3248
  C:2BFBH         LINE#         3249
  C:2C03H         LINE#         3250
  C:2C0BH         LINE#         3251
  C:2C13H         LINE#         3252
  C:2C1BH         LINE#         3253
  C:2C20H         LINE#         3254
  C:2C23H         LINE#         3255
  -------         ENDPROC       INITDS1302
  -------         PROC          POINT_BLINK
  C:26BFH         LINE#         3264
  C:26BFH         LINE#         3265
  C:26BFH         LINE#         3266
  C:26D7H         LINE#         3267
  C:26F1H         LINE#         3268
  C:2709H         LINE#         3269
  C:2723H         LINE#         3272
  C:272CH         LINE#         3273
  C:272CH         LINE#         3275
  C:2732H         LINE#         3276
  C:2732H         LINE#         3277
  C:2734H         LINE#         3282
  C:273BH         LINE#         3283
  C:2745H         LINE#         3284
  C:2745H         LINE#         3285
  C:2749H         LINE#         3286
  C:274BH         LINE#         3288
  C:274BH         LINE#         3289
  C:274FH         LINE#         3290
  C:274FH         LINE#         3291
  C:2761H         LINE#         3292
  C:2761H         LINE#         3293
  C:2761H         LINE#         3294
  C:2763H         LINE#         3302
  C:2763H         LINE#         3303
  C:2769H         LINE#         3308
  C:2770H         LINE#         3309
  C:277AH         LINE#         3310
  C:277AH         LINE#         3311
  C:277EH         LINE#         3312
  C:2780H         LINE#         3314
  C:2780H         LINE#         3315
  C:2784H         LINE#         3316
  C:2784H         LINE#         3317
  C:2796H         LINE#         3318
  C:2796H         LINE#         3319
  C:279DH         LINE#         3320
  C:279FH         LINE#         3322
  C:279FH         LINE#         3323
  C:27A6H         LINE#         3324
  C:27A6H         LINE#         3326
  C:27A6H         LINE#         3327
  C:27A9H         LINE#         3328
  C:27AEH         LINE#         3330
  C:27AEH         LINE#         3331
  -------         ENDPROC       POINT_BLINK
BL51 BANKED LINKER/LOCATER V6.22                                                      01/31/2018  16:08:22  PAGE 70


  -------         PROC          ADC_SWITCH
  C:25B6H         LINE#         3333
  C:25B6H         LINE#         3334
  C:25B6H         LINE#         3335
  C:25C3H         LINE#         3336
  C:25C3H         LINE#         3338
  C:25C3H         LINE#         3339
  C:25C3H         LINE#         3343
  C:25C9H         LINE#         3344
  C:25EFH         LINE#         3345
  C:2617H         LINE#         3346
  C:261EH         LINE#         3347
  C:2625H         LINE#         3348
  C:2628H         LINE#         3349
  C:262DH         LINE#         3350
  C:262EH         LINE#         3351
  C:262EH         LINE#         3354
  C:262EH         LINE#         3355
  C:262EH         LINE#         3361
  C:2654H         LINE#         3362
  C:2680H         LINE#         3363
  C:26AEH         LINE#         3364
  C:26B5H         LINE#         3366
  C:26B8H         LINE#         3367
  C:26BEH         LINE#         3369
  C:26BEH         LINE#         3370
  C:26BEH         LINE#         3371
  C:26BEH         LINE#         3372
  C:26BEH         LINE#         3373
  C:26BEH         LINE#         3374
  -------         ENDPROC       ADC_SWITCH
  -------         ENDMOD        USR

  -------         MODULE        ?C?FPADD
  C:12B3H         PUBLIC        ?C?FPADD
  C:12AFH         PUBLIC        ?C?FPSUB
  -------         ENDMOD        ?C?FPADD

  -------         MODULE        ?C?FPMUL
  C:13A4H         PUBLIC        ?C?FPMUL
  -------         ENDMOD        ?C?FPMUL

  -------         MODULE        ?C?FPDIV
  C:14ADH         PUBLIC        ?C?FPDIV
  -------         ENDMOD        ?C?FPDIV

  -------         MODULE        ?C?FCAST
  C:1554H         PUBLIC        ?C?FCASTC
  C:154FH         PUBLIC        ?C?FCASTI
  C:154AH         PUBLIC        ?C?FCASTL
  -------         ENDMOD        ?C?FCAST

  -------         MODULE        ?C?CASTF
  C:1588H         PUBLIC        ?C?CASTF
  -------         ENDMOD        ?C?CASTF

  -------         MODULE        LOG
BL51 BANKED LINKER/LOCATER V6.22                                                      01/31/2018  16:08:22  PAGE 71


  C:1D0EH         PUBLIC        _LOG
  C:1D0AH         PUBLIC        _LOG10
  -------         ENDMOD        LOG

  -------         MODULE        ?C?COPY
  C:1726H         PUBLIC        ?C?COPY
  -------         ENDMOD        ?C?COPY

  -------         MODULE        ?C?LNEG
  C:174CH         PUBLIC        ?C?LNEG
  -------         ENDMOD        ?C?LNEG

  -------         MODULE        ?C?LLDCODE
  C:175AH         PUBLIC        ?C?LLDCODE
  -------         ENDMOD        ?C?LLDCODE

  -------         MODULE        ?C?LLDXDATA0
  C:176AH         PUBLIC        ?C?LLDXDATA0
  -------         ENDMOD        ?C?LLDXDATA0

  -------         MODULE        ?C?LLDCODE0
  C:1776H         PUBLIC        ?C?LLDCODE0
  -------         ENDMOD        ?C?LLDCODE0

  -------         MODULE        ?C?LSTXDATA
  C:1786H         PUBLIC        ?C?LSTXDATA
  -------         ENDMOD        ?C?LSTXDATA

  -------         MODULE        ?C?LSTKXDATA
  C:1792H         PUBLIC        ?C?LSTKXDATA
  -------         ENDMOD        ?C?LSTKXDATA

  -------         MODULE        ?C?OFFXADD
  C:17C3H         PUBLIC        ?C?OFFXADD
  -------         ENDMOD        ?C?OFFXADD

Program Size: data=17.1 xdata=372 code=14085
LINK/LOCATE RUN COMPLETE.  0 WARNING(S),  0 ERROR(S)
