BL51 BANKED LINKER/LOCATER V6.22                                                        07/10/2018  17:33:53  PAGE 1


BL51 BANKED LINKER/LOCATER V6.22, INVOKED BY:
E:\KEIL_V5\C51\BIN\BL51.EXE .\Output\STARTUP.obj, .\Output\FD612Drv.obj, .\Output\Debug.obj, .\Output\config.obj, .\Outp
>> ut\ds1302.obj, .\Output\Main.obj, .\Output\usr.obj TO .\Output\pro PRINT (.\List\pro.m51) RAMSIZE (256)


MEMORY MODEL: LARGE WITH FLOATING POINT ARITHMETIC


INPUT MODULES INCLUDED:
  .\Output\STARTUP.obj (?C_STARTUP)
  .\Output\FD612Drv.obj (FD612DRV)
  .\Output\Debug.obj (DEBUG)
  .\Output\config.obj (CONFIG)
  .\Output\ds1302.obj (DS1302)
  .\Output\Main.obj (MAIN)
  .\Output\usr.obj (USR)
  E:\KEIL_V5\C51\LIB\C51FPL.LIB (?C?FPADD)
  E:\KEIL_V5\C51\LIB\C51FPL.LIB (?C?FPMUL)
  E:\KEIL_V5\C51\LIB\C51FPL.LIB (?C?FPDIV)
  E:\KEIL_V5\C51\LIB\C51FPL.LIB (?C?FCAST)
  E:\KEIL_V5\C51\LIB\C51FPL.LIB (?C?CASTF)
  E:\KEIL_V5\C51\LIB\C51FPL.LIB (LOG)
  E:\KEIL_V5\C51\LIB\C51FPL.LIB (?C?FPGETOPN)
  E:\KEIL_V5\C51\LIB\C51FPL.LIB (?C?FPSERIES)
  E:\KEIL_V5\C51\LIB\C51L.LIB (?C_INIT)
  E:\KEIL_V5\C51\LIB\C51L.LIB (?C?COPY)
  E:\KEIL_V5\C51\LIB\C51L.LIB (?C?CLDPTR)
  E:\KEIL_V5\C51\LIB\C51L.LIB (?C?CLDOPTR)
  E:\KEIL_V5\C51\LIB\C51L.LIB (?C?CILDPTR)
  E:\KEIL_V5\C51\LIB\C51L.LIB (?C?CILDOPTR)
  E:\KEIL_V5\C51\LIB\C51L.LIB (?C?CSTPTR)
  E:\KEIL_V5\C51\LIB\C51L.LIB (?C?CSTOPTR)
  E:\KEIL_V5\C51\LIB\C51L.LIB (?C?UIDIV)
  E:\KEIL_V5\C51\LIB\C51L.LIB (?C?LNEG)
  E:\KEIL_V5\C51\LIB\C51L.LIB (?C?LLDCODE)
  E:\KEIL_V5\C51\LIB\C51L.LIB (?C?LLDXDATA0)
  E:\KEIL_V5\C51\LIB\C51L.LIB (?C?LLDCODE0)
  E:\KEIL_V5\C51\LIB\C51L.LIB (?C?LSTXDATA)
  E:\KEIL_V5\C51\LIB\C51L.LIB (?C?LSTKXDATA)
  E:\KEIL_V5\C51\LIB\C51L.LIB (?C?OFFXADD)


LINK MAP OF MODULE:  .\Output\pro (?C_STARTUP)


            TYPE    BASE      LENGTH    RELOCATION   SEGMENT NAME
            -----------------------------------------------------

            * * * * * * *   D A T A   M E M O R Y   * * * * * * *
            REG     0000H     0008H     ABSOLUTE     "REG BANK 0"
                    0008H     0008H                  *** GAP ***
            REG     0010H     0008H     ABSOLUTE     "REG BANK 2"
                    0018H     0008H                  *** GAP ***
            BIT     0020H.0   0000H.1   UNIT         _BIT_GROUP_
                    0020H.1   0000H.7                *** GAP ***
            IDATA   0021H     0001H     UNIT         ?STACK

            * * * * * * *  X D A T A   M E M O R Y  * * * * * * *
BL51 BANKED LINKER/LOCATER V6.22                                                      07/10/2018  17:33:53  PAGE 2


            XDATA   0000H     00DEH     UNIT         ?XD?FD612DRV
            XDATA   00DEH     0085H     UNIT         ?XD?USR
            XDATA   0163H     000EH     UNIT         _XDATA_GROUP_

            * * * * * * *   C O D E   M E M O R Y   * * * * * * *
            CODE    0000H     0003H     ABSOLUTE     
            CODE    0003H     0007H     UNIT         ?PR?RESETDS1302?DS1302
                    000AH     0001H                  *** GAP ***
            CODE    000BH     0003H     ABSOLUTE     
            CODE    000EH     000DH     UNIT         ?PR?_FD612_COMMAND?FD612DRV
            CODE    001BH     0003H     ABSOLUTE     
            CODE    001EH     0647H     UNIT         ?C?LIB_CODE
            CODE    0665H     035CH     UNIT         ?PR?DISPLAY?USR
            CODE    09C1H     0282H     UNIT         ?PR?KEY_STATUE?USR
            CODE    0C43H     0211H     UNIT         ?PR?_ALARM_SET_DISPLAY?USR
            CODE    0E54H     01CDH     UNIT         ?C_INITSEG
            CODE    1021H     0160H     UNIT         ?PR?_ALARM_SLEEP_JUDGE?USR
            CODE    1181H     015BH     UNIT         ?PR?POINT_BLINK?USR
            CODE    12DCH     013FH     UNIT         ?PR?KEY_DISLPAY_UP_DOWN?USR
            CODE    141BH     0129H     UNIT         ?PR?PM_12_24_ALARM_DISPLAY?USR
            CODE    1544H     0129H     UNIT         ?PR?LOG?LOG
            CODE    166DH     0113H     UNIT         ?PR?ADC_CONVERT?USR
            CODE    1780H     00FCH     UNIT         ?PR?ADC_SWITCH?USR
            CODE    187CH     00E2H     UNIT         ?PR?MTIMER1INTERRUPT?USR
            CODE    195EH     00DDH     UNIT         ?PR?_FD612_POTIVETNAGE?FD612DRV
            CODE    1A3BH     00CBH     UNIT         ?PR?SD_MODE?USR
            CODE    1B06H     00C4H     UNIT         ?PR?MON_OVER_JUDGE?USR
            CODE    1BCAH     00BCH     UNIT         ?PR?FD612_LOOP?FD612DRV
            CODE    1C86H     00AEH     UNIT         ?PR?_ALARM_HOUR_UP_DOWN2?USR
            CODE    1D34H     00AAH     UNIT         ?PR?INITDS1302?USR
            CODE    1DDEH     00A0H     UNIT         ?PR?_HOUR_OVER_JUDGE?USR
            CODE    1E7EH     0090H     UNIT         ?PR?_MIN_LONG_UP_DOWN?USR
            CODE    1F0EH     008CH     UNIT         ?C_C51STARTUP
            CODE    1F9AH     0088H     UNIT         ?PR?_HOUR_CHAGE_INPUT?USR
            CODE    2022H     0085H     UNIT         ?PR?FROM_DS1302_READ_TIME_DATA?USR
            CODE    20A7H     007EH     UNIT         ?PR?_ALARM_MIN_UP_DOWN2?USR
            CODE    2125H     007DH     UNIT         ?PR?_HOUR_LONG_UP_DOWN?USR
            CODE    21A2H     0077H     UNIT         ?PR?ALARM_LONG_BLINK?USR
            CODE    2219H     006DH     UNIT         ?PR?VOICE_CONTROL?USR
            CODE    2286H     006AH     UNIT         ?PR?_FD612_DISPLAY_2DIG_INPUT?USR
            CODE    22F0H     006AH     UNIT         ?PR?_ALL_BLINK?USR
            CODE    235AH     0066H     UNIT         ?PR?_FD612_DISPLAY_4DIG_INPUT?USR
            CODE    23C0H     0066H     UNIT         ?PR?_YEAR_BLINK?USR
            CODE    2426H     0064H     UNIT         ?PR?MDAY_OVER_JUDGE?USR
            CODE    248AH     0060H     UNIT         ?PR?_MON_LONG_UP_DOWN?USR
            CODE    24EAH     0059H     UNIT         ?PR?UI_MON_DISPLAY?USR
            CODE    2543H     0058H     UNIT         ?PR?_YEAR_LONG_UP_DOWN?USR
            CODE    259BH     0055H     UNIT         ?PR?_PORT1CFG?CONFIG
            CODE    25F0H     0055H     UNIT         ?PR?_PORT3CFG?CONFIG
            CODE    2645H     004DH     UNIT         ?PR?KEY_12AND24_SWITCH?USR
            CODE    2692H     004CH     UNIT         ?PR?_MDAY_LONG_UP_DOWN?USR
            CODE    26DEH     004BH     UNIT         ?PR?GPIO_INIT?CONFIG
            CODE    2729H     004BH     UNIT         ?PR?DISPLAY_12_24_BLINK?USR
            CODE    2774H     0048H     UNIT         ?PR?DS1302_INIT?CONFIG
            CODE    27BCH     0044H     UNIT         ?PR?MAIN?MAIN
            CODE    2800H     0044H     UNIT         ?PR?TIMEOUT_EXIT?USR
            CODE    2844H     0040H     UNIT         ?PR?_FD612_WRBYTE?FD612DRV
BL51 BANKED LINKER/LOCATER V6.22                                                      07/10/2018  17:33:53  PAGE 3


            CODE    2884H     0039H     UNIT         ?PR?ALARM_HOUR_DISPLAY?USR
            CODE    28BDH     0034H     UNIT         ?PR?TIME0_SETUP?USR
            CODE    28F1H     0034H     UNIT         ?PR?_ALARM_24SWITCH12?USR
            CODE    2925H     002FH     UNIT         ?PR?AFTER_ARRIVE_WRITE_1302?USR
            CODE    2954H     002EH     UNIT         ?PR?ALARM_DISPLAY?USR
            CODE    2982H     002CH     UNIT         ?PR?ALARM_TIME_INIT?USR
            CODE    29AEH     002BH     UNIT         ?PR?ALARM_MIN_DISPLAY?USR
            CODE    29D9H     0029H     UNIT         ?PR?FD612_INIT?FD612DRV
            CODE    2A02H     0028H     UNIT         ?PR?_LEEP_YEAR?USR
            CODE    2A2AH     0026H     UNIT         ?PR?FD612_DISPDATAREFRESH?FD612DRV
            CODE    2A50H     0026H     UNIT         ?PR?_ALARM_12SWITCH24?USR
            CODE    2A76H     0023H     UNIT         ?PR?_BCD_DECIMAL?USR
            CODE    2A99H     0022H     UNIT         ?PR?_KEY_OFF_ALARM_CLOCK?USR
            CODE    2ABBH     001FH     UNIT         ?PR?READBYTEDS1302?DS1302
            CODE    2ADAH     001CH     UNIT         ?PR?TIME1_INIT?CONFIG
            CODE    2AF6H     001AH     UNIT         ?PR?TIME0_INIT?CONFIG
            CODE    2B10H     0018H     UNIT         ?PR?DISPLAY_INIT_FIRST?CONFIG
            CODE    2B28H     0018H     UNIT         ?PR?_WRITEBYTEDS1302?DS1302
            CODE    2B40H     0017H     UNIT         ?PR?_MDELAYMS?DEBUG
            CODE    2B57H     0015H     UNIT         ?PR?_WRITE_ADDR_BYTE_DS1302?DS1302
            CODE    2B6CH     0013H     UNIT         ?PR?FD612_REFRESH?FD612DRV
            CODE    2B7FH     0012H     UNIT         ?PR?CFGFSYS?DEBUG
            CODE    2B91H     0012H     UNIT         ?PR?TEMPER_DISPLAY?USR
            CODE    2BA3H     0011H     UNIT         ?PR?FD612_START?FD612DRV
            CODE    2BB4H     0011H     UNIT         ?PR?_DECIMAL_BCD?USR
            CODE    2BC5H     0011H     UNIT         ?PR?KEY_FIRST_INTO?USR
            CODE    2BD6H     0010H     UNIT         ?PR?ACTION_REMOVE?USR
            CODE    2BE6H     000EH     UNIT         ?PR?_MDELAYUS?DEBUG
            CODE    2BF4H     000DH     UNIT         ?PR?DS1302_W_ON?DS1302
            CODE    2C01H     000DH     UNIT         ?PR?DS1302_W_OFF?DS1302
            CODE    2C0EH     000AH     UNIT         ?PR?FD612_STOP?FD612DRV
            CODE    2C18H     000AH     UNIT         ?PR?_READ_ADDR_BYTE_DS1302?DS1302
            CODE    2C22H     0009H     UNIT         ?PR?_ADC0_INIT?CONFIG
            CODE    2C2BH     0009H     UNIT         ?PR?MTIMER0INTERRUPT?USR
            CODE    2C34H     0006H     UNIT         ?PR?FD628_DELAY10US?FD612DRV



OVERLAY MAP OF MODULE:   .\Output\pro (?C_STARTUP)


SEGMENT                                       BIT_GROUP          XDATA_GROUP
  +--> CALLED SEGMENT                      START    LENGTH     START    LENGTH
------------------------------------------------------------------------------
?C_C51STARTUP                              -----    -----      -----    -----
  +--> ?PR?MAIN?MAIN
  +--> ?C_INITSEG

?PR?MAIN?MAIN                              -----    -----      -----    -----
  +--> ?PR?CFGFSYS?DEBUG
  +--> ?PR?_MDELAYMS?DEBUG
  +--> ?PR?GPIO_INIT?CONFIG
  +--> ?PR?TIME0_INIT?CONFIG
  +--> ?PR?TIME1_INIT?CONFIG
  +--> ?PR?ALARM_TIME_INIT?USR
  +--> ?PR?_ADC0_INIT?CONFIG
  +--> ?PR?DS1302_INIT?CONFIG
BL51 BANKED LINKER/LOCATER V6.22                                                      07/10/2018  17:33:53  PAGE 4


  +--> ?PR?ADC_CONVERT?USR
  +--> ?PR?FD612_INIT?FD612DRV
  +--> ?PR?DISPLAY_INIT_FIRST?CONFIG
  +--> ?PR?KEY_STATUE?USR
  +--> ?PR?DISPLAY?USR
  +--> ?PR?ALARM_DISPLAY?USR
  +--> ?PR?VOICE_CONTROL?USR
  +--> ?PR?SD_MODE?USR

?PR?_MDELAYMS?DEBUG                        -----    -----      -----    -----
  +--> ?PR?_MDELAYUS?DEBUG

?PR?GPIO_INIT?CONFIG                       -----    -----      -----    -----
  +--> ?PR?_PORT1CFG?CONFIG
  +--> ?PR?_PORT3CFG?CONFIG

?PR?DS1302_INIT?CONFIG                     -----    -----      0163H    0001H
  +--> ?PR?_WRITE_ADDR_BYTE_DS1302?DS1302
  +--> ?PR?_READ_ADDR_BYTE_DS1302?DS1302
  +--> ?PR?INITDS1302?USR

?PR?_WRITE_ADDR_BYTE_DS1302?DS1302         -----    -----      -----    -----
  +--> ?PR?DS1302_W_ON?DS1302
  +--> ?PR?RESETDS1302?DS1302
  +--> ?PR?_WRITEBYTEDS1302?DS1302
  +--> ?PR?DS1302_W_OFF?DS1302

?PR?DS1302_W_ON?DS1302                     -----    -----      -----    -----
  +--> ?PR?RESETDS1302?DS1302
  +--> ?PR?_WRITEBYTEDS1302?DS1302

?PR?DS1302_W_OFF?DS1302                    -----    -----      -----    -----
  +--> ?PR?RESETDS1302?DS1302
  +--> ?PR?_WRITEBYTEDS1302?DS1302

?PR?_READ_ADDR_BYTE_DS1302?DS1302          -----    -----      -----    -----
  +--> ?PR?RESETDS1302?DS1302
  +--> ?PR?_WRITEBYTEDS1302?DS1302
  +--> ?PR?READBYTEDS1302?DS1302

?PR?INITDS1302?USR                         -----    -----      0164H    0007H
  +--> ?PR?_DECIMAL_BCD?USR
  +--> ?PR?DS1302_W_ON?DS1302
  +--> ?PR?RESETDS1302?DS1302
  +--> ?PR?_WRITEBYTEDS1302?DS1302
  +--> ?PR?DS1302_W_OFF?DS1302

?PR?ADC_CONVERT?USR                        -----    -----      0163H    000AH
  +--> ?PR?LOG?LOG

?PR?LOG?LOG                                0020H.0  0000H.1    016DH    0004H

?PR?FD612_INIT?FD612DRV                    -----    -----      -----    -----
  +--> ?PR?_FD612_COMMAND?FD612DRV
  +--> ?PR?FD612_REFRESH?FD612DRV

?PR?_FD612_COMMAND?FD612DRV                -----    -----      -----    -----
BL51 BANKED LINKER/LOCATER V6.22                                                      07/10/2018  17:33:53  PAGE 5


  +--> ?PR?FD612_START?FD612DRV
  +--> ?PR?_FD612_WRBYTE?FD612DRV
  +--> ?PR?FD612_STOP?FD612DRV

?PR?FD612_START?FD612DRV                   -----    -----      -----    -----
  +--> ?PR?FD628_DELAY10US?FD612DRV

?PR?_FD612_WRBYTE?FD612DRV                 -----    -----      -----    -----
  +--> ?PR?FD628_DELAY10US?FD612DRV

?PR?FD612_STOP?FD612DRV                    -----    -----      -----    -----
  +--> ?PR?FD628_DELAY10US?FD612DRV

?PR?FD612_REFRESH?FD612DRV                 -----    -----      -----    -----
  +--> ?PR?_FD612_COMMAND?FD612DRV
  +--> ?PR?FD612_DISPDATAREFRESH?FD612DRV

?PR?FD612_DISPDATAREFRESH?FD612DRV         -----    -----      -----    -----
  +--> ?PR?_FD612_COMMAND?FD612DRV
  +--> ?PR?FD612_START?FD612DRV
  +--> ?PR?_FD612_WRBYTE?FD612DRV
  +--> ?PR?FD612_STOP?FD612DRV

?PR?DISPLAY_INIT_FIRST?CONFIG              -----    -----      -----    -----
  +--> ?PR?_READ_ADDR_BYTE_DS1302?DS1302
  +--> ?PR?FD612_INIT?FD612DRV
  +--> ?PR?FD612_LOOP?FD612DRV
  +--> ?PR?_WRITE_ADDR_BYTE_DS1302?DS1302

?PR?FD612_LOOP?FD612DRV                    -----    -----      0163H    0001H
  +--> ?PR?_FD612_POTIVETNAGE?FD612DRV
  +--> ?PR?FD612_REFRESH?FD612DRV
  +--> ?PR?_MDELAYMS?DEBUG

?PR?_FD612_POTIVETNAGE?FD612DRV            -----    -----      016DH    0004H

?PR?KEY_STATUE?USR                         -----    -----      -----    -----
  +--> ?PR?FROM_DS1302_READ_TIME_DATA?USR
  +--> ?PR?TIME0_SETUP?USR
  +--> ?PR?POINT_BLINK?USR
  +--> ?PR?DISPLAY_12_24_BLINK?USR
  +--> ?PR?UI_MON_DISPLAY?USR
  +--> ?PR?_ALL_BLINK?USR
  +--> ?PR?_YEAR_BLINK?USR
  +--> ?PR?ALARM_LONG_BLINK?USR
  +--> ?PR?KEY_DISLPAY_UP_DOWN?USR
  +--> ?PR?_HOUR_LONG_UP_DOWN?USR
  +--> ?PR?_MIN_LONG_UP_DOWN?USR
  +--> ?PR?_MDAY_LONG_UP_DOWN?USR
  +--> ?PR?_MON_LONG_UP_DOWN?USR
  +--> ?PR?_YEAR_LONG_UP_DOWN?USR
  +--> ?PR?_ALARM_HOUR_UP_DOWN2?USR
  +--> ?PR?_ALARM_MIN_UP_DOWN2?USR
  +--> ?PR?ADC_SWITCH?USR
  +--> ?PR?_KEY_OFF_ALARM_CLOCK?USR

?PR?FROM_DS1302_READ_TIME_DATA?USR         -----    -----      -----    -----
BL51 BANKED LINKER/LOCATER V6.22                                                      07/10/2018  17:33:53  PAGE 6


  +--> ?PR?RESETDS1302?DS1302
  +--> ?PR?_WRITEBYTEDS1302?DS1302
  +--> ?PR?READBYTEDS1302?DS1302
  +--> ?PR?_BCD_DECIMAL?USR

?PR?TIME0_SETUP?USR                        -----    -----      -----    -----
  +--> ?PR?_MDELAYMS?DEBUG

?PR?POINT_BLINK?USR                        -----    -----      -----    -----
  +--> ?PR?_FD612_POTIVETNAGE?FD612DRV
  +--> ?PR?FD612_REFRESH?FD612DRV

?PR?DISPLAY_12_24_BLINK?USR                -----    -----      -----    -----
  +--> ?PR?_FD612_DISPLAY_2DIG_INPUT?USR
  +--> ?PR?_FD612_DISPLAY_4DIG_INPUT?USR

?PR?_FD612_DISPLAY_2DIG_INPUT?USR          -----    -----      016AH    0003H
  +--> ?PR?_FD612_POTIVETNAGE?FD612DRV
  +--> ?PR?PM_12_24_ALARM_DISPLAY?USR

?PR?PM_12_24_ALARM_DISPLAY?USR             -----    -----      -----    -----
  +--> ?PR?FD612_REFRESH?FD612DRV

?PR?_FD612_DISPLAY_4DIG_INPUT?USR          -----    -----      0167H    0004H
  +--> ?PR?_FD612_POTIVETNAGE?FD612DRV
  +--> ?PR?PM_12_24_ALARM_DISPLAY?USR
  +--> ?PR?FD612_REFRESH?FD612DRV

?PR?UI_MON_DISPLAY?USR                     -----    -----      -----    -----
  +--> ?PR?_FD612_POTIVETNAGE?FD612DRV
  +--> ?PR?PM_12_24_ALARM_DISPLAY?USR
  +--> ?PR?_FD612_DISPLAY_2DIG_INPUT?USR

?PR?_ALL_BLINK?USR                         -----    -----      0167H    0003H
  +--> ?PR?_FD612_DISPLAY_2DIG_INPUT?USR

?PR?_YEAR_BLINK?USR                        -----    -----      0163H    0001H
  +--> ?PR?_FD612_DISPLAY_4DIG_INPUT?USR

?PR?ALARM_LONG_BLINK?USR                   -----    -----      0163H    0005H
  +--> ?PR?_FD612_DISPLAY_2DIG_INPUT?USR

?PR?KEY_DISLPAY_UP_DOWN?USR                -----    -----      -----    -----
  +--> ?PR?_FD612_DISPLAY_2DIG_INPUT?USR
  +--> ?PR?UI_MON_DISPLAY?USR
  +--> ?PR?_FD612_DISPLAY_4DIG_INPUT?USR
  +--> ?PR?ALARM_HOUR_DISPLAY?USR
  +--> ?PR?ALARM_MIN_DISPLAY?USR

?PR?ALARM_HOUR_DISPLAY?USR                 -----    -----      0163H    0005H
  +--> ?PR?_FD612_DISPLAY_2DIG_INPUT?USR

?PR?ALARM_MIN_DISPLAY?USR                  -----    -----      0163H    0005H
  +--> ?PR?_FD612_DISPLAY_2DIG_INPUT?USR

?PR?_HOUR_LONG_UP_DOWN?USR                 -----    -----      0163H    0001H
  +--> ?PR?_READ_ADDR_BYTE_DS1302?DS1302
BL51 BANKED LINKER/LOCATER V6.22                                                      07/10/2018  17:33:53  PAGE 7


  +--> ?PR?_BCD_DECIMAL?USR
  +--> ?PR?_HOUR_OVER_JUDGE?USR
  +--> ?PR?_FD612_DISPLAY_2DIG_INPUT?USR
  +--> ?PR?_MDELAYMS?DEBUG

?PR?_HOUR_OVER_JUDGE?USR                   -----    -----      0164H    0001H
  +--> ?PR?AFTER_ARRIVE_WRITE_1302?USR
  +--> ?PR?_DECIMAL_BCD?USR
  +--> ?PR?_WRITE_ADDR_BYTE_DS1302?DS1302

?PR?AFTER_ARRIVE_WRITE_1302?USR            -----    -----      -----    -----
  +--> ?PR?_READ_ADDR_BYTE_DS1302?DS1302
  +--> ?PR?_WRITE_ADDR_BYTE_DS1302?DS1302

?PR?_MIN_LONG_UP_DOWN?USR                  -----    -----      0163H    0001H
  +--> ?PR?_READ_ADDR_BYTE_DS1302?DS1302
  +--> ?PR?_BCD_DECIMAL?USR
  +--> ?PR?_FD612_DISPLAY_2DIG_INPUT?USR
  +--> ?PR?_DECIMAL_BCD?USR
  +--> ?PR?_WRITE_ADDR_BYTE_DS1302?DS1302
  +--> ?PR?_MDELAYMS?DEBUG

?PR?_MDAY_LONG_UP_DOWN?USR                 -----    -----      0163H    0001H
  +--> ?PR?_READ_ADDR_BYTE_DS1302?DS1302
  +--> ?PR?_BCD_DECIMAL?USR
  +--> ?PR?MON_OVER_JUDGE?USR
  +--> ?PR?_FD612_DISPLAY_2DIG_INPUT?USR
  +--> ?PR?_DECIMAL_BCD?USR
  +--> ?PR?_WRITE_ADDR_BYTE_DS1302?DS1302
  +--> ?PR?_MDELAYMS?DEBUG

?PR?MON_OVER_JUDGE?USR                     -----    -----      -----    -----
  +--> ?PR?_LEEP_YEAR?USR

?PR?_MON_LONG_UP_DOWN?USR                  -----    -----      0163H    0001H
  +--> ?PR?_READ_ADDR_BYTE_DS1302?DS1302
  +--> ?PR?_BCD_DECIMAL?USR
  +--> ?PR?MDAY_OVER_JUDGE?USR
  +--> ?PR?UI_MON_DISPLAY?USR
  +--> ?PR?_DECIMAL_BCD?USR
  +--> ?PR?_WRITE_ADDR_BYTE_DS1302?DS1302
  +--> ?PR?_MDELAYMS?DEBUG

?PR?MDAY_OVER_JUDGE?USR                    -----    -----      -----    -----
  +--> ?PR?_DECIMAL_BCD?USR
  +--> ?PR?_WRITE_ADDR_BYTE_DS1302?DS1302

?PR?_YEAR_LONG_UP_DOWN?USR                 -----    -----      0163H    0001H
  +--> ?PR?_READ_ADDR_BYTE_DS1302?DS1302
  +--> ?PR?_BCD_DECIMAL?USR
  +--> ?PR?_FD612_DISPLAY_4DIG_INPUT?USR
  +--> ?PR?_DECIMAL_BCD?USR
  +--> ?PR?_WRITE_ADDR_BYTE_DS1302?DS1302
  +--> ?PR?_MDELAYMS?DEBUG

?PR?_ALARM_HOUR_UP_DOWN2?USR               -----    -----      0167H    0001H
  +--> ?PR?_FD612_DISPLAY_2DIG_INPUT?USR
BL51 BANKED LINKER/LOCATER V6.22                                                      07/10/2018  17:33:53  PAGE 8


  +--> ?PR?_MDELAYMS?DEBUG

?PR?_ALARM_MIN_UP_DOWN2?USR                -----    -----      0167H    0001H
  +--> ?PR?_FD612_DISPLAY_2DIG_INPUT?USR
  +--> ?PR?_MDELAYMS?DEBUG

?PR?ADC_SWITCH?USR                         -----    -----      -----    -----
  +--> ?PR?_FD612_POTIVETNAGE?FD612DRV
  +--> ?PR?FD612_REFRESH?FD612DRV

?PR?DISPLAY?USR                            -----    -----      -----    -----
  +--> ?PR?TEMPER_DISPLAY?USR
  +--> ?PR?FROM_DS1302_READ_TIME_DATA?USR
  +--> ?PR?POINT_BLINK?USR
  +--> ?PR?KEY_FIRST_INTO?USR
  +--> ?PR?DISPLAY_12_24_BLINK?USR
  +--> ?PR?KEY_12AND24_SWITCH?USR
  +--> ?PR?_FD612_DISPLAY_2DIG_INPUT?USR
  +--> ?PR?_ALL_BLINK?USR
  +--> ?PR?_HOUR_OVER_JUDGE?USR
  +--> ?PR?_WRITE_ADDR_BYTE_DS1302?DS1302
  +--> ?PR?_DECIMAL_BCD?USR
  +--> ?PR?TIMEOUT_EXIT?USR
  +--> ?PR?UI_MON_DISPLAY?USR
  +--> ?PR?MON_OVER_JUDGE?USR
  +--> ?PR?MDAY_OVER_JUDGE?USR
  +--> ?PR?_YEAR_BLINK?USR
  +--> ?PR?_FD612_DISPLAY_4DIG_INPUT?USR
  +--> ?PR?ACTION_REMOVE?USR
  +--> ?PR?_ALARM_SET_DISPLAY?USR

?PR?TEMPER_DISPLAY?USR                     -----    -----      -----    -----
  +--> ?PR?ADC_CONVERT?USR
  +--> ?PR?ADC_SWITCH?USR

?PR?KEY_12AND24_SWITCH?USR                 -----    -----      -----    -----
  +--> ?PR?_HOUR_CHAGE_INPUT?USR
  +--> ?PR?_ALARM_12SWITCH24?USR
  +--> ?PR?_ALARM_24SWITCH12?USR

?PR?_HOUR_CHAGE_INPUT?USR                  -----    -----      0163H    0001H
  +--> ?PR?_READ_ADDR_BYTE_DS1302?DS1302
  +--> ?PR?_BCD_DECIMAL?USR
  +--> ?PR?_DECIMAL_BCD?USR
  +--> ?PR?_WRITE_ADDR_BYTE_DS1302?DS1302

?PR?_ALARM_SET_DISPLAY?USR                 -----    -----      0163H    0004H
  +--> ?PR?KEY_FIRST_INTO?USR
  +--> ?PR?_FD612_DISPLAY_2DIG_INPUT?USR
  +--> ?PR?_ALL_BLINK?USR
  +--> ?PR?_ALARM_HOUR_UP_DOWN2?USR
  +--> ?PR?_ALARM_MIN_UP_DOWN2?USR
  +--> ?PR?_FD612_DISPLAY_4DIG_INPUT?USR
  +--> ?PR?TIMEOUT_EXIT?USR

?PR?ALARM_DISPLAY?USR                      -----    -----      -----    -----
  +--> ?PR?_ALARM_SLEEP_JUDGE?USR
BL51 BANKED LINKER/LOCATER V6.22                                                      07/10/2018  17:33:53  PAGE 9



?PR?_ALARM_SLEEP_JUDGE?USR                 -----    -----      0163H    0003H

?PR?VOICE_CONTROL?USR                      -----    -----      -----    -----
  +--> ?PR?_FD612_COMMAND?FD612DRV
  +--> ?PR?FD612_REFRESH?FD612DRV
  +--> ?PR?_MDELAYUS?DEBUG

?PR?SD_MODE?USR                            -----    -----      -----    -----
  +--> ?PR?_FD612_DISPLAY_4DIG_INPUT?USR



SYMBOL TABLE OF MODULE:  .\Output\pro (?C_STARTUP)

  VALUE           TYPE          NAME
  ----------------------------------

  -------         MODULE        ?C_STARTUP
  C:1F0EH         SEGMENT       ?C_C51STARTUP
  I:0021H         SEGMENT       ?STACK
  C:0000H         PUBLIC        ?C_STARTUP
  D:00E0H         SYMBOL        ACC
  D:00F0H         SYMBOL        B
  D:0083H         SYMBOL        DPH
  D:0082H         SYMBOL        DPL
  N:0000H         SYMBOL        IBPSTACK
  N:0100H         SYMBOL        IBPSTACKTOP
  N:0080H         SYMBOL        IDATALEN
  C:1F11H         SYMBOL        IDATALOOP
  N:0000H         SYMBOL        PBPSTACK
  N:0100H         SYMBOL        PBPSTACKTOP
  N:0000H         SYMBOL        PDATALEN
  N:0000H         SYMBOL        PDATASTART
  N:0000H         SYMBOL        PPAGE
  N:0000H         SYMBOL        PPAGEENABLE
  D:00A0H         SYMBOL        PPAGE_SFR
  D:0081H         SYMBOL        SP
  C:1F0EH         SYMBOL        STARTUP1
  N:0000H         SYMBOL        XBPSTACK
  N:0000H         SYMBOL        XBPSTACKTOP
  N:0000H         SYMBOL        XDATALEN
  N:0000H         SYMBOL        XDATASTART
  C:0000H         LINE#         126
  C:1F0EH         LINE#         133
  C:1F10H         LINE#         134
  C:1F11H         LINE#         135
  C:1F12H         LINE#         136
  C:1F14H         LINE#         185
  C:1F17H         LINE#         196
  -------         ENDMOD        ?C_STARTUP

  -------         MODULE        FD612DRV
  C:0000H         SYMBOL        _ICE_DUMMY_
  D:0090H         PUBLIC        P1
  D:00B0H         PUBLIC        P3
  D:00E8H         PUBLIC        IE_EX
BL51 BANKED LINKER/LOCATER V6.22                                                      07/10/2018  17:33:53  PAGE 10


  D:00A8H         PUBLIC        IE
  X:0000H         PUBLIC        FD612_PotiveTNage_Bitmap
  C:2BA3H         SYMBOL        FD612_Start
  D:00B8H         PUBLIC        IP
  C:29D9H         PUBLIC        FD612_Init
  X:00C0H         PUBLIC        FD612_DispBuff
  D:00D8H         PUBLIC        USB_INT_FG
  B:00B0H.4       PUBLIC        buzzer
  C:2C0EH         SYMBOL        FD612_Stop
  D:0098H         PUBLIC        SCON
  D:0088H         PUBLIC        TCON
  D:00F8H         PUBLIC        SPI0_STAT
  C:1BCAH         PUBLIC        FD612_loop
  C:000EH         PUBLIC        _FD612_Command
  C:2C34H         SYMBOL        FD628_Delay10us
  C:195EH         PUBLIC        _FD612_PotiveTNage
  B:0088H.4       PUBLIC        TR0
  C:2B6CH         PUBLIC        FD612_Refresh
  B:00B0H.1       PUBLIC        FD612_CLK
  D:0080H         PUBLIC        ADC_CTRL
  B:00B0H.0       PUBLIC        FD612_DIO
  C:2844H         PUBLIC        _FD612_WrByte
  D:00C0H         PUBLIC        SCON1
  D:00C8H         PUBLIC        T2CON
  C:2A2AH         PUBLIC        FD612_DispDataRefresh
  X:00CEH         PUBLIC        DISP_TAB
  D:00D0H         PUBLIC        PSW
  -------         PROC          FD628_DELAY10US
  -------         DO            
  D:0007H         SYMBOL        i
  -------         ENDDO         
  C:2C34H         LINE#         20
  C:2C34H         LINE#         21
  C:2C34H         LINE#         24
  C:2C35H         LINE#         25
  C:2C37H         LINE#         26
  C:2C39H         LINE#         27
  -------         ENDPROC       FD628_DELAY10US
  -------         PROC          FD612_START
  C:2BA3H         LINE#         54
  C:2BA3H         LINE#         55
  C:2BA3H         LINE#         56
  C:2BA5H         LINE#         57
  C:2BA7H         LINE#         60
  C:2BAAH         LINE#         61
  C:2BACH         LINE#         62
  C:2BAFH         LINE#         63
  C:2BB1H         LINE#         64
  -------         ENDPROC       FD612_START
  -------         PROC          FD612_STOP
  C:2C0EH         LINE#         73
  C:2C0EH         LINE#         74
  C:2C0EH         LINE#         75
  C:2C10H         LINE#         76
  C:2C12H         LINE#         78
  C:2C15H         LINE#         79
  C:2C17H         LINE#         81
BL51 BANKED LINKER/LOCATER V6.22                                                      07/10/2018  17:33:53  PAGE 11


  -------         ENDPROC       FD612_STOP
  -------         PROC          _FD612_WRBYTE
  D:0006H         SYMBOL        dat
  -------         DO            
  D:0003H         SYMBOL        i
  D:0004H         SYMBOL        ACKTemp
  -------         ENDDO         
  C:2844H         LINE#         90
  C:2846H         LINE#         91
  C:2846H         LINE#         93
  C:2849H         LINE#         95
  C:284AH         LINE#         96
  C:284AH         LINE#         97
  C:284EH         LINE#         98
  C:284EH         LINE#         99
  C:2850H         LINE#         100
  C:2852H         LINE#         102
  C:2852H         LINE#         103
  C:2854H         LINE#         104
  C:2854H         LINE#         105
  C:2856H         LINE#         106
  C:285AH         LINE#         107
  C:285DH         LINE#         108
  C:285FH         LINE#         109
  C:2862H         LINE#         110
  C:2867H         LINE#         112
  C:2869H         LINE#         114
  C:286BH         LINE#         115
  C:2873H         LINE#         116
  C:2877H         LINE#         117
  C:287AH         LINE#         118
  C:287CH         LINE#         119
  C:287FH         LINE#         120
  C:2883H         LINE#         121
  -------         ENDPROC       _FD612_WRBYTE
  -------         PROC          _FD612_COMMAND
  D:0006H         SYMBOL        CMD
  C:000EH         LINE#         269
  C:0010H         LINE#         270
  C:0010H         LINE#         271
  C:0013H         LINE#         272
  C:0018H         LINE#         273
  -------         ENDPROC       _FD612_COMMAND
  -------         PROC          FD612_DISPDATAREFRESH
  -------         DO            
  D:0002H         SYMBOL        i
  -------         ENDDO         
  C:2A2AH         LINE#         281
  C:2A2AH         LINE#         282
  C:2A2AH         LINE#         284
  C:2A2FH         LINE#         285
  C:2A32H         LINE#         286
  C:2A37H         LINE#         287
  C:2A39H         LINE#         288
  C:2A4DH         LINE#         289
  -------         ENDPROC       FD612_DISPDATAREFRESH
  -------         PROC          FD612_REFRESH
BL51 BANKED LINKER/LOCATER V6.22                                                      07/10/2018  17:33:53  PAGE 12


  C:2B6CH         LINE#         298
  C:2B6CH         LINE#         299
  C:2B6CH         LINE#         300
  C:2B74H         LINE#         301
  C:2B77H         LINE#         302
  -------         ENDPROC       FD612_REFRESH
  -------         PROC          _FD612_POTIVETNAGE
  X:016DH         SYMBOL        Addr
  X:016EH         SYMBOL        Dat
  -------         DO            
  X:016FH         SYMBOL        i
  X:0170H         SYMBOL        j
  -------         ENDDO         
  C:195EH         LINE#         401
  C:1966H         LINE#         403
  C:1976H         LINE#         404
  C:1993H         LINE#         405
  C:1993H         LINE#         406
  C:19B9H         LINE#         407
  C:19E0H         LINE#         408
  C:19E2H         LINE#         410
  C:1A31H         LINE#         411
  C:1A3AH         LINE#         412
  -------         ENDPROC       _FD612_POTIVETNAGE
  -------         PROC          FD612_INIT
  -------         DO            
  D:0007H         SYMBOL        i
  -------         ENDDO         
  C:29D9H         LINE#         531
  C:29D9H         LINE#         532
  C:29D9H         LINE#         534
  C:29E2H         LINE#         535
  C:29E4H         LINE#         536
  C:29F0H         LINE#         537
  C:29F5H         LINE#         539
  C:29FFH         LINE#         540
  -------         ENDPROC       FD612_INIT
  -------         PROC          FD612_LOOP
  -------         DO            
  X:0163H         SYMBOL        i
  -------         ENDDO         
  C:1BCAH         LINE#         545
  C:1BCAH         LINE#         546
  C:1BCAH         LINE#         548
  C:1BDCH         LINE#         549
  C:1BDCH         LINE#         550
  C:1BEDH         LINE#         551
  C:1C01H         LINE#         552
  C:1C15H         LINE#         553
  C:1C29H         LINE#         554
  C:1C3DH         LINE#         555
  C:1C51H         LINE#         556
  C:1C65H         LINE#         557
  C:1C68H         LINE#         558
  C:1C6FH         LINE#         559
  C:1C78H         LINE#         560
  C:1C7AH         LINE#         561
BL51 BANKED LINKER/LOCATER V6.22                                                      07/10/2018  17:33:53  PAGE 13


  C:1C81H         LINE#         562
  C:1C83H         LINE#         563
  C:1C85H         LINE#         564
  -------         ENDPROC       FD612_LOOP
  -------         ENDMOD        FD612DRV

  -------         MODULE        DEBUG
  C:0000H         SYMBOL        _ICE_DUMMY_
  D:0090H         PUBLIC        P1
  D:00B0H         PUBLIC        P3
  D:00E8H         PUBLIC        IE_EX
  D:00A8H         PUBLIC        IE
  D:00B8H         PUBLIC        IP
  D:00B9H         PUBLIC        CLOCK_CFG
  C:2B40H         PUBLIC        _mDelaymS
  D:00D8H         PUBLIC        USB_INT_FG
  C:2BE6H         PUBLIC        _mDelayuS
  D:0098H         PUBLIC        SCON
  D:0088H         PUBLIC        TCON
  C:2B7FH         PUBLIC        CfgFsys
  D:00F8H         PUBLIC        SPI0_STAT
  D:0080H         PUBLIC        ADC_CTRL
  D:00A1H         PUBLIC        SAFE_MOD
  D:00C0H         PUBLIC        SCON1
  D:00C8H         PUBLIC        T2CON
  D:00D0H         PUBLIC        PSW
  -------         PROC          CFGFSYS
  C:2B7FH         LINE#         25
  C:2B7FH         LINE#         26
  C:2B7FH         LINE#         31
  C:2B82H         LINE#         32
  C:2B85H         LINE#         36
  C:2B8DH         LINE#         41
  C:2B90H         LINE#         42
  -------         ENDPROC       CFGFSYS
  -------         PROC          _MDELAYUS
  D:0006H         SYMBOL        n
  C:2BE6H         LINE#         51
  C:2BE6H         LINE#         52
  C:2BE6H         LINE#         64
  C:2BEAH         LINE#         65
  C:2BECH         LINE#         98
  C:2BF1H         LINE#         99
  C:2BF3H         LINE#         100
  -------         ENDPROC       _MDELAYUS
  -------         PROC          _MDELAYMS
  D:0004H         SYMBOL        n
  C:2B40H         LINE#         109
  C:2B44H         LINE#         110
  C:2B44H         LINE#         111
  C:2B48H         LINE#         116
  C:2B4FH         LINE#         118
  C:2B54H         LINE#         119
  C:2B56H         LINE#         120
  -------         ENDPROC       _MDELAYMS
  -------         ENDMOD        DEBUG

BL51 BANKED LINKER/LOCATER V6.22                                                      07/10/2018  17:33:53  PAGE 14


  -------         MODULE        CONFIG
  C:0000H         SYMBOL        _ICE_DUMMY_
  D:0090H         PUBLIC        P1
  D:00B0H         PUBLIC        P3
  B:00A8H.7       PUBLIC        EA
  D:00E8H         PUBLIC        IE_EX
  D:00A8H         PUBLIC        IE
  C:2C22H         PUBLIC        _ADC0_INIT
  D:00B8H         PUBLIC        IP
  C:2B10H         PUBLIC        display_init_first
  D:00D8H         PUBLIC        USB_INT_FG
  B:00B0H.4       PUBLIC        buzzer
  D:0098H         PUBLIC        SCON
  D:0089H         PUBLIC        TMOD
  D:0088H         PUBLIC        TCON
  D:0092H         PUBLIC        P1_MOD_OC
  D:0096H         PUBLIC        P3_MOD_OC
  D:00F8H         PUBLIC        SPI0_STAT
  D:0093H         PUBLIC        P1_DIR_PU
  C:26DEH         PUBLIC        gpio_init
  D:0097H         PUBLIC        P3_DIR_PU
  B:00A8H.1       PUBLIC        ET0
  B:00A8H.3       PUBLIC        ET1
  D:008CH         PUBLIC        TH0
  D:008DH         PUBLIC        TH1
  D:008AH         PUBLIC        TL0
  D:008BH         PUBLIC        TL1
  B:0088H.6       PUBLIC        TR1
  D:0080H         PUBLIC        ADC_CTRL
  D:00C0H         PUBLIC        SCON1
  D:00C9H         PUBLIC        T2MOD
  D:00C8H         PUBLIC        T2CON
  C:259BH         PUBLIC        _Port1Cfg
  C:25F0H         PUBLIC        _Port3Cfg
  C:2774H         PUBLIC        DS1302_INIT
  D:00C6H         PUBLIC        PIN_FUNC
  C:2AF6H         PUBLIC        time0_init
  C:2ADAH         PUBLIC        time1_init
  D:009AH         PUBLIC        ADC_CFG
  D:00D0H         PUBLIC        PSW
  -------         PROC          GPIO_INIT
  C:26DEH         LINE#         6
  C:26DEH         LINE#         7
  C:26E1H         LINE#         9
  C:26E8H         LINE#         10
  C:26EFH         LINE#         11
  C:26F6H         LINE#         13
  C:26FDH         LINE#         14
  C:2704H         LINE#         16
  C:270BH         LINE#         18
  C:2712H         LINE#         19
  C:2714H         LINE#         21
  C:271BH         LINE#         22
  C:2722H         LINE#         23
  -------         ENDPROC       GPIO_INIT
  -------         PROC          _ADC0_INIT
  D:0007H         SYMBOL        div
BL51 BANKED LINKER/LOCATER V6.22                                                      07/10/2018  17:33:53  PAGE 15


  C:2C22H         LINE#         27
  C:2C22H         LINE#         28
  C:2C27H         LINE#         29
  C:2C2AH         LINE#         36
  -------         ENDPROC       _ADC0_INIT
  -------         PROC          DS1302_INIT
  -------         DO            
  X:0163H         SYMBOL        ds1320_state
  D:0007H         SYMBOL        rom_value
  -------         ENDDO         
  C:2774H         LINE#         38
  C:2774H         LINE#         39
  C:2774H         LINE#         40
  C:2779H         LINE#         41
  C:2780H         LINE#         42
  C:2785H         LINE#         43
  C:278AH         LINE#         44
  C:278AH         LINE#         45
  C:278DH         LINE#         46
  C:2794H         LINE#         49
  C:2794H         LINE#         57
  C:279EH         LINE#         59
  C:27A1H         LINE#         60
  C:27A1H         LINE#         61
  C:27A7H         LINE#         62
  C:27A7H         LINE#         63
  C:27AEH         LINE#         64
  C:27AEH         LINE#         65
  C:27B5H         LINE#         66
  C:27BBH         LINE#         67
  C:27BBH         LINE#         68
  -------         ENDPROC       DS1302_INIT
  -------         PROC          TIME0_INIT
  C:2AF6H         LINE#         69
  C:2AF6H         LINE#         70
  C:2AF9H         LINE#         71
  C:2AFCH         LINE#         73
  C:2AFFH         LINE#         74
  C:2B02H         LINE#         75
  C:2B05H         LINE#         78
  C:2B08H         LINE#         79
  C:2B0BH         LINE#         81
  C:2B0DH         LINE#         82
  C:2B0FH         LINE#         84
  -------         ENDPROC       TIME0_INIT
  -------         PROC          TIME1_INIT
  C:2ADAH         LINE#         86
  C:2ADAH         LINE#         87
  C:2ADDH         LINE#         88
  C:2AE0H         LINE#         90
  C:2AE3H         LINE#         91
  C:2AE6H         LINE#         92
  C:2AE9H         LINE#         93
  C:2AECH         LINE#         94
  C:2AEFH         LINE#         95
  C:2AF1H         LINE#         96
  C:2AF3H         LINE#         97
BL51 BANKED LINKER/LOCATER V6.22                                                      07/10/2018  17:33:53  PAGE 16


  C:2AF5H         LINE#         98
  -------         ENDPROC       TIME1_INIT
  -------         PROC          _PORT1CFG
  D:0007H         SYMBOL        Mode
  D:0005H         SYMBOL        Pin
  C:259BH         LINE#         136
  C:259BH         LINE#         137
  C:259BH         LINE#         138
  C:25A9H         LINE#         139
  C:25A9H         LINE#         140
  C:25B7H         LINE#         141
  C:25B9H         LINE#         142
  C:25BAH         LINE#         143
  C:25BAH         LINE#         144
  C:25C9H         LINE#         145
  C:25C9H         LINE#         146
  C:25CBH         LINE#         147
  C:25CBH         LINE#         148
  C:25D9H         LINE#         149
  C:25DDH         LINE#         150
  C:25DEH         LINE#         151
  C:25DEH         LINE#         152
  C:25ECH         LINE#         153
  C:25EFH         LINE#         154
  C:25EFH         LINE#         155
  C:25EFH         LINE#         156
  C:25EFH         LINE#         157
  C:25EFH         LINE#         158
  -------         ENDPROC       _PORT1CFG
  -------         PROC          _PORT3CFG
  D:0007H         SYMBOL        Mode
  D:0005H         SYMBOL        Pin
  C:25F0H         LINE#         172
  C:25F0H         LINE#         173
  C:25F0H         LINE#         174
  C:25FEH         LINE#         175
  C:25FEH         LINE#         176
  C:260CH         LINE#         177
  C:260EH         LINE#         178
  C:260FH         LINE#         179
  C:260FH         LINE#         180
  C:261EH         LINE#         181
  C:261EH         LINE#         182
  C:2620H         LINE#         183
  C:2620H         LINE#         184
  C:262EH         LINE#         185
  C:2632H         LINE#         186
  C:2633H         LINE#         187
  C:2633H         LINE#         188
  C:2641H         LINE#         189
  C:2644H         LINE#         190
  C:2644H         LINE#         191
  C:2644H         LINE#         192
  C:2644H         LINE#         193
  C:2644H         LINE#         194
  -------         ENDPROC       _PORT3CFG
  -------         PROC          DISPLAY_INIT_FIRST
BL51 BANKED LINKER/LOCATER V6.22                                                      07/10/2018  17:33:53  PAGE 17


  -------         DO            
  D:0007H         SYMBOL        rom2_value
  -------         ENDDO         
  C:2B10H         LINE#         197
  C:2B10H         LINE#         198
  C:2B10H         LINE#         200
  C:2B15H         LINE#         202
  C:2B1AH         LINE#         203
  C:2B1AH         LINE#         205
  C:2B1DH         LINE#         206
  C:2B20H         LINE#         207
  C:2B27H         LINE#         209
  C:2B27H         LINE#         210
  -------         ENDPROC       DISPLAY_INIT_FIRST
  -------         ENDMOD        CONFIG

  -------         MODULE        DS1302
  C:0000H         SYMBOL        _ICE_DUMMY_
  D:0090H         PUBLIC        P1
  D:00B0H         PUBLIC        P3
  C:2B28H         PUBLIC        _WriteByteDS1302
  D:00E8H         PUBLIC        IE_EX
  D:00A8H         PUBLIC        IE
  C:2C18H         PUBLIC        _Read_addr_byte_ds1302
  C:2C01H         PUBLIC        ds1302_w_off
  D:00B8H         PUBLIC        IP
  C:2B57H         PUBLIC        _Write_addr_byte_ds1302
  D:00D8H         PUBLIC        USB_INT_FG
  B:0090H.4       PUBLIC        SCLK
  D:0098H         PUBLIC        SCON
  C:2BF4H         PUBLIC        ds1302_w_on
  D:0088H         PUBLIC        TCON
  D:00F8H         PUBLIC        SPI0_STAT
  B:0090H.6       PUBLIC        RSTB
  D:0080H         PUBLIC        ADC_CTRL
  C:0003H         PUBLIC        ResetDS1302
  D:00C0H         PUBLIC        SCON1
  D:00C8H         PUBLIC        T2CON
  C:2ABBH         PUBLIC        ReadByteDS1302
  B:0090H.5       PUBLIC        I_O
  D:00D0H         PUBLIC        PSW
  -------         PROC          RESETDS1302
  C:0003H         LINE#         5
  C:0003H         LINE#         6
  C:0003H         LINE#         7
  C:0005H         LINE#         8
  C:0007H         LINE#         9
  C:0009H         LINE#         10
  -------         ENDPROC       RESETDS1302
  -------         PROC          READBYTEDS1302
  -------         DO            
  D:0006H         SYMBOL        i
  D:0007H         SYMBOL        RByte
  D:0005H         SYMBOL        TempByte
  -------         ENDDO         
  C:2ABBH         LINE#         15
  C:2ABBH         LINE#         16
BL51 BANKED LINKER/LOCATER V6.22                                                      07/10/2018  17:33:53  PAGE 18


  C:2ABBH         LINE#         21
  C:2ABDH         LINE#         22
  C:2ABFH         LINE#         23
  C:2AC0H         LINE#         24
  C:2AC0H         LINE#         25
  C:2AC2H         LINE#         26
  C:2AC4H         LINE#         27
  C:2AC8H         LINE#         28
  C:2ACFH         LINE#         29
  C:2AD2H         LINE#         30
  C:2AD4H         LINE#         31
  C:2AD9H         LINE#         32
  C:2AD9H         LINE#         33
  -------         ENDPROC       READBYTEDS1302
  -------         PROC          _WRITEBYTEDS1302
  D:0007H         SYMBOL        W_Byte
  -------         DO            
  D:0006H         SYMBOL        i
  -------         ENDDO         
  C:2B28H         LINE#         35
  C:2B28H         LINE#         36
  C:2B28H         LINE#         38
  C:2B2AH         LINE#         39
  C:2B2CH         LINE#         40
  C:2B2EH         LINE#         41
  C:2B34H         LINE#         42
  C:2B36H         LINE#         43
  C:2B3AH         LINE#         44
  C:2B3FH         LINE#         45
  -------         ENDPROC       _WRITEBYTEDS1302
  -------         PROC          DS1302_W_ON
  C:2BF4H         LINE#         48
  C:2BF4H         LINE#         49
  C:2BF4H         LINE#         50
  C:2BF7H         LINE#         51
  C:2BFCH         LINE#         52
  -------         ENDPROC       DS1302_W_ON
  -------         PROC          DS1302_W_OFF
  C:2C01H         LINE#         55
  C:2C01H         LINE#         56
  C:2C01H         LINE#         57
  C:2C04H         LINE#         58
  C:2C09H         LINE#         59
  -------         ENDPROC       DS1302_W_OFF
  -------         PROC          _READ_ADDR_BYTE_DS1302
  D:0007H         SYMBOL        addr
  C:2C18H         LINE#         62
  C:2C18H         LINE#         63
  C:2C18H         LINE#         64
  C:2C1BH         LINE#         65
  C:2C1EH         LINE#         66
  C:2C21H         LINE#         67
  -------         ENDPROC       _READ_ADDR_BYTE_DS1302
  -------         PROC          _WRITE_ADDR_BYTE_DS1302
  D:0004H         SYMBOL        addr
  D:0005H         SYMBOL        DATA
  C:2B57H         LINE#         69
BL51 BANKED LINKER/LOCATER V6.22                                                      07/10/2018  17:33:53  PAGE 19


  C:2B59H         LINE#         70
  C:2B59H         LINE#         71
  C:2B5CH         LINE#         72
  C:2B5FH         LINE#         73
  C:2B64H         LINE#         74
  C:2B69H         LINE#         75
  -------         ENDPROC       _WRITE_ADDR_BYTE_DS1302
  -------         ENDMOD        DS1302

  -------         MODULE        MAIN
  C:0000H         SYMBOL        _ICE_DUMMY_
  D:0090H         PUBLIC        P1
  D:00B0H         PUBLIC        P3
  D:00E8H         PUBLIC        IE_EX
  D:00A8H         PUBLIC        IE
  D:00B8H         PUBLIC        IP
  D:00D8H         PUBLIC        USB_INT_FG
  C:27BCH         PUBLIC        main
  D:0098H         PUBLIC        SCON
  D:0088H         PUBLIC        TCON
  D:00F8H         PUBLIC        SPI0_STAT
  D:0080H         PUBLIC        ADC_CTRL
  D:00C0H         PUBLIC        SCON1
  D:00C8H         PUBLIC        T2CON
  D:00D0H         PUBLIC        PSW
  -------         PROC          MAIN
  C:27BCH         LINE#         22
  C:27BCH         LINE#         23
  C:27BCH         LINE#         25
  C:27BFH         LINE#         26
  C:27C6H         LINE#         27
  C:27C9H         LINE#         28
  C:27CCH         LINE#         29
  C:27CFH         LINE#         30
  C:27D2H         LINE#         31
  C:27D7H         LINE#         32
  C:27DAH         LINE#         33
  C:27DDH         LINE#         34
  C:27E0H         LINE#         35
  C:27E3H         LINE#         36
  C:27E3H         LINE#         37
  C:27E3H         LINE#         40
  C:27E6H         LINE#         41
  C:27EFH         LINE#         42
  C:27F2H         LINE#         44
  C:27FBH         LINE#         45
  C:27FEH         LINE#         47
  -------         ENDPROC       MAIN
  -------         ENDMOD        MAIN

  -------         MODULE        USR
  C:0000H         SYMBOL        _ICE_DUMMY_
  X:00DEH         PUBLIC        alarm3_pm_flag
  X:00DFH         PUBLIC        second
  C:1021H         PUBLIC        _alarm_sleep_judge
  C:2219H         PUBLIC        voice_control
  X:00E0H         PUBLIC        back_TIME_Flag
BL51 BANKED LINKER/LOCATER V6.22                                                      07/10/2018  17:33:53  PAGE 20


  D:0090H         PUBLIC        P1
  D:00B0H         PUBLIC        P3
  X:00E1H         PUBLIC        ADC_Display
  X:00E2H         PUBLIC        alarm_voice_flag
  C:12DCH         PUBLIC        key_dislpay_up_down
  X:00E3H         PUBLIC        mode_select_flag
  X:00E4H         PUBLIC        DOWN_Long_Flag
  X:00E5H         PUBLIC        SET_Short_Flag_mon_day
  X:00E6H         PUBLIC        DOWN_Short_Flag
  X:00E7H         PUBLIC        mode_select
  X:00E8H         PUBLIC        ADC_ONE
  D:009DH         PUBLIC        PWM_CTRL
  D:00E8H         PUBLIC        IE_EX
  X:00E9H         PUBLIC        voice_back
  C:2892H         PUBLIC        alarm_hour_display
  D:00A8H         PUBLIC        IE
  C:166DH         PUBLIC        ADC_Convert
  X:00EAH         PUBLIC        blink_flag
  C:29AEH         PUBLIC        alarm_min_display
  X:00EBH         PUBLIC        SET_Short_Flag_hur_min
  X:00ECH         PUBLIC        voice_flag
  C:21A2H         PUBLIC        alarm_long_blink
  X:00EDH         PUBLIC        mode_select_first
  X:00EEH         PUBLIC        TEM2
  D:00B8H         PUBLIC        IP
  C:22AEH         PUBLIC        _FD612_DISPLAY_2DIG_input
  C:0C43H         PUBLIC        _alarm_set_display
  X:00F2H         PUBLIC        TEM4
  X:00F6H         PUBLIC        back_first
  C:1780H         PUBLIC        adc_switch
  X:00F7H         PUBLIC        hour_chage_state
  C:2645H         PUBLIC        key_12and24_switch
  C:1181H         PUBLIC        point_blink
  X:00F8H         PUBLIC        dislay_all_flag
  C:2692H         PUBLIC        _mday_long_up_down
  X:00F9H         PUBLIC        voice_fisrt
  B:00B0H.7       PUBLIC        UP
  D:00D8H         PUBLIC        USB_INT_FG
  B:00B0H.4       PUBLIC        buzzer
  C:23C0H         PUBLIC        _year_blink
  C:2543H         PUBLIC        _year_long_up_down
  C:2800H         PUBLIC        timeout_exit
  C:22F9H         PUBLIC        _all_blink
  X:00FAH         PUBLIC        long_flag
  C:1F9AH         PUBLIC        _hour_chage_input
  X:00FBH         PUBLIC        time
  C:141BH         PUBLIC        pm_12_24_alarm_display
  D:0098H         PUBLIC        SCON
  X:0102H         PUBLIC        ADC_Display1
  X:0103H         PUBLIC        flag_year_leap
  C:2125H         PUBLIC        _hour_long_up_down
  D:0088H         PUBLIC        TCON
  X:0104H         PUBLIC        ADC_TIME_Flag
  X:0105H         PUBLIC        dc_alarm
  X:0106H         PUBLIC        delaytime_back
  C:2925H         PUBLIC        after_arrive_write_1302
  C:2982H         PUBLIC        alarm_time_init
BL51 BANKED LINKER/LOCATER V6.22                                                      07/10/2018  17:33:53  PAGE 21


  B:0090H.7       PUBLIC        DOWN
  B:0080H.4       PUBLIC        ADC_START
  X:0107H         PUBLIC        long_add_flag
  C:1E7EH         PUBLIC        _min_long_up_down
  X:0108H         PUBLIC        dc_back
  D:00F8H         PUBLIC        SPI0_STAT
  C:2A02H         PUBLIC        _leep_year
  X:0109H         PUBLIC        SET_Long_Flag
  X:010AH         PUBLIC        temp_delay_time
  X:010BH         PUBLIC        SET_Short_Flag
  C:242CH         PUBLIC        mday_over_judge
  C:248AH         PUBLIC        _mon_long_up_down
  X:010CH         PUBLIC        dis
  X:0116H         PUBLIC        alarm1
  X:011BH         PUBLIC        alarm2
  X:0120H         PUBLIC        blink3_flag
  X:0121H         PUBLIC        time1_second
  X:0122H         PUBLIC        alarm3
  X:0127H         PUBLIC        display_flag_mon_day
  X:0128H         PUBLIC        delaytime
  C:2022H         PUBLIC        from_ds1302_read_time_data
  B:00B0H.2       PUBLIC        voice_key
  D:009FH         PUBLIC        ADC_DATA
  C:1C8CH         PUBLIC        _alarm_hour_up_down2
  C:09C1H         PUBLIC        key_statue
  X:012AH         PUBLIC        hour_12_24_flag
  D:0093H         PUBLIC        P1_DIR_PU
  X:012BH         PUBLIC        sd_select_first
  C:2A99H         PUBLIC        _key_off_alarm_clock
  C:20A7H         PUBLIC        _alarm_min_up_down2
  D:008CH         PUBLIC        TH0
  D:008DH         PUBLIC        TH1
  X:012CH         PUBLIC        display_flag_hur_min
  D:008AH         PUBLIC        TL0
  X:012DH         PUBLIC        SET_Short_Flag_year
  C:28F1H         PUBLIC        _alarm_24switch12
  C:2A50H         PUBLIC        _alarm_12switch24
  D:008BH         PUBLIC        TL1
  C:1DDEH         PUBLIC        _hour_over_judge
  X:012EH         PUBLIC        sd_flag
  X:012FH         PUBLIC        key_first
  B:0088H.4       PUBLIC        TR0
  X:0130H         PUBLIC        sd_mode_flag
  X:0131H         PUBLIC        SET_Short_Flag_alarm1_flag
  X:0132H         PUBLIC        time_ch
  C:1B0CH         PUBLIC        mon_over_judge
  C:2BB9H         PUBLIC        _decimal_bcd
  C:2A8BH         PUBLIC        _bcd_decimal
  C:1A3BH         PUBLIC        sd_mode
  D:0080H         PUBLIC        ADC_CTRL
  D:00C0H         PUBLIC        SCON1
  X:0140H         PUBLIC        TEM
  C:24EAH         PUBLIC        ui_mon_display
  D:00C8H         PUBLIC        T2CON
  X:0144H         PUBLIC        back_voice_Flag
  C:2954H         PUBLIC        alarm_display
  C:2B91H         PUBLIC        temper_display
BL51 BANKED LINKER/LOCATER V6.22                                                      07/10/2018  17:33:53  PAGE 22


  B:00B0H.3       PUBLIC        SET
  X:0145H         PUBLIC        delaytime_ADC
  X:0146H         PUBLIC        ch_alarm1
  X:014AH         PUBLIC        ch_alarm2
  X:014EH         PUBLIC        ch_alarm3
  X:0152H         PUBLIC        mon_day_delay_time
  X:0153H         PUBLIC        dc_ADC
  C:2BC5H         PUBLIC        key_first_into
  X:0154H         PUBLIC        UP_Long_Flag
  C:2BD6H         PUBLIC        action_remove
  B:0080H.0       PUBLIC        ADC_CHAN0
  X:0155H         PUBLIC        hor_min_delay_time
  X:0156H         PUBLIC        UP_Short_Flag
  X:0157H         PUBLIC        delaytime1
  C:1D34H         PUBLIC        InitDS1302
  B:0080H.1       PUBLIC        ADC_CHAN1
  C:2C2BH         PUBLIC        mTimer0Interrupt
  C:28BDH         PUBLIC        time0_setup
  C:187CH         PUBLIC        mTimer1Interrupt
  X:0159H         PUBLIC        flag_display
  X:015AH         PUBLIC        dc1
  C:2729H         PUBLIC        display_12_24_blink
  X:015CH         PUBLIC        dc2
  C:0665H         PUBLIC        display
  D:00D0H         PUBLIC        PSW
  X:015EH         PUBLIC        hour_pm_flag
  X:015FH         PUBLIC        alarm1_pm_flag
  X:0160H         PUBLIC        alarm_clock_flag
  X:0161H         PUBLIC        alarm2_pm_flag
  X:0162H         PUBLIC        up_down_flag
  C:238DH         PUBLIC        _FD612_display_4DIG_input
  -------         PROC          MTIMER0INTERRUPT
  C:2C2BH         LINE#         35
  C:2C2BH         LINE#         38
  C:2C2EH         LINE#         39
  C:2C31H         LINE#         40
  C:2C33H         LINE#         44
  -------         ENDPROC       MTIMER0INTERRUPT
  -------         PROC          MTIMER1INTERRUPT
  C:187CH         LINE#         46
  C:1887H         LINE#         48
  C:188AH         LINE#         49
  C:188DH         LINE#         50
  C:189BH         LINE#         51
  C:18AFH         LINE#         52
  C:18B5H         LINE#         53
  C:18BCH         LINE#         54
  C:18BCH         LINE#         55
  C:18CAH         LINE#         56
  C:18DEH         LINE#         57
  C:18DEH         LINE#         58
  C:18E4H         LINE#         59
  C:18EBH         LINE#         60
  C:18EBH         LINE#         61
  C:18F1H         LINE#         62
  C:18FDH         LINE#         63
  C:18FDH         LINE#         64
BL51 BANKED LINKER/LOCATER V6.22                                                      07/10/2018  17:33:53  PAGE 23


  C:1903H         LINE#         65
  C:1908H         LINE#         66
  C:1908H         LINE#         67
  C:190EH         LINE#         68
  C:191AH         LINE#         69
  C:191AH         LINE#         70
  C:1920H         LINE#         71
  C:1925H         LINE#         72
  C:1925H         LINE#         73
  C:192BH         LINE#         74
  C:192FH         LINE#         75
  C:192FH         LINE#         76
  C:1935H         LINE#         77
  C:193AH         LINE#         78
  C:193AH         LINE#         79
  C:1940H         LINE#         80
  C:194AH         LINE#         81
  C:194AH         LINE#         82
  C:1950H         LINE#         83
  C:1955H         LINE#         85
  C:1955H         LINE#         100
  -------         ENDPROC       MTIMER1INTERRUPT
  -------         PROC          L?0520
  -------         ENDPROC       L?0520
  -------         PROC          _BCD_DECIMAL
  D:0007H         SYMBOL        bcd
  C:2A8BH         LINE#         110
  C:2A8BH         LINE#         111
  C:2A8BH         LINE#         112
  C:2A98H         LINE#         113
  -------         ENDPROC       _BCD_DECIMAL
  C:2BB4H         SYMBOL        L?0528
  -------         PROC          L?0527
  -------         ENDPROC       L?0527
  C:2BB4H         SYMBOL        L?0528
  -------         PROC          _DECIMAL_BCD
  D:0007H         SYMBOL        decimal
  C:2BB9H         LINE#         122
  C:2BB9H         LINE#         123
  C:2BB9H         LINE#         124
  C:2BC4H         LINE#         125
  -------         ENDPROC       _DECIMAL_BCD
  -------         PROC          ALARM_TIME_INIT
  C:2982H         LINE#         137
  C:2982H         LINE#         138
  C:2982H         LINE#         139
  C:2988H         LINE#         140
  C:298BH         LINE#         141
  C:298DH         LINE#         142
  C:298FH         LINE#         143
  C:2991H         LINE#         144
  C:2995H         LINE#         145
  C:2998H         LINE#         146
  C:299AH         LINE#         147
  C:299CH         LINE#         148
  C:299EH         LINE#         149
  C:29A4H         LINE#         150
BL51 BANKED LINKER/LOCATER V6.22                                                      07/10/2018  17:33:53  PAGE 24


  C:29A7H         LINE#         151
  C:29A9H         LINE#         152
  C:29ABH         LINE#         153
  C:29ADH         LINE#         155
  -------         ENDPROC       ALARM_TIME_INIT
  -------         PROC          TIME0_SETUP
  C:28BDH         LINE#         157
  C:28BDH         LINE#         158
  C:28BDH         LINE#         159
  C:28C2H         LINE#         160
  C:28C7H         LINE#         161
  C:28D0H         LINE#         162
  C:28D5H         LINE#         163
  C:28DBH         LINE#         166
  C:28DFH         LINE#         175
  C:28E1H         LINE#         176
  C:28E7H         LINE#         177
  C:28E9H         LINE#         178
  C:28EBH         LINE#         180
  C:28F0H         LINE#         182
  -------         ENDPROC       TIME0_SETUP
  -------         PROC          KEY_STATUE
  C:09C1H         LINE#         184
  C:09C1H         LINE#         185
  C:09C1H         LINE#         186
  C:09C4H         LINE#         188
  C:09DFH         LINE#         190
  C:09E5H         LINE#         191
  C:09E5H         LINE#         192
  C:09E8H         LINE#         193
  C:09EEH         LINE#         194
  C:09EEH         LINE#         197
  C:09FAH         LINE#         198
  C:09FAH         LINE#         199
  C:09FDH         LINE#         200
  C:09FDH         LINE#         203
  C:0A04H         LINE#         204
  C:0A04H         LINE#         206
  C:0A0AH         LINE#         207
  C:0A0EH         LINE#         208
  C:0A1CH         LINE#         209
  C:0A33H         LINE#         210
  C:0A33H         LINE#         211
  C:0A33H         LINE#         212
  C:0A33H         LINE#         213
  C:0A36H         LINE#         214
  C:0A38H         LINE#         215
  C:0A38H         LINE#         216
  C:0A38H         LINE#         217
  C:0A38H         LINE#         218
  C:0A3BH         LINE#         220
  C:0A3EH         LINE#         221
  C:0A3EH         LINE#         222
  C:0A3EH         LINE#         223
  C:0A3EH         LINE#         224
  C:0A43H         LINE#         225
  C:0A45H         LINE#         226
BL51 BANKED LINKER/LOCATER V6.22                                                      07/10/2018  17:33:53  PAGE 25


  C:0A45H         LINE#         227
  C:0A45H         LINE#         228
  C:0A45H         LINE#         229
  C:0A51H         LINE#         230
  C:0A53H         LINE#         231
  C:0A53H         LINE#         232
  C:0A53H         LINE#         233
  C:0A53H         LINE#         234
  C:0A5FH         LINE#         235
  C:0A61H         LINE#         236
  C:0A61H         LINE#         237
  C:0A61H         LINE#         238
  C:0A61H         LINE#         239
  C:0A77H         LINE#         240
  C:0A7AH         LINE#         241
  C:0A7AH         LINE#         242
  C:0A7AH         LINE#         245
  C:0A7AH         LINE#         246
  C:0A7AH         LINE#         247
  C:0A7FH         LINE#         248
  C:0A82H         LINE#         249
  C:0A88H         LINE#         250
  C:0A88H         LINE#         251
  C:0A8DH         LINE#         252
  C:0A92H         LINE#         253
  C:0A92H         LINE#         254
  C:0A92H         LINE#         256
  C:0A95H         LINE#         257
  C:0A95H         LINE#         259
  C:0A98H         LINE#         260
  C:0A9BH         LINE#         261
  C:0A9BH         LINE#         263
  C:0AA2H         LINE#         264
  C:0AA2H         LINE#         265
  C:0AA5H         LINE#         266
  C:0AA5H         LINE#         267
  C:0AACH         LINE#         268
  C:0AADH         LINE#         270
  C:0AADH         LINE#         271
  C:0AADH         LINE#         272
  C:0AADH         LINE#         274
  C:0AADH         LINE#         275
  C:0AADH         LINE#         276
  C:0AADH         LINE#         277
  C:0AADH         LINE#         278
  C:0AADH         LINE#         279
  C:0AADH         LINE#         280
  C:0AADH         LINE#         281
  C:0AADH         LINE#         282
  C:0AADH         LINE#         284
  C:0AADH         LINE#         285
  C:0AADH         LINE#         288
  C:0AADH         LINE#         289
  C:0AADH         LINE#         292
  C:0AADH         LINE#         294
  C:0AADH         LINE#         297
  C:0AADH         LINE#         298
BL51 BANKED LINKER/LOCATER V6.22                                                      07/10/2018  17:33:53  PAGE 26


  C:0AADH         LINE#         302
  C:0AADH         LINE#         303
  C:0AADH         LINE#         306
  C:0AADH         LINE#         307
  C:0AADH         LINE#         311
  C:0AADH         LINE#         312
  C:0AADH         LINE#         315
  C:0AADH         LINE#         317
  C:0AADH         LINE#         318
  C:0AADH         LINE#         321
  C:0AADH         LINE#         322
  C:0AADH         LINE#         326
  C:0AADH         LINE#         327
  C:0AADH         LINE#         331
  C:0AADH         LINE#         332
  C:0AADH         LINE#         335
  C:0AADH         LINE#         336
  C:0AADH         LINE#         339
  C:0AADH         LINE#         340
  C:0AADH         LINE#         344
  C:0AADH         LINE#         345
  C:0AADH         LINE#         348
  C:0AADH         LINE#         349
  C:0AADH         LINE#         352
  C:0AADH         LINE#         353
  C:0AADH         LINE#         357
  C:0AADH         LINE#         358
  C:0AADH         LINE#         361
  C:0AADH         LINE#         362
  C:0AADH         LINE#         364
  C:0AADH         LINE#         367
  C:0AB2H         LINE#         368
  C:0AB6H         LINE#         369
  C:0AB9H         LINE#         370
  C:0ABFH         LINE#         371
  C:0ABFH         LINE#         372
  C:0AC4H         LINE#         373
  C:0AC9H         LINE#         374
  C:0AC9H         LINE#         375
  C:0AC9H         LINE#         378
  C:0ACFH         LINE#         379
  C:0ACFH         LINE#         381
  C:0AD2H         LINE#         382
  C:0AD8H         LINE#         383
  C:0AD8H         LINE#         385
  C:0ADFH         LINE#         386
  C:0ADFH         LINE#         387
  C:0AE2H         LINE#         388
  C:0AE2H         LINE#         389
  C:0AE9H         LINE#         390
  C:0AE9H         LINE#         391
  C:0AECH         LINE#         392
  C:0AF2H         LINE#         393
  C:0AF2H         LINE#         394
  C:0AF6H         LINE#         395
  C:0AFAH         LINE#         396
  C:0AFEH         LINE#         397
BL51 BANKED LINKER/LOCATER V6.22                                                      07/10/2018  17:33:53  PAGE 27


  C:0AFEH         LINE#         399
  C:0B04H         LINE#         401
  C:0B08H         LINE#         402
  C:0B0CH         LINE#         403
  C:0B17H         LINE#         404
  C:0B17H         LINE#         405
  C:0B34H         LINE#         406
  C:0B34H         LINE#         407
  C:0B34H         LINE#         408
  C:0B34H         LINE#         409
  C:0B3BH         LINE#         410
  C:0B3BH         LINE#         411
  C:0B40H         LINE#         412
  C:0B40H         LINE#         413
  C:0B4BH         LINE#         414
  C:0B4BH         LINE#         415
  C:0B50H         LINE#         416
  C:0B50H         LINE#         417
  C:0B53H         LINE#         418
  C:0B53H         LINE#         419
  C:0B53H         LINE#         420
  C:0B53H         LINE#         422
  C:0B59H         LINE#         423
  C:0B59H         LINE#         424
  C:0B5EH         LINE#         425
  C:0B5EH         LINE#         426
  C:0B66H         LINE#         427
  C:0B66H         LINE#         429
  C:0B6BH         LINE#         430
  C:0B6BH         LINE#         432
  C:0B6DH         LINE#         433
  C:0B6DH         LINE#         434
  C:0B6DH         LINE#         435
  C:0B6DH         LINE#         436
  C:0B73H         LINE#         437
  C:0B78H         LINE#         438
  C:0B7AH         LINE#         439
  C:0B7AH         LINE#         440
  C:0B7AH         LINE#         441
  C:0B7AH         LINE#         442
  C:0B80H         LINE#         443
  C:0B80H         LINE#         445
  C:0B87H         LINE#         447
  C:0B87H         LINE#         448
  C:0B8FH         LINE#         449
  C:0B8FH         LINE#         451
  C:0B95H         LINE#         452
  C:0B95H         LINE#         453
  C:0B97H         LINE#         454
  C:0B97H         LINE#         455
  C:0B97H         LINE#         456
  C:0B97H         LINE#         457
  C:0B9DH         LINE#         458
  C:0B9DH         LINE#         460
  C:0BA4H         LINE#         461
  C:0BA4H         LINE#         462
  C:0BACH         LINE#         463
BL51 BANKED LINKER/LOCATER V6.22                                                      07/10/2018  17:33:53  PAGE 28


  C:0BACH         LINE#         465
  C:0BB2H         LINE#         466
  C:0BB2H         LINE#         467
  C:0BB4H         LINE#         468
  C:0BB4H         LINE#         469
  C:0BB4H         LINE#         470
  C:0BB4H         LINE#         471
  C:0BBAH         LINE#         472
  C:0BBAH         LINE#         474
  C:0BC3H         LINE#         475
  C:0BC3H         LINE#         476
  C:0BCAH         LINE#         477
  C:0BCAH         LINE#         479
  C:0BD7H         LINE#         480
  C:0BD7H         LINE#         481
  C:0BD7H         LINE#         482
  C:0BD7H         LINE#         483
  C:0BD7H         LINE#         484
  C:0BD7H         LINE#         486
  C:0BD7H         LINE#         489
  C:0BD7H         LINE#         490
  C:0BEBH         LINE#         491
  C:0BEBH         LINE#         492
  C:0BF5H         LINE#         493
  C:0BFAH         LINE#         494
  C:0BFDH         LINE#         496
  C:0C02H         LINE#         497
  C:0C02H         LINE#         498
  C:0C02H         LINE#         500
  C:0C05H         LINE#         502
  C:0C0AH         LINE#         503
  C:0C0FH         LINE#         504
  C:0C14H         LINE#         505
  C:0C17H         LINE#         506
  C:0C1DH         LINE#         507
  C:0C1DH         LINE#         508
  C:0C22H         LINE#         509
  C:0C27H         LINE#         510
  C:0C27H         LINE#         511
  C:0C27H         LINE#         512
  C:0C27H         LINE#         513
  C:0C30H         LINE#         514
  C:0C39H         LINE#         515
  C:0C42H         LINE#         519
  -------         ENDPROC       KEY_STATUE
  -------         PROC          DISPLAY
  C:0665H         LINE#         520
  C:0665H         LINE#         521
  C:0665H         LINE#         523
  C:0668H         LINE#         524
  C:066BH         LINE#         525
  C:0671H         LINE#         526
  C:0671H         LINE#         527
  C:0677H         LINE#         528
  C:0677H         LINE#         529
  C:067DH         LINE#         530
  C:0682H         LINE#         531
BL51 BANKED LINKER/LOCATER V6.22                                                      07/10/2018  17:33:53  PAGE 29


  C:068BH         LINE#         532
  C:068BH         LINE#         533
  C:068DH         LINE#         535
  C:068DH         LINE#         536
  C:068DH         LINE#         538
  C:068DH         LINE#         540
  C:06B6H         LINE#         541
  C:06B6H         LINE#         542
  C:06B6H         LINE#         543
  C:06B6H         LINE#         545
  C:06BCH         LINE#         546
  C:06BCH         LINE#         547
  C:06BFH         LINE#         548
  C:06BFH         LINE#         549
  C:06C8H         LINE#         550
  C:06C8H         LINE#         551
  C:06CBH         LINE#         552
  C:06D0H         LINE#         553
  C:06D6H         LINE#         554
  C:06D6H         LINE#         555
  C:06DCH         LINE#         556
  C:06E1H         LINE#         557
  C:06EAH         LINE#         558
  C:06EAH         LINE#         559
  C:06ECH         LINE#         560
  C:06ECH         LINE#         561
  C:06ECH         LINE#         562
  C:0706H         LINE#         563
  C:0706H         LINE#         564
  C:0706H         LINE#         565
  C:0706H         LINE#         566
  C:0709H         LINE#         567
  C:0714H         LINE#         568
  C:0714H         LINE#         569
  C:0717H         LINE#         570
  C:071CH         LINE#         571
  C:071CH         LINE#         572
  C:071FH         LINE#         573
  C:071FH         LINE#         574
  C:071FH         LINE#         575
  C:071FH         LINE#         576
  C:074AH         LINE#         577
  C:0750H         LINE#         578
  C:0757H         LINE#         579
  C:0757H         LINE#         580
  C:075DH         LINE#         581
  C:0762H         LINE#         582
  C:0767H         LINE#         583
  C:0767H         LINE#         584
  C:0772H         LINE#         585
  C:0772H         LINE#         586
  C:0778H         LINE#         587
  C:077DH         LINE#         589
  C:0782H         LINE#         590
  C:0782H         LINE#         591
  C:0785H         LINE#         592
  C:0785H         LINE#         593
BL51 BANKED LINKER/LOCATER V6.22                                                      07/10/2018  17:33:53  PAGE 30


  C:0785H         LINE#         594
  C:0785H         LINE#         595
  C:078CH         LINE#         596
  C:0792H         LINE#         597
  C:079EH         LINE#         598
  C:07A5H         LINE#         599
  C:07A5H         LINE#         600
  C:07ABH         LINE#         601
  C:07B1H         LINE#         602
  C:07B1H         LINE#         603
  C:07B3H         LINE#         604
  C:07B3H         LINE#         605
  C:07B8H         LINE#         607
  C:07BEH         LINE#         609
  C:07BEH         LINE#         610
  C:07C5H         LINE#         611
  C:07C5H         LINE#         612
  C:07CBH         LINE#         613
  C:07D1H         LINE#         614
  C:07D1H         LINE#         615
  C:07D5H         LINE#         616
  C:07D5H         LINE#         617
  C:07DAH         LINE#         618
  C:07E0H         LINE#         621
  C:07E0H         LINE#         622
  C:07EBH         LINE#         623
  C:07F0H         LINE#         624
  C:07F2H         LINE#         625
  C:07F2H         LINE#         626
  C:07F2H         LINE#         627
  C:07F2H         LINE#         628
  C:07F8H         LINE#         629
  C:07FDH         LINE#         630
  C:0801H         LINE#         631
  C:0806H         LINE#         632
  C:0806H         LINE#         633
  C:0806H         LINE#         634
  C:0806H         LINE#         636
  C:0809H         LINE#         638
  C:0809H         LINE#         639
  C:0809H         LINE#         640
  C:080CH         LINE#         641
  C:080CH         LINE#         643
  C:080CH         LINE#         644
  C:080CH         LINE#         645
  C:0812H         LINE#         646
  C:0812H         LINE#         647
  C:0815H         LINE#         648
  C:0818H         LINE#         650
  C:0818H         LINE#         651
  C:0821H         LINE#         652
  C:0821H         LINE#         653
  C:0824H         LINE#         654
  C:0829H         LINE#         656
  C:082FH         LINE#         657
  C:082FH         LINE#         658
  C:0835H         LINE#         659
BL51 BANKED LINKER/LOCATER V6.22                                                      07/10/2018  17:33:53  PAGE 31


  C:083AH         LINE#         660
  C:0843H         LINE#         661
  C:0843H         LINE#         662
  C:0845H         LINE#         663
  C:0845H         LINE#         664
  C:0845H         LINE#         665
  C:0859H         LINE#         666
  C:0859H         LINE#         667
  C:0859H         LINE#         668
  C:0859H         LINE#         670
  C:085CH         LINE#         673
  C:085FH         LINE#         674
  C:0868H         LINE#         675
  C:0868H         LINE#         676
  C:0868H         LINE#         678
  C:086BH         LINE#         679
  C:0870H         LINE#         680
  C:0870H         LINE#         681
  C:0879H         LINE#         682
  C:0879H         LINE#         683
  C:087FH         LINE#         684
  C:0882H         LINE#         686
  C:0887H         LINE#         687
  C:0887H         LINE#         688
  C:088DH         LINE#         689
  C:088FH         LINE#         690
  C:0892H         LINE#         691
  C:0892H         LINE#         692
  C:0892H         LINE#         693
  C:0892H         LINE#         694
  C:0895H         LINE#         695
  C:089BH         LINE#         696
  C:089BH         LINE#         697
  C:08A1H         LINE#         698
  C:08A1H         LINE#         699
  C:08A3H         LINE#         700
  C:08A6H         LINE#         701
  C:08A8H         LINE#         703
  C:08A8H         LINE#         704
  C:08AEH         LINE#         705
  C:08B6H         LINE#         706
  C:08B6H         LINE#         707
  C:08BBH         LINE#         708
  C:08BBH         LINE#         709
  C:08C2H         LINE#         710
  C:08C2H         LINE#         711
  C:08C2H         LINE#         712
  C:08C5H         LINE#         713
  C:08CAH         LINE#         714
  C:08CAH         LINE#         715
  C:08D1H         LINE#         716
  C:08D1H         LINE#         717
  C:08D7H         LINE#         718
  C:08DAH         LINE#         719
  C:08DFH         LINE#         720
  C:08DFH         LINE#         721
  C:08EAH         LINE#         723
BL51 BANKED LINKER/LOCATER V6.22                                                      07/10/2018  17:33:53  PAGE 32


  C:08EFH         LINE#         724
  C:08F1H         LINE#         725
  C:08F1H         LINE#         726
  C:08F1H         LINE#         727
  C:08F1H         LINE#         728
  C:08F7H         LINE#         729
  C:08FCH         LINE#         730
  C:0900H         LINE#         731
  C:0905H         LINE#         732
  C:0905H         LINE#         733
  C:0905H         LINE#         734
  C:0905H         LINE#         736
  C:0908H         LINE#         737
  C:0908H         LINE#         738
  C:090EH         LINE#         739
  C:090EH         LINE#         740
  C:0911H         LINE#         741
  C:0911H         LINE#         743
  C:0911H         LINE#         744
  C:0914H         LINE#         745
  C:0914H         LINE#         746
  C:0914H         LINE#         747
  C:0914H         LINE#         748
  C:091CH         LINE#         749
  C:091CH         LINE#         750
  C:091FH         LINE#         751
  C:0924H         LINE#         752
  C:092AH         LINE#         753
  C:092AH         LINE#         754
  C:0930H         LINE#         755
  C:0935H         LINE#         756
  C:093EH         LINE#         757
  C:093EH         LINE#         758
  C:0940H         LINE#         759
  C:0940H         LINE#         760
  C:0940H         LINE#         761
  C:094AH         LINE#         762
  C:094AH         LINE#         763
  C:094AH         LINE#         764
  C:094AH         LINE#         765
  C:0951H         LINE#         766
  C:0951H         LINE#         767
  C:0957H         LINE#         768
  C:095FH         LINE#         769
  C:0964H         LINE#         770
  C:0964H         LINE#         771
  C:096BH         LINE#         772
  C:096BH         LINE#         773
  C:0971H         LINE#         774
  C:0976H         LINE#         775
  C:0976H         LINE#         776
  C:0978H         LINE#         777
  C:0978H         LINE#         778
  C:0978H         LINE#         779
  C:0978H         LINE#         780
  C:097DH         LINE#         781
  C:0981H         LINE#         782
BL51 BANKED LINKER/LOCATER V6.22                                                      07/10/2018  17:33:53  PAGE 33


  C:0986H         LINE#         784
  C:0986H         LINE#         786
  C:0986H         LINE#         787
  C:0986H         LINE#         788
  C:0991H         LINE#         789
  C:0996H         LINE#         790
  C:0996H         LINE#         791
  C:0998H         LINE#         793
  C:0998H         LINE#         794
  C:099BH         LINE#         795
  C:099EH         LINE#         796
  C:099EH         LINE#         797
  C:09A1H         LINE#         798
  C:09A1H         LINE#         800
  C:09A1H         LINE#         801
  C:09A1H         LINE#         802
  C:09A1H         LINE#         804
  C:09A9H         LINE#         805
  C:09ABH         LINE#         806
  C:09ABH         LINE#         807
  C:09ABH         LINE#         808
  C:09ABH         LINE#         810
  C:09B3H         LINE#         811
  C:09B5H         LINE#         812
  C:09B5H         LINE#         813
  C:09B5H         LINE#         814
  C:09B5H         LINE#         816
  C:09C0H         LINE#         817
  C:09C0H         LINE#         818
  C:09C0H         LINE#         821
  C:09C0H         LINE#         822
  C:09C0H         LINE#         823
  C:09C0H         LINE#         824
  -------         ENDPROC       DISPLAY
  -------         PROC          ADC_CONVERT
  -------         DO            
  X:0163H         SYMBOL        VCC
  X:0167H         SYMBOL        ADC_VALUE
  X:016BH         SYMBOL        B_value
  -------         ENDDO         
  C:166DH         LINE#         831
  C:166DH         LINE#         832
  C:166DH         LINE#         833
  C:1677H         LINE#         837
  C:1681H         LINE#         839
  C:1683H         LINE#         840
  C:1685H         LINE#         841
  C:1688H         LINE#         842
  C:168AH         LINE#         843
  C:168DH         LINE#         844
  C:16B4H         LINE#         846
  C:1739H         LINE#         848
  C:1761H         LINE#         849
  -------         ENDPROC       ADC_CONVERT
  -------         PROC          _ALARM_SLEEP_JUDGE
  D:0001H         SYMBOL        alarm
  -------         DO            
BL51 BANKED LINKER/LOCATER V6.22                                                      07/10/2018  17:33:53  PAGE 34


  X:0163H         SYMBOL        alarm_value1
  X:0164H         SYMBOL        alarm_value2
  X:0165H         SYMBOL        alarm_value3
  D:0007H         SYMBOL        alarm_value4
  D:0006H         SYMBOL        alarm_value5
  -------         ENDDO         
  C:1021H         LINE#         1147
  C:1021H         LINE#         1148
  C:1021H         LINE#         1150
[...]
  C:2416H         LINE#         2684
  C:2420H         LINE#         2685
  C:2420H         LINE#         2686
  C:2425H         LINE#         2687
  C:2425H         LINE#         2688
  -------         ENDPROC       _YEAR_BLINK
  -------         PROC          FROM_DS1302_READ_TIME_DATA
  C:2022H         LINE#         2691
  C:2022H         LINE#         2692
  C:2022H         LINE#         2694
  C:2025H         LINE#         2695
  C:202AH         LINE#         2696
  C:2032H         LINE#         2697
  C:203AH         LINE#         2698
  C:2042H         LINE#         2699
BL51 BANKED LINKER/LOCATER V6.22                                                      07/10/2018  17:33:53  PAGE 49


  C:204AH         LINE#         2700
  C:2052H         LINE#         2701
  C:205AH         LINE#         2702
  C:2062H         LINE#         2703
  C:2065H         LINE#         2704
  C:206DH         LINE#         2705
  C:206DH         LINE#         2706
  C:2078H         LINE#         2707
  C:2078H         LINE#         2708
  C:207EH         LINE#         2709
  C:2080H         LINE#         2711
  C:2080H         LINE#         2712
  C:2085H         LINE#         2713
  C:2085H         LINE#         2714
  C:208FH         LINE#         2715
  C:2096H         LINE#         2717
  C:2096H         LINE#         2718
  C:209EH         LINE#         2719
  C:209EH         LINE#         2720
  C:209EH         LINE#         2721
  C:20A1H         LINE#         2722
  C:20A1H         LINE#         2723
  C:20A1H         LINE#         2724
  C:20A6H         LINE#         2725
  -------         ENDPROC       FROM_DS1302_READ_TIME_DATA
  -------         PROC          INITDS1302
  -------         DO            
  X:0164H         SYMBOL        year
  X:0165H         SYMBOL        month
  X:0166H         SYMBOL        mday
  X:0167H         SYMBOL        week
  X:0168H         SYMBOL        hour
  X:0169H         SYMBOL        minute
  X:016AH         SYMBOL        second
  -------         ENDDO         
  C:1D34H         LINE#         2728
  C:1D34H         LINE#         2729
  C:1D34H         LINE#         2731
  C:1D3EH         LINE#         2732
  C:1D46H         LINE#         2733
  C:1D4EH         LINE#         2734
  C:1D56H         LINE#         2735
  C:1D5EH         LINE#         2736
  C:1D66H         LINE#         2737
  C:1D6EH         LINE#         2739
  C:1D75H         LINE#         2740
  C:1D78H         LINE#         2741
  C:1D7EH         LINE#         2742
  C:1D83H         LINE#         2743
  C:1D86H         LINE#         2748
  C:1D89H         LINE#         2749
  C:1D8EH         LINE#         2750
  C:1D93H         LINE#         2752
  C:1D96H         LINE#         2753
  C:1D9BH         LINE#         2755
  C:1DA3H         LINE#         2756
  C:1DABH         LINE#         2757
BL51 BANKED LINKER/LOCATER V6.22                                                      07/10/2018  17:33:53  PAGE 50


  C:1DB3H         LINE#         2758
  C:1DBBH         LINE#         2759
  C:1DC3H         LINE#         2760
  C:1DCBH         LINE#         2761
  C:1DD3H         LINE#         2762
  C:1DD8H         LINE#         2763
  C:1DDBH         LINE#         2764
  -------         ENDPROC       INITDS1302
  -------         PROC          POINT_BLINK
  C:1181H         LINE#         2773
  C:1181H         LINE#         2774
  C:1181H         LINE#         2778
  C:118AH         LINE#         2779
  C:118AH         LINE#         2781
  C:1193H         LINE#         2782
  C:1193H         LINE#         2783
  C:1195H         LINE#         2784
  C:11ADH         LINE#         2785
  C:11C7H         LINE#         2786
  C:11DFH         LINE#         2787
  C:11F9H         LINE#         2788
  C:1200H         LINE#         2789
  C:120AH         LINE#         2790
  C:120AH         LINE#         2791
  C:120EH         LINE#         2792
  C:1210H         LINE#         2794
  C:1210H         LINE#         2795
  C:1214H         LINE#         2796
  C:1214H         LINE#         2797
  C:1226H         LINE#         2798
  C:1226H         LINE#         2799
  C:1226H         LINE#         2800
  C:1229H         LINE#         2802
  C:1229H         LINE#         2803
  C:1229H         LINE#         2804
  C:1229H         LINE#         2806
  C:122CH         LINE#         2808
  C:122CH         LINE#         2809
  C:1232H         LINE#         2810
  C:124AH         LINE#         2811
  C:1264H         LINE#         2812
  C:127CH         LINE#         2813
  C:1296H         LINE#         2814
  C:129DH         LINE#         2815
  C:12A7H         LINE#         2816
  C:12A7H         LINE#         2817
  C:12ABH         LINE#         2818
  C:12ADH         LINE#         2820
  C:12ADH         LINE#         2821
  C:12B1H         LINE#         2822
  C:12B1H         LINE#         2823
  C:12C3H         LINE#         2824
  C:12C3H         LINE#         2825
  C:12CAH         LINE#         2826
  C:12CCH         LINE#         2828
  C:12CCH         LINE#         2829
  C:12D3H         LINE#         2830
BL51 BANKED LINKER/LOCATER V6.22                                                      07/10/2018  17:33:53  PAGE 51


  C:12D3H         LINE#         2831
  C:12D3H         LINE#         2832
  C:12D6H         LINE#         2833
  C:12DBH         LINE#         2835
  C:12DBH         LINE#         2836
  -------         ENDPROC       POINT_BLINK
  -------         PROC          ADC_SWITCH
  C:1780H         LINE#         2838
  C:1780H         LINE#         2839
  C:1780H         LINE#         2840
  C:178DH         LINE#         2841
  C:178DH         LINE#         2843
  C:178DH         LINE#         2844
  C:178DH         LINE#         2846
  C:17B3H         LINE#         2847
  C:17DBH         LINE#         2848
  C:17E2H         LINE#         2849
  C:17E9H         LINE#         2850
  C:17ECH         LINE#         2851
  C:17F1H         LINE#         2852
  C:17F2H         LINE#         2853
  C:17F2H         LINE#         2856
  C:17F2H         LINE#         2857
  C:17F2H         LINE#         2860
  C:1818H         LINE#         2861
  C:1844H         LINE#         2862
  C:1872H         LINE#         2863
  C:1875H         LINE#         2864
  C:187BH         LINE#         2865
  C:187BH         LINE#         2866
  C:187BH         LINE#         2867
  C:187BH         LINE#         2868
  C:187BH         LINE#         2869
  C:187BH         LINE#         2870
  -------         ENDPROC       ADC_SWITCH
  -------         PROC          TIMEOUT_EXIT
  C:2800H         LINE#         2872
  C:2800H         LINE#         2873
  C:2800H         LINE#         2874
  C:2806H         LINE#         2875
  C:2806H         LINE#         2876
  C:280BH         LINE#         2877
  C:280FH         LINE#         2878
  C:280FH         LINE#         2879
  C:2816H         LINE#         2880
  C:2816H         LINE#         2881
  C:281CH         LINE#         2882
  C:2820H         LINE#         2883
  C:2825H         LINE#         2884
  C:2829H         LINE#         2885
  C:282DH         LINE#         2886
  C:2831H         LINE#         2887
  C:2835H         LINE#         2888
  C:283AH         LINE#         2889
  C:283EH         LINE#         2890
  C:2843H         LINE#         2894
  C:2843H         LINE#         2897
BL51 BANKED LINKER/LOCATER V6.22                                                      07/10/2018  17:33:53  PAGE 52


  -------         ENDPROC       TIMEOUT_EXIT
  -------         PROC          UI_MON_DISPLAY
  C:24EAH         LINE#         2899
  C:24EAH         LINE#         2900
  C:24EAH         LINE#         2901
  C:24F3H         LINE#         2902
  C:24F3H         LINE#         2903
  C:24FAH         LINE#         2904
  C:2514H         LINE#         2905
  C:2517H         LINE#         2906
  C:2517H         LINE#         2908
  C:2542H         LINE#         2909
  -------         ENDPROC       UI_MON_DISPLAY
  -------         PROC          _LEEP_YEAR
  D:0002H         SYMBOL        year
  C:2A02H         LINE#         2911
  C:2A06H         LINE#         2912
  C:2A06H         LINE#         2913
  C:2A24H         LINE#         2914
  C:2A27H         LINE#         2916
  C:2A29H         LINE#         2917
  -------         ENDPROC       _LEEP_YEAR
  -------         PROC          L?0531
  -------         ENDPROC       L?0531
  -------         PROC          MON_OVER_JUDGE
  -------         DO            
  D:0004H         SYMBOL        year1
  -------         ENDDO         
  C:1B0CH         LINE#         2919
  C:1B0CH         LINE#         2920
  C:1B0CH         LINE#         2922
  C:1B1AH         LINE#         2923
  C:1B22H         LINE#         2926
  C:1B48H         LINE#         2927
  C:1B48H         LINE#         2928
  C:1B52H         LINE#         2929
  C:1B5BH         LINE#         2931
  C:1B5BH         LINE#         2932
  C:1B72H         LINE#         2933
  C:1B72H         LINE#         2934
  C:1B7CH         LINE#         2935
  C:1B85H         LINE#         2936
  C:1B85H         LINE#         2938
  C:1B8DH         LINE#         2939
  C:1B8DH         LINE#         2940
  C:1B9EH         LINE#         2941
  C:1BAAH         LINE#         2942
  C:1BBAH         LINE#         2943
  C:1BC9H         LINE#         2944
  C:1BC9H         LINE#         2945
  -------         ENDPROC       MON_OVER_JUDGE
  -------         PROC          L?0532
  -------         ENDPROC       L?0532
  -------         PROC          MDAY_OVER_JUDGE
  C:242CH         LINE#         2947
  C:242CH         LINE#         2948
  C:242CH         LINE#         2949
BL51 BANKED LINKER/LOCATER V6.22                                                      07/10/2018  17:33:53  PAGE 53


  C:2438H         LINE#         2950
  C:2441H         LINE#         2951
  C:2458H         LINE#         2952
  C:246DH         LINE#         2953
  C:2474H         LINE#         2954
  C:2489H         LINE#         2955
  -------         ENDPROC       MDAY_OVER_JUDGE
  -------         PROC          KEY_12AND24_SWITCH
  C:2645H         LINE#         2978
  C:2645H         LINE#         2979
  C:2645H         LINE#         2980
  C:264BH         LINE#         2981
  C:264BH         LINE#         2982
  C:264DH         LINE#         2983
  C:2651H         LINE#         2984
  C:265AH         LINE#         2985
  C:2663H         LINE#         2986
  C:266CH         LINE#         3016
  C:266CH         LINE#         3019
  C:266CH         LINE#         3020
  C:2672H         LINE#         3021
  C:2676H         LINE#         3022
  C:267FH         LINE#         3023
  C:2688H         LINE#         3024
  C:2691H         LINE#         3048
  C:2691H         LINE#         3049
  -------         ENDPROC       KEY_12AND24_SWITCH
  -------         PROC          KEY_FIRST_INTO
  C:2BC5H         LINE#         3051
  C:2BC5H         LINE#         3052
  C:2BC5H         LINE#         3053
  C:2BCBH         LINE#         3054
  C:2BCBH         LINE#         3055
  C:2BCDH         LINE#         3056
  C:2BD1H         LINE#         3057
  C:2BD5H         LINE#         3058
  C:2BD5H         LINE#         3059
  -------         ENDPROC       KEY_FIRST_INTO
  C:22F3H         SYMBOL        L?0525
  C:22F4H         SYMBOL        L?0526
  -------         PROC          L?0524
  -------         ENDPROC       L?0524
  C:22F3H         SYMBOL        L?0525
  C:22F4H         SYMBOL        L?0526
  -------         PROC          _ALL_BLINK
  X:0167H         SYMBOL        blink_set
  X:0168H         SYMBOL        ui_set
  X:0169H         SYMBOL        value
  C:22F9H         LINE#         3106
  C:2304H         LINE#         3107
  C:2304H         LINE#         3108
  C:230AH         LINE#         3109
  C:230AH         LINE#         3110
  C:2310H         LINE#         3111
  C:2310H         LINE#         3112
  C:2312H         LINE#         3114
  C:2312H         LINE#         3116
BL51 BANKED LINKER/LOCATER V6.22                                                      07/10/2018  17:33:53  PAGE 54


  C:2314H         LINE#         3118
  C:2314H         LINE#         3119
  C:231AH         LINE#         3120
  C:2320H         LINE#         3121
  C:2328H         LINE#         3123
  C:2354H         LINE#         3125
  C:2354H         LINE#         3126
  C:2359H         LINE#         3127
  C:2359H         LINE#         3128
  -------         ENDPROC       _ALL_BLINK
  -------         PROC          _HOUR_OVER_JUDGE
  X:0164H         SYMBOL        add_redue_flag
  C:1DDEH         LINE#         3129
  C:1DE3H         LINE#         3130
  C:1DE3H         LINE#         3131
  C:1DE9H         LINE#         3132
  C:1DE9H         LINE#         3134
  C:1DF3H         LINE#         3135
  C:1DF3H         LINE#         3136
  C:1DF3H         LINE#         3137
  C:1DF3H         LINE#         3138
  C:1DFDH         LINE#         3139
  C:1E09H         LINE#         3140
  C:1E0BH         LINE#         3141
  C:1E0BH         LINE#         3142
  C:1E0BH         LINE#         3143
  C:1E0BH         LINE#         3144
  C:1E15H         LINE#         3145
  C:1E1EH         LINE#         3146
  C:1E20H         LINE#         3147
  C:1E20H         LINE#         3148
  C:1E20H         LINE#         3149
  C:1E20H         LINE#         3151
  C:1E20H         LINE#         3152
  C:1E2AH         LINE#         3153
  C:1E2AH         LINE#         3154
  C:1E2AH         LINE#         3155
  C:1E2AH         LINE#         3156
  C:1E35H         LINE#         3157
  C:1E37H         LINE#         3158
  C:1E37H         LINE#         3159
  C:1E37H         LINE#         3160
  C:1E37H         LINE#         3161
  C:1E41H         LINE#         3162
  C:1E41H         LINE#         3163
  C:1E41H         LINE#         3164
  C:1E41H         LINE#         3166
  C:1E41H         LINE#         3168
  C:1E4BH         LINE#         3169
  C:1E51H         LINE#         3170
  C:1E51H         LINE#         3171
  C:1E58H         LINE#         3172
  C:1E67H         LINE#         3173
  C:1E6BH         LINE#         3174
  C:1E6DH         LINE#         3175
  C:1E74H         LINE#         3176
  -------         ENDPROC       _HOUR_OVER_JUDGE
BL51 BANKED LINKER/LOCATER V6.22                                                      07/10/2018  17:33:53  PAGE 55


  -------         PROC          _KEY_OFF_ALARM_CLOCK
  D:0001H         SYMBOL        alarm
  C:2A99H         LINE#         3180
  C:2A99H         LINE#         3181
  C:2A99H         LINE#         3182
  C:2AA2H         LINE#         3183
  C:2AA2H         LINE#         3184
  C:2AABH         LINE#         3185
  C:2AABH         LINE#         3186
  C:2AB2H         LINE#         3187
  C:2AB5H         LINE#         3188
  C:2ABAH         LINE#         3189
  C:2ABAH         LINE#         3190
  C:2ABAH         LINE#         3191
  -------         ENDPROC       _KEY_OFF_ALARM_CLOCK
  -------         PROC          ACTION_REMOVE
  C:2BD6H         LINE#         3193
  C:2BD6H         LINE#         3194
  C:2BD6H         LINE#         3195
  C:2BDCH         LINE#         3196
  C:2BDCH         LINE#         3197
  C:2BE5H         LINE#         3198
  C:2BE5H         LINE#         3199
  -------         ENDPROC       ACTION_REMOVE
  -------         PROC          _ALARM_12SWITCH24
  D:0001H         SYMBOL        alarm
  C:2A50H         LINE#         3202
  C:2A50H         LINE#         3203
  C:2A50H         LINE#         3204
  C:2A58H         LINE#         3205
  C:2A58H         LINE#         3206
  C:2A64H         LINE#         3207
  C:2A6BH         LINE#         3208
  C:2A6BH         LINE#         3209
  C:2A75H         LINE#         3210
  -------         ENDPROC       _ALARM_12SWITCH24
  -------         PROC          _ALARM_24SWITCH12
  D:0001H         SYMBOL        alarm
  C:28F1H         LINE#         3212
  C:28F1H         LINE#         3213
  C:28F1H         LINE#         3214
  C:28F9H         LINE#         3215
  C:28F9H         LINE#         3216
  C:28FEH         LINE#         3217
  C:2906H         LINE#         3218
  C:2906H         LINE#         3219
  C:2915H         LINE#         3220
  C:2924H         LINE#         3221
  -------         ENDPROC       _ALARM_24SWITCH12
  -------         ENDMOD        USR

  -------         MODULE        ?C?FPADD
  C:0025H         PUBLIC        ?C?FPADD
  C:0021H         PUBLIC        ?C?FPSUB
  -------         ENDMOD        ?C?FPADD

  -------         MODULE        ?C?FPMUL
BL51 BANKED LINKER/LOCATER V6.22                                                      07/10/2018  17:33:53  PAGE 56


  C:0116H         PUBLIC        ?C?FPMUL
  -------         ENDMOD        ?C?FPMUL

  -------         MODULE        ?C?FPDIV
  C:021FH         PUBLIC        ?C?FPDIV
  -------         ENDMOD        ?C?FPDIV

  -------         MODULE        ?C?FCAST
  C:02C6H         PUBLIC        ?C?FCASTC
  C:02C1H         PUBLIC        ?C?FCASTI
  C:02BCH         PUBLIC        ?C?FCASTL
  -------         ENDMOD        ?C?FCAST

  -------         MODULE        ?C?CASTF
  C:02FAH         PUBLIC        ?C?CASTF
  -------         ENDMOD        ?C?CASTF

  -------         MODULE        LOG
  C:1578H         PUBLIC        _LOG
  C:1574H         PUBLIC        _LOG10
  -------         ENDMOD        LOG

  -------         MODULE        ?C?COPY
  C:0498H         PUBLIC        ?C?COPY
  -------         ENDMOD        ?C?COPY

  -------         MODULE        ?C?CLDPTR
  C:04BEH         PUBLIC        ?C?CLDPTR
  -------         ENDMOD        ?C?CLDPTR

  -------         MODULE        ?C?CLDOPTR
  C:04D7H         PUBLIC        ?C?CLDOPTR
  -------         ENDMOD        ?C?CLDOPTR

  -------         MODULE        ?C?CILDPTR
  C:0504H         PUBLIC        ?C?CILDPTR
  -------         ENDMOD        ?C?CILDPTR

  -------         MODULE        ?C?CILDOPTR
  C:0526H         PUBLIC        ?C?CILDOPTR
  -------         ENDMOD        ?C?CILDOPTR

  -------         MODULE        ?C?CSTPTR
  C:0559H         PUBLIC        ?C?CSTPTR
  -------         ENDMOD        ?C?CSTPTR

  -------         MODULE        ?C?CSTOPTR
  C:056BH         PUBLIC        ?C?CSTOPTR
  -------         ENDMOD        ?C?CSTOPTR

  -------         MODULE        ?C?UIDIV
  C:058DH         PUBLIC        ?C?UIDIV
  -------         ENDMOD        ?C?UIDIV

  -------         MODULE        ?C?LNEG
  C:05E2H         PUBLIC        ?C?LNEG
  -------         ENDMOD        ?C?LNEG
BL51 BANKED LINKER/LOCATER V6.22                                                      07/10/2018  17:33:53  PAGE 57



  -------         MODULE        ?C?LLDCODE
  C:05F0H         PUBLIC        ?C?LLDCODE
  -------         ENDMOD        ?C?LLDCODE

  -------         MODULE        ?C?LLDXDATA0
  C:0600H         PUBLIC        ?C?LLDXDATA0
  -------         ENDMOD        ?C?LLDXDATA0

  -------         MODULE        ?C?LLDCODE0
  C:060CH         PUBLIC        ?C?LLDCODE0
  -------         ENDMOD        ?C?LLDCODE0

  -------         MODULE        ?C?LSTXDATA
  C:061CH         PUBLIC        ?C?LSTXDATA
  -------         ENDMOD        ?C?LSTXDATA

  -------         MODULE        ?C?LSTKXDATA
  C:0628H         PUBLIC        ?C?LSTKXDATA
  -------         ENDMOD        ?C?LSTKXDATA

  -------         MODULE        ?C?OFFXADD
  C:0659H         PUBLIC        ?C?OFFXADD
  -------         ENDMOD        ?C?OFFXADD

Program Size: data=17.1 xdata=369 code=11321
LINK/LOCATE RUN COMPLETE.  0 WARNING(S),  0 ERROR(S)
